Archive member included to satisfy reference by file (symbol)

C:/devkitPro/libctru/lib\libctru.a(console.o)
                              main.o (consoleInit)
C:/devkitPro/libctru/lib\libctru.a(gfx.o)
                              C:/devkitPro/libctru/lib\libctru.a(console.o) (gfxIsWide)
C:/devkitPro/libctru/lib\libctru.a(ac.o)
                              main.o (acInit)
C:/devkitPro/libctru/lib\libctru.a(apt.o)
                              main.o (aptMainLoop)
C:/devkitPro/libctru/lib\libctru.a(gspgpu.o)
                              C:/devkitPro/libctru/lib\libctru.a(gfx.o) (gspInit)
C:/devkitPro/libctru/lib\libctru.a(hid.o)
                              main.o (hidScanInput)
C:/devkitPro/libctru/lib\libctru.a(irrst.o)
                              C:/devkitPro/libctru/lib\libctru.a(hid.o) (irrstInit)
C:/devkitPro/libctru/lib\libctru.a(soc_closesocket.o)
                              main.o (closesocket)
C:/devkitPro/libctru/lib\libctru.a(soc_inet_pton.o)
                              main.o (inet_pton)
C:/devkitPro/libctru/lib\libctru.a(soc_init.o)
                              main.o (socInit)
C:/devkitPro/libctru/lib\libctru.a(soc_recvfrom.o)
                              C:/devkitPro/libctru/lib\libctru.a(soc_init.o) (soc_recvfrom)
C:/devkitPro/libctru/lib\libctru.a(soc_sendto.o)
                              C:/devkitPro/libctru/lib\libctru.a(soc_init.o) (soc_sendto)
C:/devkitPro/libctru/lib\libctru.a(soc_socket.o)
                              main.o (socket)
C:/devkitPro/libctru/lib\libctru.a(ctru_init.o)
                              C:/devkitPro/libctru/lib\libctru.a(apt.o) (__system_retAddr)
C:/devkitPro/libctru/lib\libctru.a(initArgv.o)
                              C:/devkitPro/libctru/lib\libctru.a(ctru_init.o) (__system_initArgv)
C:/devkitPro/libctru/lib\libctru.a(syscalls.o)
                              C:/devkitPro/libctru/lib\libctru.a(ctru_init.o) (__system_initSyscalls)
C:/devkitPro/libctru/lib\libctru.a(svc.o)
                              C:/devkitPro/libctru/lib\libctru.a(apt.o) (svcSleepThread)
C:/devkitPro/libctru/lib\libctru.a(stack_adjust.o)
                              C:/devkitPro/devkitARM/bin/../lib/gcc/arm-none-eabi/15.2.0/../../../../arm-none-eabi/lib/armv6k/fpu/3dsx_crt0.o (initSystem)
C:/devkitPro/libctru/lib\libctru.a(default_font.bin.o)
                              C:/devkitPro/libctru/lib\libctru.a(console.o) (default_font_bin)
C:/devkitPro/libctru/lib\libctru.a(linear.o)
                              C:/devkitPro/libctru/lib\libctru.a(gfx.o) (linearAlloc)
C:/devkitPro/libctru/lib\libctru.a(mem_pool.o)
                              C:/devkitPro/libctru/lib\libctru.a(linear.o) (_ZN7MemPool8AllocateER8MemChunkmi)
C:/devkitPro/libctru/lib\libctru.a(vram.o)
                              C:/devkitPro/libctru/lib\libctru.a(gfx.o) (vramAlloc)
C:/devkitPro/libctru/lib\libctru.a(3dslink.o)
                              C:/devkitPro/libctru/lib\libctru.a(initArgv.o) (__3dslink_host)
C:/devkitPro/libctru/lib\libctru.a(env.o)
                              C:/devkitPro/libctru/lib\libctru.a(irrst.o) (envGetHandle)
C:/devkitPro/libctru/lib\libctru.a(os.o)
                              C:/devkitPro/libctru/lib\libctru.a(syscalls.o) (osGetTime)
C:/devkitPro/libctru/lib\libctru.a(srv.o)
                              C:/devkitPro/libctru/lib\libctru.a(apt.o) (srvInit)
C:/devkitPro/libctru/lib\libctru.a(synchronization.o)
                              C:/devkitPro/libctru/lib\libctru.a(ctru_init.o) (__sync_init)
C:/devkitPro/libctru/lib\libctru.a(thread.o)
                              C:/devkitPro/libctru/lib\libctru.a(apt.o) (threadCreate)
C:/devkitPro/libctru/lib\libctru.a(mappable.o)
                              C:/devkitPro/libctru/lib\libctru.a(apt.o) (mappableAlloc)
C:/devkitPro/libctru/lib\libctru.a(ptmsysm.o)
                              C:/devkitPro/libctru/lib\libctru.a(os.o) (ptmSysmInit)
C:/devkitPro/libctru/lib\libctru.a(srvpm.o)
                              C:/devkitPro/libctru/lib\libctru.a(srv.o) (srvPmGetSessionHandle)
C:/devkitPro/libctru/lib\libctru.a(soc_common.o)
                              C:/devkitPro/libctru/lib\libctru.a(soc_init.o) (_net_convert_error)
C:/devkitPro/libctru/lib\libctru.a(soc_connect.o)
                              C:/devkitPro/libctru/lib\libctru.a(3dslink.o) (connect)
C:/devkitPro/libctru/lib\libctru.a(rbtree_find.o)
                              C:/devkitPro/libctru/lib\libctru.a(linear.o) (rbtree_find)
C:/devkitPro/libctru/lib\libctru.a(rbtree_init.o)
                              C:/devkitPro/libctru/lib\libctru.a(linear.o) (rbtree_init)
C:/devkitPro/libctru/lib\libctru.a(rbtree_insert.o)
                              C:/devkitPro/libctru/lib\libctru.a(linear.o) (rbtree_insert)
C:/devkitPro/libctru/lib\libctru.a(rbtree_remove.o)
                              C:/devkitPro/libctru/lib\libctru.a(linear.o) (rbtree_remove)
[...]
Memory Configuration

Name             Origin             Length             Attributes
*default*        0x00000000         0xffffffff

Linker script and memory map

                0x00000000                        __sync_synchronize = __sync_synchronize_dmb
                0x00100000                        PROVIDE (__start__ = 0x100000)
                0x00100000                        . = __start__

.text           0x00100000    0x22b68
 *(.crt0)
 .crt0          0x00100000       0x94 C:/devkitPro/devkitARM/bin/../lib/gcc/arm-none-eabi/15.2.0/../../../../arm-none-eabi/lib/armv6k/fpu/3dsx_crt0.o
                0x00100000                _start
                0x00100008                __service_ptr
                0x0010000c                __apt_appid
                0x00100010                __heap_size
                0x00100014                __linear_heap_size
                0x00100018                __system_arglist
                0x0010001c                __system_runflags
 *(.init)
 .init          0x00100094        0xc C:/devkitPro/devkitARM/bin/../lib/gcc/arm-none-eabi/15.2.0/armv6k/fpu/crti.o
                0x00100094                _init
 .init          0x001000a0        0xc C:/devkitPro/devkitARM/bin/../lib/gcc/arm-none-eabi/15.2.0/armv6k/fpu/crtn.o
                0x001000ac                        . = ALIGN (0x4)
 *(.text)
 .text          0x001000ac      0x240 C:/devkitPro/devkitARM/bin/../lib/gcc/arm-none-eabi/15.2.0/armv6k/fpu\libgcc.a(_divsi3.o)
                0x001000ac                __divsi3
                0x001000ac                __aeabi_idiv
                0x001002cc                __aeabi_idivmod
 .text          0x001002ec        0x4 C:/devkitPro/devkitARM/bin/../lib/gcc/arm-none-eabi/15.2.0/armv6k/fpu\libgcc.a(_dvmd_tls.o)
                0x001002ec                __aeabi_idiv0
                0x001002ec                __aeabi_ldiv0
 .text          0x001002f0       0x3c C:/devkitPro/devkitARM/bin/../lib/gcc/arm-none-eabi/15.2.0/armv6k/fpu\libgcc.a(_aeabi_uldivmod.o)
                0x001002f0                __aeabi_uldivmod
 *fill*         0x0010032c       0x14 
 .text          0x00100340      0x390 C:/devkitPro/devkitARM/bin/../lib/gcc/arm-none-eabi/15.2.0/../../../../arm-none-eabi/lib/armv6k/fpu\libg.a(libc_a-strcmp.o)
                0x00100348                strcmp
 .text          0x001006d0      0x20c C:/devkitPro/devkitARM/bin/../lib/gcc/arm-none-eabi/15.2.0/armv6k/fpu\libgcc.a(_udivsi3.o)
                0x001006d0                __aeabi_uidiv
                0x001006d0                __udivsi3
                0x001008bc                __aeabi_uidivmod
 .text          0x001008dc      0x3c0 C:/devkitPro/devkitARM/bin/../lib/gcc/arm-none-eabi/15.2.0/armv6k/fpu\libgcc.a(_arm_addsubdf3.o)
                0x001008dc                __aeabi_drsub
                0x001008e4                __aeabi_dsub
                0x001008e4                __subdf3
                0x001008e8                __aeabi_dadd
                0x001008e8                __adddf3
                0x00100b94                __floatunsidf
                0x00100b94                __aeabi_ui2d
                0x00100bb8                __floatsidf
                0x00100bb8                __aeabi_i2d
                0x00100be0                __aeabi_f2d
                0x00100be0                __extendsfdf2
                0x00100c28                __floatundidf
                0x00100c28                __aeabi_ul2d
                0x00100c3c                __floatdidf
                0x00100c3c                __aeabi_l2d
 *(.text.*)
 .text.__do_global_dtors_aux
                0x00100c9c       0x50 C:/devkitPro/devkitARM/bin/../lib/gcc/arm-none-eabi/15.2.0/armv6k/fpu/crtbegin.o
 .text.frame_dummy
                0x00100cec       0x2c C:/devkitPro/devkitARM/bin/../lib/gcc/arm-none-eabi/15.2.0/armv6k/fpu/crtbegin.o
 .text.startup.main
                0x00100d18      0x294 main.o
                0x00100d18                main
 .text.consoleDrawChar
                0x00100fac      0x1c8 C:/devkitPro/libctru/lib\libctru.a(console.o)
                0x00100fac                consoleDrawChar
 .text.consolePrintChar
                0x00101174      0x170 C:/devkitPro/libctru/lib\libctru.a(console.o)
                0x00101174                consolePrintChar
 .text.con_write
                0x001012e4      0xc40 C:/devkitPro/libctru/lib\libctru.a(console.o)
                0x001012e4                con_write
 .text.newRow   0x00101f24      0x110 C:/devkitPro/libctru/lib\libctru.a(console.o)
 .text.consoleInit
                0x00102034      0x180 C:/devkitPro/libctru/lib\libctru.a(console.o)
                0x00102034                consoleInit
 .text.gfxPresentFramebuffer
                0x001021b4       0xcc C:/devkitPro/libctru/lib\libctru.a(gfx.o)
 .text.gfxIsWide
                0x00102280       0x1c C:/devkitPro/libctru/lib\libctru.a(gfx.o)
                0x00102280                gfxIsWide
 .text.gfxSetScreenFormat
                0x0010229c       0xf8 C:/devkitPro/libctru/lib\libctru.a(gfx.o)
                0x0010229c                gfxSetScreenFormat
 .text.gfxSetDoubleBuffering
                0x00102394       0x10 C:/devkitPro/libctru/lib\libctru.a(gfx.o)
                0x00102394                gfxSetDoubleBuffering
 .text.gfxInit  0x001023a4       0xd8 C:/devkitPro/libctru/lib\libctru.a(gfx.o)
                0x001023a4                gfxInit
 .text.gfxInitDefault
                0x0010247c       0x10 C:/devkitPro/libctru/lib\libctru.a(gfx.o)
                0x0010247c                gfxInitDefault
 .text.gfxExit  0x0010248c       0xb8 C:/devkitPro/libctru/lib\libctru.a(gfx.o)
                0x0010248c                gfxExit
 .text.gfxGetFramebuffer
                0x00102544       0xa0 C:/devkitPro/libctru/lib\libctru.a(gfx.o)
                0x00102544                gfxGetFramebuffer
 .text.gfxFlushBuffers
                0x001025e4      0x100 C:/devkitPro/libctru/lib\libctru.a(gfx.o)
                0x001025e4                gfxFlushBuffers
 .text.gfxSwapBuffers
                0x001026e4       0x50 C:/devkitPro/libctru/lib\libctru.a(gfx.o)
                0x001026e4                gfxSwapBuffers
 .text.gfxSwapBuffersGpu
                0x00102734       0x50 C:/devkitPro/libctru/lib\libctru.a(gfx.o)
                0x00102734                gfxSwapBuffersGpu
 .text.acInit   0x00102784       0x90 C:/devkitPro/libctru/lib\libctru.a(ac.o)
                0x00102784                acInit
 .text.acExit   0x00102814       0x3c C:/devkitPro/libctru/lib\libctru.a(ac.o)
                0x00102814                acExit
 .text.aptConvertScreenForCapture
                0x00102850      0x180 C:/devkitPro/libctru/lib\libctru.a(apt.o)
 .text.aptDspSleep
                0x001029d0        0x8 C:/devkitPro/libctru/lib\libctru.a(apt.o)
                0x001029d0                aptDspSleep
 .text.aptDspWakeup
                0x001029d8        0x4 C:/devkitPro/libctru/lib\libctru.a(apt.o)
                0x001029d8                aptDspWakeup
 .text.aptDspCancel
                0x001029dc        0x4 C:/devkitPro/libctru/lib\libctru.a(apt.o)
                0x001029dc                aptDspCancel
 .text.aptSendCommand
                0x001029e0      0x138 C:/devkitPro/libctru/lib\libctru.a(apt.o)
                0x001029e0                aptSendCommand
 .text.aptExitProcess
                0x00102b18       0x44 C:/devkitPro/libctru/lib\libctru.a(apt.o)
 .text.aptExit  0x00102b5c      0x394 C:/devkitPro/libctru/lib\libctru.a(apt.o)
                0x00102b5c                aptExit
 .text.aptHandleSleep
                0x00102ef0       0xd8 C:/devkitPro/libctru/lib\libctru.a(apt.o)
                0x00102ef0                aptHandleSleep
 .text.APT_SleepIfShellClosed
                0x00102fc8       0x84 C:/devkitPro/libctru/lib\libctru.a(apt.o)
                0x00102fc8                APT_SleepIfShellClosed
 .text.aptSetSleepAllowed
                0x0010304c       0x78 C:/devkitPro/libctru/lib\libctru.a(apt.o)
                0x0010304c                aptSetSleepAllowed
 .text.APT_UnlockTransition
                0x001030c4       0x84 C:/devkitPro/libctru/lib\libctru.a(apt.o)
                0x001030c4                APT_UnlockTransition
 .text.aptEventHandler
                0x00103148      0x470 C:/devkitPro/libctru/lib\libctru.a(apt.o)
 .text.APT_ReceiveParameter
                0x001035b8       0xbc C:/devkitPro/libctru/lib\libctru.a(apt.o)
                0x001035b8                APT_ReceiveParameter
 .text.aptReceiveParameter.constprop.0
                0x00103674       0xb0 C:/devkitPro/libctru/lib\libctru.a(apt.o)
 *fill*         0x00103724        0x4 
 .text.aptScreenTransfer
                0x00103728      0x294 C:/devkitPro/libctru/lib\libctru.a(apt.o)
 .text.aptWaitForWakeUp.isra.0
                0x001039bc      0x2d0 C:/devkitPro/libctru/lib\libctru.a(apt.o)
 .text.aptJumpToHomeMenu
                0x00103c8c       0xf4 C:/devkitPro/libctru/lib\libctru.a(apt.o)
                0x00103c8c                aptJumpToHomeMenu
 .text.aptMainLoop
                0x00103d80       0x58 C:/devkitPro/libctru/lib\libctru.a(apt.o)
                0x00103d80                aptMainLoop
 .text.aptInit  0x00103dd8      0x240 C:/devkitPro/libctru/lib\libctru.a(apt.o)
                0x00103dd8                aptInit
 .text.APT_CheckNew3DS
                0x00104018       0x90 C:/devkitPro/libctru/lib\libctru.a(apt.o)
                0x00104018                APT_CheckNew3DS
 .text.gspHardwareInit
                0x001040a8      0xc70 C:/devkitPro/libctru/lib\libctru.a(gspgpu.o)
 .text.gspInit  0x00104d18      0x280 C:/devkitPro/libctru/lib\libctru.a(gspgpu.o)
                0x00104d18                gspInit
 .text.gspExit  0x00104f98      0x110 C:/devkitPro/libctru/lib\libctru.a(gspgpu.o)
                0x00104f98                gspExit
 .text.gspHasGpuRight
                0x001050a8       0x10 C:/devkitPro/libctru/lib\libctru.a(gspgpu.o)
                0x001050a8                gspHasGpuRight
 .text.gspPresentBuffer
                0x001050b8       0xa4 C:/devkitPro/libctru/lib\libctru.a(gspgpu.o)
                0x001050b8                gspPresentBuffer
 .text.gspWaitForEvent
                0x0010515c       0x50 C:/devkitPro/libctru/lib\libctru.a(gspgpu.o)
                0x0010515c                gspWaitForEvent
 .text.gxCmdQueueInterrupt
                0x001051ac        0x4 C:/devkitPro/libctru/lib\libctru.a(gspgpu.o)
                0x001051ac                gxCmdQueueInterrupt
 .text.gspEventThreadMain
                0x001051b0      0x154 C:/devkitPro/libctru/lib\libctru.a(gspgpu.o)
 .text.GSPGPU_FlushDataCache
                0x00105304       0x50 C:/devkitPro/libctru/lib\libctru.a(gspgpu.o)
                0x00105304                GSPGPU_FlushDataCache
 .text.GSPGPU_SetLcdForceBlack
                0x00105354       0x34 C:/devkitPro/libctru/lib\libctru.a(gspgpu.o)
                0x00105354                GSPGPU_SetLcdForceBlack
 .text.GSPGPU_AcquireRight
                0x00105388       0x80 C:/devkitPro/libctru/lib\libctru.a(gspgpu.o)
                0x00105388                GSPGPU_AcquireRight
 .text.GSPGPU_ReleaseRight
                0x00105408       0x5c C:/devkitPro/libctru/lib\libctru.a(gspgpu.o)
                0x00105408                GSPGPU_ReleaseRight
 .text.GSPGPU_ImportDisplayCaptureInfo
                0x00105464       0x7c C:/devkitPro/libctru/lib\libctru.a(gspgpu.o)
                0x00105464                GSPGPU_ImportDisplayCaptureInfo
 .text.GSPGPU_SaveVramSysArea
                0x001054e0       0x2c C:/devkitPro/libctru/lib\libctru.a(gspgpu.o)
                0x001054e0                GSPGPU_SaveVramSysArea
 .text.GSPGPU_RestoreVramSysArea
                0x0010550c       0x2c C:/devkitPro/libctru/lib\libctru.a(gspgpu.o)
                0x0010550c                GSPGPU_RestoreVramSysArea
 .text.hidShouldUseIrrst
                0x00105538       0x24 C:/devkitPro/libctru/lib\libctru.a(hid.o)
                0x00105538                hidShouldUseIrrst
 .text.hidInit  0x0010555c      0x1cc C:/devkitPro/libctru/lib\libctru.a(hid.o)
                0x0010555c                hidInit
 .text.hidExit  0x00105728       0xe8 C:/devkitPro/libctru/lib\libctru.a(hid.o)
                0x00105728                hidExit
 .text.hidScanInput
                0x00105810      0x2a0 C:/devkitPro/libctru/lib\libctru.a(hid.o)
                0x00105810                hidScanInput
 .text.hidKeysHeld
                0x00105ab0       0x10 C:/devkitPro/libctru/lib\libctru.a(hid.o)
                0x00105ab0                hidKeysHeld
 .text.hidKeysDown
                0x00105ac0       0x10 C:/devkitPro/libctru/lib\libctru.a(hid.o)
                0x00105ac0                hidKeysDown
 .text.hidCircleRead
                0x00105ad0       0x18 C:/devkitPro/libctru/lib\libctru.a(hid.o)
                0x00105ad0                hidCircleRead
 .text.irrstInit
                0x00105ae8      0x1a4 C:/devkitPro/libctru/lib\libctru.a(irrst.o)
                0x00105ae8                irrstInit
 .text.irrstExit
                0x00105c8c       0xdc C:/devkitPro/libctru/lib\libctru.a(irrst.o)
                0x00105c8c                irrstExit
 .text.irrstScanInput
                0x00105d68       0xb4 C:/devkitPro/libctru/lib\libctru.a(irrst.o)
                0x00105d68                irrstScanInput
 .text.irrstKeysHeld
                0x00105e1c       0x24 C:/devkitPro/libctru/lib\libctru.a(irrst.o)
                0x00105e1c                irrstKeysHeld
 .text.closesocket
                0x00105e40       0x78 C:/devkitPro/libctru/lib\libctru.a(soc_closesocket.o)
                0x00105e40                closesocket
 .text.inet_pton
                0x00105eb8       0x70 C:/devkitPro/libctru/lib\libctru.a(soc_inet_pton.o)
                0x00105eb8                inet_pton
 .text.soc_open
                0x00105f28       0x14 C:/devkitPro/libctru/lib\libctru.a(soc_init.o)
 .text.soc_read
                0x00105f3c       0x34 C:/devkitPro/libctru/lib\libctru.a(soc_init.o)
 .text.soc_write
                0x00105f70       0x34 C:/devkitPro/libctru/lib\libctru.a(soc_init.o)
 .text.soc_close
                0x00105fa4       0xb0 C:/devkitPro/libctru/lib\libctru.a(soc_init.o)
 .text.socInit  0x00106054      0x190 C:/devkitPro/libctru/lib\libctru.a(soc_init.o)
                0x00106054                socInit
 .text.socExit  0x001061e4       0x88 C:/devkitPro/libctru/lib\libctru.a(soc_init.o)
                0x001061e4                socExit
 .text.socuipc_cmd7
                0x0010626c      0x148 C:/devkitPro/libctru/lib\libctru.a(soc_recvfrom.o)
                0x0010626c                socuipc_cmd7
 .text.socuipc_cmd8
                0x001063b4      0x168 C:/devkitPro/libctru/lib\libctru.a(soc_recvfrom.o)
                0x001063b4                socuipc_cmd8
 .text.soc_recvfrom
                0x0010651c       0x10 C:/devkitPro/libctru/lib\libctru.a(soc_recvfrom.o)
                0x0010651c                soc_recvfrom
 .text.socuipc_cmd9
                0x0010652c      0x15c C:/devkitPro/libctru/lib\libctru.a(soc_sendto.o)
                0x0010652c                socuipc_cmd9
 .text.socuipc_cmda
                0x00106688      0x160 C:/devkitPro/libctru/lib\libctru.a(soc_sendto.o)
                0x00106688                socuipc_cmda
 .text.soc_sendto
                0x001067e8       0x10 C:/devkitPro/libctru/lib\libctru.a(soc_sendto.o)
                0x001067e8                soc_sendto
 .text.sendto   0x001067f8       0xa4 C:/devkitPro/libctru/lib\libctru.a(soc_sendto.o)
                0x001067f8                sendto
 .text.socket   0x0010689c      0x16c C:/devkitPro/libctru/lib\libctru.a(soc_socket.o)
                0x0010689c                socket
 .text.__libctru_init
                0x00106a08       0x38 C:/devkitPro/libctru/lib\libctru.a(ctru_init.o)
                0x00106a08                __libctru_init
 .text.__system_initArgv
                0x00106a40      0x16c C:/devkitPro/libctru/lib\libctru.a(initArgv.o)
                0x00106a40                __system_initArgv
 .text.__syscall_getreent
                0x00106bac       0x30 C:/devkitPro/libctru/lib\libctru.a(syscalls.o)
                0x00106bac                __syscall_getreent
 .text.__syscall_lock_acquire
                0x00106bdc        0x4 C:/devkitPro/libctru/lib\libctru.a(syscalls.o)
                0x00106bdc                __syscall_lock_acquire
 .text.__syscall_lock_release
                0x00106be0        0x4 C:/devkitPro/libctru/lib\libctru.a(syscalls.o)
                0x00106be0                __syscall_lock_release
 .text.__syscall_lock_acquire_recursive
                0x00106be4        0x4 C:/devkitPro/libctru/lib\libctru.a(syscalls.o)
                0x00106be4                __syscall_lock_acquire_recursive
 .text.__syscall_lock_release_recursive
                0x00106be8        0x4 C:/devkitPro/libctru/lib\libctru.a(syscalls.o)
                0x00106be8                __syscall_lock_release_recursive
 .text.__syscall_exit
                0x00106bec        0x4 C:/devkitPro/libctru/lib\libctru.a(syscalls.o)
                0x00106bec                __syscall_exit
 .text.initThreadVars
                0x00106bf0       0x54 C:/devkitPro/libctru/lib\libctru.a(syscalls.o)
                0x00106bf0                initThreadVars
 .text.__system_initSyscalls
                0x00106c44       0x80 C:/devkitPro/libctru/lib\libctru.a(syscalls.o)
                0x00106c44                __system_initSyscalls
 .text.svcControlMemory
                0x00106cc4       0x20 C:/devkitPro/libctru/lib\libctru.a(svc.o)
                0x00106cc4                svcControlMemory
 .text.svcQueryMemory
                0x00106ce4       0x30 C:/devkitPro/libctru/lib\libctru.a(svc.o)
                0x00106ce4                svcQueryMemory
 .text.svcExitProcess
                0x00106d14        0x8 C:/devkitPro/libctru/lib\libctru.a(svc.o)
                0x00106d14                svcExitProcess
 .text.svcCreateThread
                0x00106d1c       0x20 C:/devkitPro/libctru/lib\libctru.a(svc.o)
                0x00106d1c                svcCreateThread
 .text.svcExitThread
                0x00106d3c        0x8 C:/devkitPro/libctru/lib\libctru.a(svc.o)
                0x00106d3c                svcExitThread
 .text.svcSleepThread
                0x00106d44        0x8 C:/devkitPro/libctru/lib\libctru.a(svc.o)
                0x00106d44                svcSleepThread
 .text.svcReleaseMutex
                0x00106d4c        0x8 C:/devkitPro/libctru/lib\libctru.a(svc.o)
                0x00106d4c                svcReleaseMutex
 .text.svcCreateEvent
                0x00106d54       0x14 C:/devkitPro/libctru/lib\libctru.a(svc.o)
                0x00106d54                svcCreateEvent
 .text.svcSignalEvent
                0x00106d68        0x8 C:/devkitPro/libctru/lib\libctru.a(svc.o)
                0x00106d68                svcSignalEvent
 .text.svcClearEvent
                0x00106d70        0x8 C:/devkitPro/libctru/lib\libctru.a(svc.o)
                0x00106d70                svcClearEvent
 .text.svcCreateMemoryBlock
                0x00106d78       0x18 C:/devkitPro/libctru/lib\libctru.a(svc.o)
                0x00106d78                svcCreateMemoryBlock
 .text.svcMapMemoryBlock
                0x00106d90        0x8 C:/devkitPro/libctru/lib\libctru.a(svc.o)
                0x00106d90                svcMapMemoryBlock
 .text.svcUnmapMemoryBlock
                0x00106d98        0x8 C:/devkitPro/libctru/lib\libctru.a(svc.o)
                0x00106d98                svcUnmapMemoryBlock
 .text.svcCreateAddressArbiter
                0x00106da0       0x14 C:/devkitPro/libctru/lib\libctru.a(svc.o)
                0x00106da0                svcCreateAddressArbiter
 .text.svcArbitrateAddressNoTimeout
                0x00106db4        0x8 C:/devkitPro/libctru/lib\libctru.a(svc.o)
                0x00106db4                svcArbitrateAddressNoTimeout
 .text.svcCloseHandle
                0x00106dbc        0x8 C:/devkitPro/libctru/lib\libctru.a(svc.o)
                0x00106dbc                svcCloseHandle
 .text.svcWaitSynchronization
                0x00106dc4        0x8 C:/devkitPro/libctru/lib\libctru.a(svc.o)
                0x00106dc4                svcWaitSynchronization
 .text.svcWaitSynchronizationN
                0x00106dcc       0x28 C:/devkitPro/libctru/lib\libctru.a(svc.o)
                0x00106dcc                svcWaitSynchronizationN
 .text.svcDuplicateHandle
                0x00106df4       0x14 C:/devkitPro/libctru/lib\libctru.a(svc.o)
                0x00106df4                svcDuplicateHandle
 .text.svcConnectToPort
                0x00106e08       0x14 C:/devkitPro/libctru/lib\libctru.a(svc.o)
                0x00106e08                svcConnectToPort
 .text.svcSendSyncRequest
                0x00106e1c        0x8 C:/devkitPro/libctru/lib\libctru.a(svc.o)
                0x00106e1c                svcSendSyncRequest
 .text.svcGetResourceLimit
                0x00106e24       0x14 C:/devkitPro/libctru/lib\libctru.a(svc.o)
                0x00106e24                svcGetResourceLimit
 .text.svcGetResourceLimitLimitValues
                0x00106e38        0x8 C:/devkitPro/libctru/lib\libctru.a(svc.o)
                0x00106e38                svcGetResourceLimitLimitValues
 .text.svcGetResourceLimitCurrentValues
                0x00106e40        0x8 C:/devkitPro/libctru/lib\libctru.a(svc.o)
                0x00106e40                svcGetResourceLimitCurrentValues
 .text.svcBreak
                0x00106e48        0x8 C:/devkitPro/libctru/lib\libctru.a(svc.o)
                0x00106e48                svcBreak
 .text.initSystem
                0x00106e50       0x50 C:/devkitPro/libctru/lib\libctru.a(stack_adjust.o)
                0x00106e50                initSystem
 .text.__ctru_exit
                0x00106ea0       0x14 C:/devkitPro/libctru/lib\libctru.a(stack_adjust.o)
                0x00106ea0                __ctru_exit
 .text._ZL21addrMapNodeComparatorPK11rbtree_nodeS1_
                0x00106eb4       0x24 C:/devkitPro/libctru/lib\libctru.a(linear.o)
 .text._ZL21addrMapNodeDestructorP11rbtree_node
                0x00106ed8        0x4 C:/devkitPro/libctru/lib\libctru.a(linear.o)
 .text.linearMemAlign
                0x00106edc      0x12c C:/devkitPro/libctru/lib\libctru.a(linear.o)
                0x00106edc                linearMemAlign
 .text.linearAlloc
                0x00107008        0x8 C:/devkitPro/libctru/lib\libctru.a(linear.o)
                0x00107008                linearAlloc
 .text.linearFree
                0x00107010       0x5c C:/devkitPro/libctru/lib\libctru.a(linear.o)
                0x00107010                linearFree
 .text._ZN7MemPool13CoalesceRightEP8MemBlock
                0x0010706c       0x88 C:/devkitPro/libctru/lib\libctru.a(mem_pool.o)
                0x0010706c                _ZN7MemPool13CoalesceRightEP8MemBlock
 .text._ZN7MemPool8AllocateER8MemChunkmi
                0x001070f4      0x178 C:/devkitPro/libctru/lib\libctru.a(mem_pool.o)
                0x001070f4                _ZN7MemPool8AllocateER8MemChunkmi
 .text._ZN7MemPool10DeallocateERK8MemChunk
                0x0010726c      0x118 C:/devkitPro/libctru/lib\libctru.a(mem_pool.o)
                0x0010726c                _ZN7MemPool10DeallocateERK8MemChunk
 .text._ZN7MemPool12GetFreeSpaceEv
                0x00107384       0x30 C:/devkitPro/libctru/lib\libctru.a(mem_pool.o)
                0x00107384                _ZN7MemPool12GetFreeSpaceEv
 .text._ZL21addrMapNodeComparatorPK11rbtree_nodeS1_
                0x001073b4       0x24 C:/devkitPro/libctru/lib\libctru.a(vram.o)
 .text._ZL21addrMapNodeDestructorP11rbtree_node
                0x001073d8        0x4 C:/devkitPro/libctru/lib\libctru.a(vram.o)
 .text.vramMemAlignAt
                0x001073dc      0x248 C:/devkitPro/libctru/lib\libctru.a(vram.o)
                0x001073dc                vramMemAlignAt
 .text.vramAlloc
                0x00107624        0xc C:/devkitPro/libctru/lib\libctru.a(vram.o)
                0x00107624                vramAlloc
 .text.vramFree
                0x00107630       0x94 C:/devkitPro/libctru/lib\libctru.a(vram.o)
                0x00107630                vramFree
 .text.envGetHandle
                0x001076c4       0x8c C:/devkitPro/libctru/lib\libctru.a(env.o)
                0x001076c4                envGetHandle
 .text.envDestroyHandles
                0x00107750       0x50 C:/devkitPro/libctru/lib\libctru.a(env.o)
                0x00107750                envDestroyHandles
 .text.__ctru_speedup_config
                0x001077a0       0x34 C:/devkitPro/libctru/lib\libctru.a(os.o)
                0x001077a0                __ctru_speedup_config
 .text.srvInit  0x001077d4      0x164 C:/devkitPro/libctru/lib\libctru.a(srv.o)
                0x001077d4                srvInit
 .text.srvExit  0x00107938       0x64 C:/devkitPro/libctru/lib\libctru.a(srv.o)
                0x00107938                srvExit
 .text.srvEnableNotification
                0x0010799c       0x60 C:/devkitPro/libctru/lib\libctru.a(srv.o)
                0x0010799c                srvEnableNotification
 .text.srvGetServiceHandleDirect
                0x001079fc       0xa0 C:/devkitPro/libctru/lib\libctru.a(srv.o)
                0x001079fc                srvGetServiceHandleDirect
 .text.srvGetServiceHandle
                0x00107a9c       0x48 C:/devkitPro/libctru/lib\libctru.a(srv.o)
                0x00107a9c                srvGetServiceHandle
 .text.srvSubscribe
                0x00107ae4       0x34 C:/devkitPro/libctru/lib\libctru.a(srv.o)
                0x00107ae4                srvSubscribe
 .text.srvReceiveNotification
                0x00107b18       0x60 C:/devkitPro/libctru/lib\libctru.a(srv.o)
                0x00107b18                srvReceiveNotification
 .text.srvPublishToSubscriber
                0x00107b78       0x38 C:/devkitPro/libctru/lib\libctru.a(srv.o)
                0x00107b78                srvPublishToSubscriber
 .text.__sync_init
                0x00107bb0        0xc C:/devkitPro/libctru/lib\libctru.a(synchronization.o)
                0x00107bb0                __sync_init
 .text.__sync_fini
                0x00107bbc       0x18 C:/devkitPro/libctru/lib\libctru.a(synchronization.o)
                0x00107bbc                __sync_fini
 .text.syncArbitrateAddress
                0x00107bd4       0x28 C:/devkitPro/libctru/lib\libctru.a(synchronization.o)
                0x00107bd4                syncArbitrateAddress
 .text.LightLock_Lock
                0x00107bfc       0xac C:/devkitPro/libctru/lib\libctru.a(synchronization.o)
                0x00107bfc                LightLock_Lock
 .text.LightLock_Unlock
                0x00107ca8       0x40 C:/devkitPro/libctru/lib\libctru.a(synchronization.o)
                0x00107ca8                LightLock_Unlock
 .text.RecursiveLock_Lock
                0x00107ce8       0x54 C:/devkitPro/libctru/lib\libctru.a(synchronization.o)
                0x00107ce8                RecursiveLock_Lock
 .text.RecursiveLock_Unlock
                0x00107d3c       0x54 C:/devkitPro/libctru/lib\libctru.a(synchronization.o)
                0x00107d3c                RecursiveLock_Unlock
 .text.LightEvent_Init
                0x00107d90       0x44 C:/devkitPro/libctru/lib\libctru.a(synchronization.o)
                0x00107d90                LightEvent_Init
 .text.LightEvent_Clear
                0x00107dd4       0xb8 C:/devkitPro/libctru/lib\libctru.a(synchronization.o)
                0x00107dd4                LightEvent_Clear
 .text.LightEvent_Signal
                0x00107e8c       0xdc C:/devkitPro/libctru/lib\libctru.a(synchronization.o)
                0x00107e8c                LightEvent_Signal
 .text.LightEvent_TryWait
                0x00107f68       0x50 C:/devkitPro/libctru/lib\libctru.a(synchronization.o)
                0x00107f68                LightEvent_TryWait
 .text.LightEvent_Wait
                0x00107fb8       0xac C:/devkitPro/libctru/lib\libctru.a(synchronization.o)
                0x00107fb8                LightEvent_Wait
 .text.threadCreate
                0x00108064      0x1fc C:/devkitPro/libctru/lib\libctru.a(thread.o)
                0x00108064                threadCreate
 .text.threadFree
                0x00108260       0x38 C:/devkitPro/libctru/lib\libctru.a(thread.o)
                0x00108260                threadFree
 .text.threadJoin
                0x00108298       0x24 C:/devkitPro/libctru/lib\libctru.a(thread.o)
                0x00108298                threadJoin
 .text.threadGetCurrent
                0x001082bc       0x30 C:/devkitPro/libctru/lib\libctru.a(thread.o)
                0x001082bc                threadGetCurrent
 .text.threadExit
                0x001082ec       0x40 C:/devkitPro/libctru/lib\libctru.a(thread.o)
                0x001082ec                threadExit
 .text._thread_begin
                0x0010832c       0x20 C:/devkitPro/libctru/lib\libctru.a(thread.o)
 .text.mappableFindAddressWithin
                0x0010834c       0x90 C:/devkitPro/libctru/lib\libctru.a(mappable.o)
 .text.mappableInit
                0x001083dc       0x28 C:/devkitPro/libctru/lib\libctru.a(mappable.o)
                0x001083dc                mappableInit
 .text.mappableAlloc
                0x00108404       0x7c C:/devkitPro/libctru/lib\libctru.a(mappable.o)
                0x00108404                mappableAlloc
 .text.mappableFree
                0x00108480        0x4 C:/devkitPro/libctru/lib\libctru.a(mappable.o)
                0x00108480                mappableFree
 .text.ptmSysmInit
                0x00108484       0x78 C:/devkitPro/libctru/lib\libctru.a(ptmsysm.o)
                0x00108484                ptmSysmInit
 .text.ptmSysmExit
                0x001084fc       0x3c C:/devkitPro/libctru/lib\libctru.a(ptmsysm.o)
                0x001084fc                ptmSysmExit
 .text.PTMSYSM_ConfigureNew3DSCPU
                0x00108538       0x34 C:/devkitPro/libctru/lib\libctru.a(ptmsysm.o)
                0x00108538                PTMSYSM_ConfigureNew3DSCPU
 .text.srvPmGetSessionHandle
                0x0010856c        0xc C:/devkitPro/libctru/lib\libctru.a(srvpm.o)
                0x0010856c                srvPmGetSessionHandle
 .text._net_convert_error
                0x00108578       0x3c C:/devkitPro/libctru/lib\libctru.a(soc_common.o)
                0x00108578                _net_convert_error
 .text.rbtree_find
                0x001085b4       0x74 C:/devkitPro/libctru/lib\libctru.a(rbtree_find.o)
                0x001085b4                rbtree_find
 .text.rbtree_init
                0x00108628       0x10 C:/devkitPro/libctru/lib\libctru.a(rbtree_init.o)
                0x00108628                rbtree_init
 .text.do_insert
                0x00108638      0x198 C:/devkitPro/libctru/lib\libctru.a(rbtree_insert.o)
 .text.rbtree_insert
                0x001087d0        0x8 C:/devkitPro/libctru/lib\libctru.a(rbtree_insert.o)
                0x001087d0                rbtree_insert
 .text.rbtree_remove
                0x001087d8      0x310 C:/devkitPro/libctru/lib\libctru.a(rbtree_remove.o)
                0x001087d8                rbtree_remove
 .text.rbtree_rotate
                0x00108ae8       0x90 C:/devkitPro/libctru/lib\libctru.a(rbtree_rotate.o)
                0x00108ae8                rbtree_rotate
 .text.__system_allocateHeaps
                0x00108b78      0x1e8 C:/devkitPro/libctru/lib\libctru.a(allocateHeaps.o)
                0x00108b78                __system_allocateHeaps
 .text.__appExit
                0x00108d60       0x30 C:/devkitPro/libctru/lib\libctru.a(appExit.o)
                0x00108d60                __appExit
 .text.__appInit
                0x00108d90       0x30 C:/devkitPro/libctru/lib\libctru.a(appInit.o)
                0x00108d90                __appInit
 .text.__libctru_exit
                0x00108dc0       0x90 C:/devkitPro/libctru/lib\libctru.a(ctru_exit.o)
                0x00108dc0                __libctru_exit
 .text.archive_link
                0x00108e50       0x14 C:/devkitPro/libctru/lib\libctru.a(archive_dev.o)
 .text.archive_dirreset
                0x00108e64       0x14 C:/devkitPro/libctru/lib\libctru.a(archive_dev.o)
 .text.archive_chmod
                0x00108e78       0x14 C:/devkitPro/libctru/lib\libctru.a(archive_dev.o)
 .text.error_cmp
                0x00108e8c       0x24 C:/devkitPro/libctru/lib\libctru.a(archive_dev.o)
 .text.archive_translate_error
                0x00108eb0       0x50 C:/devkitPro/libctru/lib\libctru.a(archive_dev.o)
 .text.archive_seek
                0x00108f00       0xc0 C:/devkitPro/libctru/lib\libctru.a(archive_dev.o)
 .text._archiveInit.part.0
                0x00108fc0       0x78 C:/devkitPro/libctru/lib\libctru.a(archive_dev.o)
 .text.archiveFindDevice.part.0
                0x00109038       0xd4 C:/devkitPro/libctru/lib\libctru.a(archive_dev.o)
 .text.archive_utf16path
                0x0010910c      0x298 C:/devkitPro/libctru/lib\libctru.a(archive_dev.o)
 .text._archiveUnmountDeviceStruct.part.0
                0x001093a4       0x98 C:/devkitPro/libctru/lib\libctru.a(archive_dev.o)
 .text.archive_statvfs
                0x0010943c       0x14 C:/devkitPro/libctru/lib\libctru.a(archive_dev.o)
 .text.archive_fchmod
                0x00109450       0x14 C:/devkitPro/libctru/lib\libctru.a(archive_dev.o)
 .text._archiveMountDevice
                0x00109464      0x178 C:/devkitPro/libctru/lib\libctru.a(archive_dev.o)
 .text.archive_diropen
                0x001095dc       0xf8 C:/devkitPro/libctru/lib\libctru.a(archive_dev.o)
 .text.archive_fstat
                0x001096d4       0xac C:/devkitPro/libctru/lib\libctru.a(archive_dev.o)
 .text.archive_fsync
                0x00109780       0x74 C:/devkitPro/libctru/lib\libctru.a(archive_dev.o)
 .text.archive_close
                0x001097f4       0x74 C:/devkitPro/libctru/lib\libctru.a(archive_dev.o)
 .text.archive_dirclose
                0x00109868       0x78 C:/devkitPro/libctru/lib\libctru.a(archive_dev.o)
 .text.sdmc_statvfs
                0x001098e0       0xec C:/devkitPro/libctru/lib\libctru.a(archive_dev.o)
 .text.archive_chdir
                0x001099cc       0xf8 C:/devkitPro/libctru/lib\libctru.a(archive_dev.o)
 .text.archive_ftruncate
                0x00109ac4       0x8c C:/devkitPro/libctru/lib\libctru.a(archive_dev.o)
 .text.archive_read
                0x00109b50       0xbc C:/devkitPro/libctru/lib\libctru.a(archive_dev.o)
 .text.archive_unlink
                0x00109c0c       0xa8 C:/devkitPro/libctru/lib\libctru.a(archive_dev.o)
 .text.archive_rmdir
                0x00109cb4       0xc0 C:/devkitPro/libctru/lib\libctru.a(archive_dev.o)
 .text.archive_mkdir
                0x00109d74       0xd8 C:/devkitPro/libctru/lib\libctru.a(archive_dev.o)
 .text.archive_stat
                0x00109e4c      0x1a0 C:/devkitPro/libctru/lib\libctru.a(archive_dev.o)
 .text.archive_dirnext
                0x00109fec      0x164 C:/devkitPro/libctru/lib\libctru.a(archive_dev.o)
 .text.archive_write
                0x0010a150      0x13c C:/devkitPro/libctru/lib\libctru.a(archive_dev.o)
 *fill*         0x0010a28c        0x4 
 .text.archive_open
                0x0010a290      0x254 C:/devkitPro/libctru/lib\libctru.a(archive_dev.o)
 .text.archive_rename
                0x0010a4e4      0x270 C:/devkitPro/libctru/lib\libctru.a(archive_dev.o)
 .text.archiveMountSdmc
                0x0010a754      0x1c8 C:/devkitPro/libctru/lib\libctru.a(archive_dev.o)
                0x0010a754                archiveMountSdmc
 .text.archiveUnmountAll
                0x0010a91c       0x54 C:/devkitPro/libctru/lib\libctru.a(archive_dev.o)
                0x0010a91c                archiveUnmountAll
 .text.fsInit   0x0010a970      0x104 C:/devkitPro/libctru/lib\libctru.a(fs.o)
                0x0010a970                fsInit
 .text.fsExit   0x0010aa74       0x3c C:/devkitPro/libctru/lib\libctru.a(fs.o)
                0x0010aa74                fsExit
 .text.fsExemptFromSession
                0x0010aab0       0x68 C:/devkitPro/libctru/lib\libctru.a(fs.o)
                0x0010aab0                fsExemptFromSession
 .text.fsUnexemptFromSession
                0x0010ab18       0x50 C:/devkitPro/libctru/lib\libctru.a(fs.o)
                0x0010ab18                fsUnexemptFromSession
 .text.FSUSER_OpenFile
                0x0010ab68       0xcc C:/devkitPro/libctru/lib\libctru.a(fs.o)
                0x0010ab68                FSUSER_OpenFile
 .text.FSUSER_DeleteFile
                0x0010ac34       0xb8 C:/devkitPro/libctru/lib\libctru.a(fs.o)
                0x0010ac34                FSUSER_DeleteFile
 .text.FSUSER_RenameFile
                0x0010acec       0xf4 C:/devkitPro/libctru/lib\libctru.a(fs.o)
                0x0010acec                FSUSER_RenameFile
 .text.FSUSER_DeleteDirectory
                0x0010ade0       0xb8 C:/devkitPro/libctru/lib\libctru.a(fs.o)
                0x0010ade0                FSUSER_DeleteDirectory
 .text.FSUSER_CreateFile
                0x0010ae98       0xd0 C:/devkitPro/libctru/lib\libctru.a(fs.o)
                0x0010ae98                FSUSER_CreateFile
 .text.FSUSER_CreateDirectory
                0x0010af68       0xc0 C:/devkitPro/libctru/lib\libctru.a(fs.o)
                0x0010af68                FSUSER_CreateDirectory
 .text.FSUSER_RenameDirectory
                0x0010b028       0xf4 C:/devkitPro/libctru/lib\libctru.a(fs.o)
                0x0010b028                FSUSER_RenameDirectory
 .text.FSUSER_OpenDirectory
                0x0010b11c       0xb4 C:/devkitPro/libctru/lib\libctru.a(fs.o)
                0x0010b11c                FSUSER_OpenDirectory
 .text.FSUSER_OpenArchive
                0x0010b1d0       0x90 C:/devkitPro/libctru/lib\libctru.a(fs.o)
                0x0010b1d0                FSUSER_OpenArchive
 .text.FSUSER_CloseArchive
                0x0010b260       0x8c C:/devkitPro/libctru/lib\libctru.a(fs.o)
                0x0010b260                FSUSER_CloseArchive
 .text.FSUSER_GetSdmcArchiveResource
                0x0010b2ec       0x74 C:/devkitPro/libctru/lib\libctru.a(fs.o)
                0x0010b2ec                FSUSER_GetSdmcArchiveResource
 .text.FSUSER_IsSdmcWritable
                0x0010b360       0x64 C:/devkitPro/libctru/lib\libctru.a(fs.o)
                0x0010b360                FSUSER_IsSdmcWritable
 .text.FSFILE_Read
                0x0010b3c4       0x64 C:/devkitPro/libctru/lib\libctru.a(fs.o)
                0x0010b3c4                FSFILE_Read
 .text.FSFILE_Write
                0x0010b428       0x6c C:/devkitPro/libctru/lib\libctru.a(fs.o)
                0x0010b428                FSFILE_Write
 .text.FSFILE_GetSize
                0x0010b494       0x44 C:/devkitPro/libctru/lib\libctru.a(fs.o)
                0x0010b494                FSFILE_GetSize
 .text.FSFILE_SetSize
                0x0010b4d8       0x28 C:/devkitPro/libctru/lib\libctru.a(fs.o)
                0x0010b4d8                FSFILE_SetSize
 .text.FSFILE_Close
                0x0010b500       0x3c C:/devkitPro/libctru/lib\libctru.a(fs.o)
                0x0010b500                FSFILE_Close
 .text.FSFILE_Flush
                0x0010b53c       0x24 C:/devkitPro/libctru/lib\libctru.a(fs.o)
                0x0010b53c                FSFILE_Flush
 .text.FSDIR_Read
                0x0010b560       0x60 C:/devkitPro/libctru/lib\libctru.a(fs.o)
                0x0010b560                FSDIR_Read
 .text.FSDIR_Close
                0x0010b5c0       0x3c C:/devkitPro/libctru/lib\libctru.a(fs.o)
                0x0010b5c0                FSDIR_Close
 .text.rbtree_node_next
                0x0010b5fc       0x60 C:/devkitPro/libctru/lib\libctru.a(rbtree_iterator.o)
                0x0010b5fc                rbtree_node_next
 .text.decode_utf8
                0x0010b65c      0x140 C:/devkitPro/libctru/lib\libctru.a(decode_utf8.o)
                0x0010b65c                decode_utf8
 .text.utf16_to_utf8
                0x0010b79c       0xe8 C:/devkitPro/libctru/lib\libctru.a(utf16_to_utf8.o)
                0x0010b79c                utf16_to_utf8
 .text.utf8_to_utf16
                0x0010b884       0xc0 C:/devkitPro/libctru/lib\libctru.a(utf8_to_utf16.o)
                0x0010b884                utf8_to_utf16
 .text.__aeabi_read_tp
                0x0010b944        0xc C:/devkitPro/libctru/lib\libctru.a(readtp.o)
                0x0010b944                __aeabi_read_tp
 .text.decode_utf16
                0x0010b950       0x54 C:/devkitPro/libctru/lib\libctru.a(decode_utf16.o)
                0x0010b950                decode_utf16
 .text.encode_utf16
                0x0010b9a4       0x54 C:/devkitPro/libctru/lib\libctru.a(encode_utf16.o)
                0x0010b9a4                encode_utf16
 .text.encode_utf8
                0x0010b9f8       0xe0 C:/devkitPro/libctru/lib\libctru.a(encode_utf8.o)
                0x0010b9f8                encode_utf8
 .text.__fixdfdi
                0x0010bad8       0x2c C:/devkitPro/devkitARM/bin/../lib/gcc/arm-none-eabi/15.2.0/armv6k/fpu\libgcc.a(_fixdfdi.o)
                0x0010bad8                __fixdfdi
                0x0010bad8                __aeabi_d2lz
 *fill*         0x0010bb04        0x4 
 .text.__fixunsdfdi
                0x0010bb08       0x40 C:/devkitPro/devkitARM/bin/../lib/gcc/arm-none-eabi/15.2.0/armv6k/fpu\libgcc.a(_fixunsdfdi.o)
                0x0010bb08                __fixunsdfdi
                0x0010bb08                __aeabi_d2ulz
 .text.__udivmoddi4
                0x0010bb48      0x130 C:/devkitPro/devkitARM/bin/../lib/gcc/arm-none-eabi/15.2.0/armv6k/fpu\libgcc.a(_udivmoddi4.o)
                0x0010bb48                __udivmoddi4
 .text.strncmp  0x0010bc78       0xd8 C:/devkitPro/devkitARM/bin/../lib/gcc/arm-none-eabi/15.2.0/../../../../arm-none-eabi/lib/armv6k/fpu\libg.a(libc_a-strncmp.o)
                0x0010bc78                strncmp
 .text.strlen   0x0010bd50       0x8c C:/devkitPro/devkitARM/bin/../lib/gcc/arm-none-eabi/15.2.0/../../../../arm-none-eabi/lib/armv6k/fpu\libg.a(libc_a-strlen.o)
                0x0010bd50                strlen
 .text.stdio_exit_handler
                0x0010bddc       0x1c C:/devkitPro/devkitARM/bin/../lib/gcc/arm-none-eabi/15.2.0/../../../../arm-none-eabi/lib/armv6k/fpu\libg.a(libc_a-findfp.o)
 .text.cleanup_stdio
                0x0010bdf8       0x5c C:/devkitPro/devkitARM/bin/../lib/gcc/arm-none-eabi/15.2.0/../../../../arm-none-eabi/lib/armv6k/fpu\libg.a(libc_a-findfp.o)
 .text.global_stdio_init.part.0
                0x0010be54      0x154 C:/devkitPro/devkitARM/bin/../lib/gcc/arm-none-eabi/15.2.0/../../../../arm-none-eabi/lib/armv6k/fpu\libg.a(libc_a-findfp.o)
 .text.__sinit  0x0010bfa8       0x5c C:/devkitPro/devkitARM/bin/../lib/gcc/arm-none-eabi/15.2.0/../../../../arm-none-eabi/lib/armv6k/fpu\libg.a(libc_a-findfp.o)
                0x0010bfa8                __sinit
 .text.__sfp_lock_acquire
                0x0010c004        0xc C:/devkitPro/devkitARM/bin/../lib/gcc/arm-none-eabi/15.2.0/../../../../arm-none-eabi/lib/armv6k/fpu\libg.a(libc_a-findfp.o)
                0x0010c004                __sfp_lock_acquire
 .text.__sfp_lock_release
                0x0010c010        0xc C:/devkitPro/devkitARM/bin/../lib/gcc/arm-none-eabi/15.2.0/../../../../arm-none-eabi/lib/armv6k/fpu\libg.a(libc_a-findfp.o)
                0x0010c010                __sfp_lock_release
 .text._strtoul_l.isra.0
                0x0010c01c      0x1ec C:/devkitPro/devkitARM/bin/../lib/gcc/arm-none-eabi/15.2.0/../../../../arm-none-eabi/lib/armv6k/fpu\libg.a(libc_a-strtoul.o)
 .text._strtoul_r
                0x0010c208       0x38 C:/devkitPro/devkitARM/bin/../lib/gcc/arm-none-eabi/15.2.0/../../../../arm-none-eabi/lib/armv6k/fpu\libg.a(libc_a-strtoul.o)
                0x0010c208                _strtoul_r
 .text.strtoul  0x0010c240       0x3c C:/devkitPro/devkitARM/bin/../lib/gcc/arm-none-eabi/15.2.0/../../../../arm-none-eabi/lib/armv6k/fpu\libg.a(libc_a-strtoul.o)
                0x0010c240                strtoul
 .text.__libc_init_array
                0x0010c27c       0x84 C:/devkitPro/devkitARM/bin/../lib/gcc/arm-none-eabi/15.2.0/../../../../arm-none-eabi/lib/armv6k/fpu\libg.a(libc_a-init.o)
                0x0010c27c                __libc_init_array
 .text.strncat  0x0010c300       0x9c C:/devkitPro/devkitARM/bin/../lib/gcc/arm-none-eabi/15.2.0/../../../../arm-none-eabi/lib/armv6k/fpu\libg.a(libc_a-strncat.o)
                0x0010c300                strncat
 .text._fwalk_sglue
                0x0010c39c       0x70 C:/devkitPro/devkitARM/bin/../lib/gcc/arm-none-eabi/15.2.0/../../../../arm-none-eabi/lib/armv6k/fpu\libg.a(libc_a-fwalk.o)
                0x0010c39c                _fwalk_sglue
 .text.bsearch  0x0010c40c       0x78 C:/devkitPro/devkitARM/bin/../lib/gcc/arm-none-eabi/15.2.0/../../../../arm-none-eabi/lib/armv6k/fpu\libg.a(libc_a-bsearch.o)
                0x0010c40c                bsearch
 .text.__errno  0x0010c484        0xc C:/devkitPro/devkitARM/bin/../lib/gcc/arm-none-eabi/15.2.0/../../../../arm-none-eabi/lib/armv6k/fpu\libg.a(libc_a-errno.o)
                0x0010c484                __errno
 .text.memalign
                0x0010c490       0x28 C:/devkitPro/devkitARM/bin/../lib/gcc/arm-none-eabi/15.2.0/../../../../arm-none-eabi/lib/armv6k/fpu\libg.a(libc_a-malign.o)
                0x0010c490                memalign
 .text._malloc_r
                0x0010c4b8      0x82c C:/devkitPro/devkitARM/bin/../lib/gcc/arm-none-eabi/15.2.0/../../../../arm-none-eabi/lib/armv6k/fpu\libg.a(libc_a-mallocr.o)
                0x0010c4b8                _malloc_r
 .text._malloc_trim_r
                0x0010cce4      0x114 C:/devkitPro/devkitARM/bin/../lib/gcc/arm-none-eabi/15.2.0/../../../../arm-none-eabi/lib/armv6k/fpu\libg.a(libc_a-freer.o)
                0x0010cce4                _malloc_trim_r
 .text._free_r  0x0010cdf8      0x314 C:/devkitPro/devkitARM/bin/../lib/gcc/arm-none-eabi/15.2.0/../../../../arm-none-eabi/lib/armv6k/fpu\libg.a(libc_a-freer.o)
                0x0010cdf8                _free_r
 .text.printf   0x0010d10c       0x34 C:/devkitPro/devkitARM/bin/../lib/gcc/arm-none-eabi/15.2.0/../../../../arm-none-eabi/lib/armv6k/fpu\libg.a(libc_a-printf.o)
                0x0010d10c                printf
 .text.strnlen  0x0010d140       0x3c C:/devkitPro/devkitARM/bin/../lib/gcc/arm-none-eabi/15.2.0/../../../../arm-none-eabi/lib/armv6k/fpu\libg.a(libc_a-strnlen.o)
                0x0010d140                strnlen
 .text.malloc   0x0010d17c       0x40 C:/devkitPro/devkitARM/bin/../lib/gcc/arm-none-eabi/15.2.0/../../../../arm-none-eabi/lib/armv6k/fpu\libg.a(libc_a-malloc.o)
                0x0010d17c                malloc
 .text.free     0x0010d1bc       0x20 C:/devkitPro/devkitARM/bin/../lib/gcc/arm-none-eabi/15.2.0/../../../../arm-none-eabi/lib/armv6k/fpu\libg.a(libc_a-malloc.o)
                0x0010d1bc                free
 .text.__sflush_r
                0x0010d1dc      0x22c C:/devkitPro/devkitARM/bin/../lib/gcc/arm-none-eabi/15.2.0/../../../../arm-none-eabi/lib/armv6k/fpu\libg.a(libc_a-fflush.o)
                0x0010d1dc                __sflush_r
 .text._fflush_r
                0x0010d408       0xc4 C:/devkitPro/devkitARM/bin/../lib/gcc/arm-none-eabi/15.2.0/../../../../arm-none-eabi/lib/armv6k/fpu\libg.a(libc_a-fflush.o)
                0x0010d408                _fflush_r
 .text.memset   0x0010d4cc       0xe4 C:/devkitPro/devkitARM/bin/../lib/gcc/arm-none-eabi/15.2.0/../../../../arm-none-eabi/lib/armv6k/fpu\libg.a(libc_a-memset.o)
                0x0010d4cc                memset
 .text.__malloc_lock
                0x0010d5b0        0xc C:/devkitPro/devkitARM/bin/../lib/gcc/arm-none-eabi/15.2.0/../../../../arm-none-eabi/lib/armv6k/fpu\libg.a(libc_a-mlock.o)
                0x0010d5b0                __malloc_lock
 .text.__malloc_unlock
                0x0010d5bc        0xc C:/devkitPro/devkitARM/bin/../lib/gcc/arm-none-eabi/15.2.0/../../../../arm-none-eabi/lib/armv6k/fpu\libg.a(libc_a-mlock.o)
                0x0010d5bc                __malloc_unlock
 .text.__call_exitprocs
                0x0010d5c8        0x4 C:/devkitPro/devkitARM/bin/../lib/gcc/arm-none-eabi/15.2.0/../../../../arm-none-eabi/lib/armv6k/fpu\libg.a(libc_a-exit.o)
                0x0010d5c8                __call_exitprocs
 .text.exit     0x0010d5cc       0x30 C:/devkitPro/devkitARM/bin/../lib/gcc/arm-none-eabi/15.2.0/../../../../arm-none-eabi/lib/armv6k/fpu\libg.a(libc_a-exit.o)
                0x0010d5cc                exit
 .text.setvbuf  0x0010d5fc      0x294 C:/devkitPro/devkitARM/bin/../lib/gcc/arm-none-eabi/15.2.0/../../../../arm-none-eabi/lib/armv6k/fpu\libg.a(libc_a-setvbuf.o)
                0x0010d5fc                setvbuf
 .text.close    0x0010d890       0x20 C:/devkitPro/devkitARM/bin/../lib/gcc/arm-none-eabi/15.2.0/../../../../arm-none-eabi/lib/armv6k/fpu\libg.a(libc_a-sysclose.o)
                0x0010d890                close
 .text.strncpy  0x0010d8b0       0xd4 C:/devkitPro/devkitARM/bin/../lib/gcc/arm-none-eabi/15.2.0/../../../../arm-none-eabi/lib/armv6k/fpu\libg.a(libc_a-strncpy.o)
                0x0010d8b0                strncpy
 .text.memcpy   0x0010d984      0x12c C:/devkitPro/devkitARM/bin/../lib/gcc/arm-none-eabi/15.2.0/../../../../arm-none-eabi/lib/armv6k/fpu\libg.a(libc_a-memcpy-stub.o)
                0x0010d984                memcpy
 .text.sscanf   0x0010dab0       0x78 C:/devkitPro/devkitARM/bin/../lib/gcc/arm-none-eabi/15.2.0/../../../../arm-none-eabi/lib/armv6k/fpu\libg.a(libc_a-sscanf.o)
                0x0010dab0                sscanf
 .text.__sread  0x0010db28       0x44 C:/devkitPro/devkitARM/bin/../lib/gcc/arm-none-eabi/15.2.0/../../../../arm-none-eabi/lib/armv6k/fpu\libg.a(libc_a-stdio.o)
                0x0010db28                __sread
 .text.__seofread
                0x0010db6c        0x8 C:/devkitPro/devkitARM/bin/../lib/gcc/arm-none-eabi/15.2.0/../../../../arm-none-eabi/lib/armv6k/fpu\libg.a(libc_a-stdio.o)
                0x0010db6c                __seofread
 .text.__swrite
                0x0010db74       0x68 C:/devkitPro/devkitARM/bin/../lib/gcc/arm-none-eabi/15.2.0/../../../../arm-none-eabi/lib/armv6k/fpu\libg.a(libc_a-stdio.o)
                0x0010db74                __swrite
 .text.__sseek  0x0010dbdc       0x40 C:/devkitPro/devkitARM/bin/../lib/gcc/arm-none-eabi/15.2.0/../../../../arm-none-eabi/lib/armv6k/fpu\libg.a(libc_a-stdio.o)
                0x0010dbdc                __sseek
 .text.__sclose
                0x0010dc1c        0x8 C:/devkitPro/devkitARM/bin/../lib/gcc/arm-none-eabi/15.2.0/../../../../arm-none-eabi/lib/armv6k/fpu\libg.a(libc_a-stdio.o)
                0x0010dc1c                __sclose
 .text._fclose_r
                0x0010dc24      0x144 C:/devkitPro/devkitARM/bin/../lib/gcc/arm-none-eabi/15.2.0/../../../../arm-none-eabi/lib/armv6k/fpu\libg.a(libc_a-fclose.o)
                0x0010dc24                _fclose_r
 .text._memalign_r
                0x0010dd68      0x16c C:/devkitPro/devkitARM/bin/../lib/gcc/arm-none-eabi/15.2.0/../../../../arm-none-eabi/lib/armv6k/fpu\libg.a(libc_a-malignr.o)
                0x0010dd68                _memalign_r
 .text.get_arg  0x0010ded4      0x5e0 C:/devkitPro/devkitARM/bin/../lib/gcc/arm-none-eabi/15.2.0/../../../../arm-none-eabi/lib/armv6k/fpu\libg.a(libc_a-vfprintf.o)
 *fill*         0x0010e4b4        0x4 
 .text._vfprintf_r
                0x0010e4b8     0x3554 C:/devkitPro/devkitARM/bin/../lib/gcc/arm-none-eabi/15.2.0/../../../../arm-none-eabi/lib/armv6k/fpu\libg.a(libc_a-vfprintf.o)
                0x0010e4b8                _vfprintf_r
 .text.__sbprintf
                0x00111a0c       0xb4 C:/devkitPro/devkitARM/bin/../lib/gcc/arm-none-eabi/15.2.0/../../../../arm-none-eabi/lib/armv6k/fpu\libg.a(libc_a-vfprintf.o)
 .text.memchr   0x00111ac0       0xe8 C:/devkitPro/devkitARM/bin/../lib/gcc/arm-none-eabi/15.2.0/../../../../arm-none-eabi/lib/armv6k/fpu\libg.a(libc_a-memchr-stub.o)
                0x00111ac0                memchr
 .text.quorem   0x00111ba8      0x1c0 C:/devkitPro/devkitARM/bin/../lib/gcc/arm-none-eabi/15.2.0/../../../../arm-none-eabi/lib/armv6k/fpu\libg.a(libc_a-dtoa.o)
 .text._dtoa_r  0x00111d68     0x1420 C:/devkitPro/devkitARM/bin/../lib/gcc/arm-none-eabi/15.2.0/../../../../arm-none-eabi/lib/armv6k/fpu\libg.a(libc_a-dtoa.o)
                0x00111d68                _dtoa_r
 .text._wcrtomb_r
                0x00113188       0xa0 C:/devkitPro/devkitARM/bin/../lib/gcc/arm-none-eabi/15.2.0/../../../../arm-none-eabi/lib/armv6k/fpu\libg.a(libc_a-wcrtomb.o)
                0x00113188                _wcrtomb_r
 .text.__libc_fini_array
                0x00113228       0x3c C:/devkitPro/devkitARM/bin/../lib/gcc/arm-none-eabi/15.2.0/../../../../arm-none-eabi/lib/armv6k/fpu\libg.a(libc_a-fini.o)
                0x00113228                __libc_fini_array
 .text.__smakebuf_r
                0x00113264      0x164 C:/devkitPro/devkitARM/bin/../lib/gcc/arm-none-eabi/15.2.0/../../../../arm-none-eabi/lib/armv6k/fpu\libg.a(libc_a-makebuf.o)
                0x00113264                __smakebuf_r
 .text.__swhatbuf_r
                0x001133c8       0x90 C:/devkitPro/devkitARM/bin/../lib/gcc/arm-none-eabi/15.2.0/../../../../arm-none-eabi/lib/armv6k/fpu\libg.a(libc_a-makebuf.o)
                0x001133c8                __swhatbuf_r
 .text.get_arg  0x00113458       0x50 C:/devkitPro/devkitARM/bin/../lib/gcc/arm-none-eabi/15.2.0/../../../../arm-none-eabi/lib/armv6k/fpu\libg.a(libc_a-svfscanf.o)
 .text.__ssvfscanf_r
                0x001134a8     0x2b88 C:/devkitPro/devkitARM/bin/../lib/gcc/arm-none-eabi/15.2.0/../../../../arm-none-eabi/lib/armv6k/fpu\libg.a(libc_a-svfscanf.o)
                0x001134a8                __ssvfscanf_r
 .text._strtoull_l.isra.0
                0x00116030      0x264 C:/devkitPro/devkitARM/bin/../lib/gcc/arm-none-eabi/15.2.0/../../../../arm-none-eabi/lib/armv6k/fpu\libg.a(libc_a-strtoull.o)
 .text._strtoull_r
                0x00116294       0x38 C:/devkitPro/devkitARM/bin/../lib/gcc/arm-none-eabi/15.2.0/../../../../arm-none-eabi/lib/armv6k/fpu\libg.a(libc_a-strtoull.o)
                0x00116294                _strtoull_r
 .text._wcsrtombs_r
                0x001162cc       0x28 C:/devkitPro/devkitARM/bin/../lib/gcc/arm-none-eabi/15.2.0/../../../../arm-none-eabi/lib/armv6k/fpu\libg.a(libc_a-wcsrtombs.o)
                0x001162cc                _wcsrtombs_r
 .text._mbrtowc_r
                0x001162f4       0xc4 C:/devkitPro/devkitARM/bin/../lib/gcc/arm-none-eabi/15.2.0/../../../../arm-none-eabi/lib/armv6k/fpu\libg.a(libc_a-mbrtowc.o)
                0x001162f4                _mbrtowc_r
 .text.__swsetup_r
                0x001163b8      0x140 C:/devkitPro/devkitARM/bin/../lib/gcc/arm-none-eabi/15.2.0/../../../../arm-none-eabi/lib/armv6k/fpu\libg.a(libc_a-wsetup.o)
                0x001163b8                __swsetup_r
 .text.nanf     0x001164f8        0xc C:/devkitPro/devkitARM/bin/../lib/gcc/arm-none-eabi/15.2.0/../../../../arm-none-eabi/lib/armv6k/fpu\libg.a(libm_a-sf_nan.o)
                0x001164f8                nanf
 *fill*         0x00116504        0x4 
 .text.frexp    0x00116508       0x88 C:/devkitPro/devkitARM/bin/../lib/gcc/arm-none-eabi/15.2.0/../../../../arm-none-eabi/lib/armv6k/fpu\libg.a(libm_a-s_frexp.o)
                0x00116508                frexp
 .text.__assert_func
                0x00116590       0x5c C:/devkitPro/devkitARM/bin/../lib/gcc/arm-none-eabi/15.2.0/../../../../arm-none-eabi/lib/armv6k/fpu\libg.a(libc_a-assert.o)
                0x00116590                __assert_func
 .text._Balloc  0x001165ec       0x88 C:/devkitPro/devkitARM/bin/../lib/gcc/arm-none-eabi/15.2.0/../../../../arm-none-eabi/lib/armv6k/fpu\libg.a(libc_a-mprec.o)
                0x001165ec                _Balloc
 .text._Bfree   0x00116674       0x1c C:/devkitPro/devkitARM/bin/../lib/gcc/arm-none-eabi/15.2.0/../../../../arm-none-eabi/lib/armv6k/fpu\libg.a(libc_a-mprec.o)
                0x00116674                _Bfree
 .text.__multadd
                0x00116690       0xf4 C:/devkitPro/devkitARM/bin/../lib/gcc/arm-none-eabi/15.2.0/../../../../arm-none-eabi/lib/armv6k/fpu\libg.a(libc_a-mprec.o)
                0x00116690                __multadd
 .text.__s2b    0x00116784      0x10c C:/devkitPro/devkitARM/bin/../lib/gcc/arm-none-eabi/15.2.0/../../../../arm-none-eabi/lib/armv6k/fpu\libg.a(libc_a-mprec.o)
                0x00116784                __s2b
 .text.__hi0bits
                0x00116890       0x80 C:/devkitPro/devkitARM/bin/../lib/gcc/arm-none-eabi/15.2.0/../../../../arm-none-eabi/lib/armv6k/fpu\libg.a(libc_a-mprec.o)
                0x00116890                __hi0bits
 .text.__lo0bits
                0x00116910       0xf0 C:/devkitPro/devkitARM/bin/../lib/gcc/arm-none-eabi/15.2.0/../../../../arm-none-eabi/lib/armv6k/fpu\libg.a(libc_a-mprec.o)
                0x00116910                __lo0bits
 .text.__i2b    0x00116a00       0xa4 C:/devkitPro/devkitARM/bin/../lib/gcc/arm-none-eabi/15.2.0/../../../../arm-none-eabi/lib/armv6k/fpu\libg.a(libc_a-mprec.o)
                0x00116a00                __i2b
 .text.__multiply
                0x00116aa4      0x230 C:/devkitPro/devkitARM/bin/../lib/gcc/arm-none-eabi/15.2.0/../../../../arm-none-eabi/lib/armv6k/fpu\libg.a(libc_a-mprec.o)
                0x00116aa4                __multiply
 .text.__pow5mult
                0x00116cd4      0x130 C:/devkitPro/devkitARM/bin/../lib/gcc/arm-none-eabi/15.2.0/../../../../arm-none-eabi/lib/armv6k/fpu\libg.a(libc_a-mprec.o)
                0x00116cd4                __pow5mult
 .text.__lshift
                0x00116e04      0x138 C:/devkitPro/devkitARM/bin/../lib/gcc/arm-none-eabi/15.2.0/../../../../arm-none-eabi/lib/armv6k/fpu\libg.a(libc_a-mprec.o)
                0x00116e04                __lshift
 .text.__mcmp   0x00116f3c       0x58 C:/devkitPro/devkitARM/bin/../lib/gcc/arm-none-eabi/15.2.0/../../../../arm-none-eabi/lib/armv6k/fpu\libg.a(libc_a-mprec.o)
                0x00116f3c                __mcmp
 .text.__mdiff  0x00116f94      0x218 C:/devkitPro/devkitARM/bin/../lib/gcc/arm-none-eabi/15.2.0/../../../../arm-none-eabi/lib/armv6k/fpu\libg.a(libc_a-mprec.o)
                0x00116f94                __mdiff
 .text.__ulp    0x001171ac       0x68 C:/devkitPro/devkitARM/bin/../lib/gcc/arm-none-eabi/15.2.0/../../../../arm-none-eabi/lib/armv6k/fpu\libg.a(libc_a-mprec.o)
                0x001171ac                __ulp
 .text.__b2d    0x00117214       0xd4 C:/devkitPro/devkitARM/bin/../lib/gcc/arm-none-eabi/15.2.0/../../../../arm-none-eabi/lib/armv6k/fpu\libg.a(libc_a-mprec.o)
                0x00117214                __b2d
 .text.__d2b    0x001172e8      0x120 C:/devkitPro/devkitARM/bin/../lib/gcc/arm-none-eabi/15.2.0/../../../../arm-none-eabi/lib/armv6k/fpu\libg.a(libc_a-mprec.o)
                0x001172e8                __d2b
 .text.__ratio  0x00117408       0x78 C:/devkitPro/devkitARM/bin/../lib/gcc/arm-none-eabi/15.2.0/../../../../arm-none-eabi/lib/armv6k/fpu\libg.a(libc_a-mprec.o)
                0x00117408                __ratio
 .text.__copybits
                0x00117480       0x8c C:/devkitPro/devkitARM/bin/../lib/gcc/arm-none-eabi/15.2.0/../../../../arm-none-eabi/lib/armv6k/fpu\libg.a(libc_a-mprec.o)
                0x00117480                __copybits
 .text.__any_on
                0x0011750c       0x5c C:/devkitPro/devkitARM/bin/../lib/gcc/arm-none-eabi/15.2.0/../../../../arm-none-eabi/lib/armv6k/fpu\libg.a(libc_a-mprec.o)
                0x0011750c                __any_on
 .text._strtoll_l.isra.0
                0x00117568      0x47c C:/devkitPro/devkitARM/bin/../lib/gcc/arm-none-eabi/15.2.0/../../../../arm-none-eabi/lib/armv6k/fpu\libg.a(libc_a-strtoll.o)
 .text._strtoll_r
                0x001179e4       0x38 C:/devkitPro/devkitARM/bin/../lib/gcc/arm-none-eabi/15.2.0/../../../../arm-none-eabi/lib/armv6k/fpu\libg.a(libc_a-strtoll.o)
                0x001179e4                _strtoll_r
 .text.__locale_mb_cur_max
                0x00117a1c       0x24 C:/devkitPro/devkitARM/bin/../lib/gcc/arm-none-eabi/15.2.0/../../../../arm-none-eabi/lib/armv6k/fpu\libg.a(libc_a-locale.o)
                0x00117a1c                __locale_mb_cur_max
 .text.sulp     0x00117a40       0x60 C:/devkitPro/devkitARM/bin/../lib/gcc/arm-none-eabi/15.2.0/../../../../arm-none-eabi/lib/armv6k/fpu\libg.a(libc_a-strtod.o)
 .text._strtod_l
                0x00117aa0     0x1428 C:/devkitPro/devkitARM/bin/../lib/gcc/arm-none-eabi/15.2.0/../../../../arm-none-eabi/lib/armv6k/fpu\libg.a(libc_a-strtod.o)
                0x00117aa0                _strtod_l
 .text._strtod_r
                0x00118ec8       0x44 C:/devkitPro/devkitARM/bin/../lib/gcc/arm-none-eabi/15.2.0/../../../../arm-none-eabi/lib/armv6k/fpu\libg.a(libc_a-strtod.o)
                0x00118ec8                _strtod_r
 .text.__ssprint_r
                0x00118f0c       0xa4 C:/devkitPro/devkitARM/bin/../lib/gcc/arm-none-eabi/15.2.0/../../../../arm-none-eabi/lib/armv6k/fpu\libg.a(libc_a-ssprint_r.o)
                0x00118f0c                __ssprint_r
 .text.fiprintf
                0x00118fb0       0x3c C:/devkitPro/devkitARM/bin/../lib/gcc/arm-none-eabi/15.2.0/../../../../arm-none-eabi/lib/armv6k/fpu\libg.a(libc_a-fiprintf.o)
                0x00118fb0                fiprintf
 .text._wcsnrtombs_l
                0x00118fec      0x15c C:/devkitPro/devkitARM/bin/../lib/gcc/arm-none-eabi/15.2.0/../../../../arm-none-eabi/lib/armv6k/fpu\libg.a(libc_a-wcsnrtombs.o)
                0x00118fec                _wcsnrtombs_l
 .text._wcsnrtombs_r
                0x00119148       0x64 C:/devkitPro/devkitARM/bin/../lib/gcc/arm-none-eabi/15.2.0/../../../../arm-none-eabi/lib/armv6k/fpu\libg.a(libc_a-wcsnrtombs.o)
                0x00119148                _wcsnrtombs_r
 .text._sungetc_r
                0x001191ac       0xe4 C:/devkitPro/devkitARM/bin/../lib/gcc/arm-none-eabi/15.2.0/../../../../arm-none-eabi/lib/armv6k/fpu\libg.a(libc_a-svfiscanf.o)
                0x001191ac                _sungetc_r
 .text.__ssrefill_r
                0x00119290       0x6c C:/devkitPro/devkitARM/bin/../lib/gcc/arm-none-eabi/15.2.0/../../../../arm-none-eabi/lib/armv6k/fpu\libg.a(libc_a-svfiscanf.o)
                0x00119290                __ssrefill_r
 .text._sfread_r
                0x001192fc       0xb4 C:/devkitPro/devkitARM/bin/../lib/gcc/arm-none-eabi/15.2.0/../../../../arm-none-eabi/lib/armv6k/fpu\libg.a(libc_a-svfiscanf.o)
                0x001192fc                _sfread_r
 .text.rshift   0x001193b0       0xf4 C:/devkitPro/devkitARM/bin/../lib/gcc/arm-none-eabi/15.2.0/../../../../arm-none-eabi/lib/armv6k/fpu\libg.a(libc_a-gdtoa-gethex.o)
 .text.__gethex
                0x001194a4      0x8b4 C:/devkitPro/devkitARM/bin/../lib/gcc/arm-none-eabi/15.2.0/../../../../arm-none-eabi/lib/armv6k/fpu\libg.a(libc_a-gdtoa-gethex.o)
                0x001194a4                __gethex
 .text.sprintf  0x00119d58       0x68 C:/devkitPro/devkitARM/bin/../lib/gcc/arm-none-eabi/15.2.0/../../../../arm-none-eabi/lib/armv6k/fpu\libg.a(libc_a-sprintf.o)
                0x00119d58                sprintf
 .text.__utf8_mbtowc
                0x00119dc0      0x340 C:/devkitPro/devkitARM/bin/../lib/gcc/arm-none-eabi/15.2.0/../../../../arm-none-eabi/lib/armv6k/fpu\libg.a(libc_a-mbtowc_r.o)
                0x00119dc0                __utf8_mbtowc
 .text.__sprint_r
                0x0011a100       0x30 C:/devkitPro/devkitARM/bin/../lib/gcc/arm-none-eabi/15.2.0/../../../../arm-none-eabi/lib/armv6k/fpu\libg.a(libc_a-sprint_r.o)
                0x0011a100                __sprint_r
 .text.iswspace
                0x0011a130        0x8 C:/devkitPro/devkitARM/bin/../lib/gcc/arm-none-eabi/15.2.0/../../../../arm-none-eabi/lib/armv6k/fpu\libg.a(libc_a-iswspace.o)
                0x0011a130                iswspace
 .text.abort    0x0011a138       0x14 C:/devkitPro/devkitARM/bin/../lib/gcc/arm-none-eabi/15.2.0/../../../../arm-none-eabi/lib/armv6k/fpu\libg.a(libc_a-abort.o)
                0x0011a138                abort
 .text._localeconv_r
                0x0011a14c       0x24 C:/devkitPro/devkitARM/bin/../lib/gcc/arm-none-eabi/15.2.0/../../../../arm-none-eabi/lib/armv6k/fpu\libg.a(libc_a-localeconv.o)
                0x0011a14c                _localeconv_r
 .text._calloc_r
                0x0011a170       0xd8 C:/devkitPro/devkitARM/bin/../lib/gcc/arm-none-eabi/15.2.0/../../../../arm-none-eabi/lib/armv6k/fpu\libg.a(libc_a-callocr.o)
                0x0011a170                _calloc_r
 .text.realloc  0x0011a248       0x28 C:/devkitPro/devkitARM/bin/../lib/gcc/arm-none-eabi/15.2.0/../../../../arm-none-eabi/lib/armv6k/fpu\libg.a(libc_a-realloc.o)
                0x0011a248                realloc
 .text.get_arg  0x0011a270      0x5e0 C:/devkitPro/devkitARM/bin/../lib/gcc/arm-none-eabi/15.2.0/../../../../arm-none-eabi/lib/armv6k/fpu\libg.a(libc_a-svfprintf.o)
 .text._svfprintf_r
                0x0011a850     0x345c C:/devkitPro/devkitARM/bin/../lib/gcc/arm-none-eabi/15.2.0/../../../../arm-none-eabi/lib/armv6k/fpu\libg.a(libc_a-svfprintf.o)
                0x0011a850                _svfprintf_r
 .text._strtol_l.part.0
                0x0011dcac      0x384 C:/devkitPro/devkitARM/bin/../lib/gcc/arm-none-eabi/15.2.0/../../../../arm-none-eabi/lib/armv6k/fpu\libg.a(libc_a-strtol.o)
 .text._strtol_r
                0x0011e030       0x6c C:/devkitPro/devkitARM/bin/../lib/gcc/arm-none-eabi/15.2.0/../../../../arm-none-eabi/lib/armv6k/fpu\libg.a(libc_a-strtol.o)
                0x0011e030                _strtol_r
 .text.__sccl   0x0011e09c       0xf8 C:/devkitPro/devkitARM/bin/../lib/gcc/arm-none-eabi/15.2.0/../../../../arm-none-eabi/lib/armv6k/fpu\libg.a(libc_a-sccl.o)
                0x0011e09c                __sccl
 .text.stpncpy  0x0011e194       0xdc C:/devkitPro/devkitARM/bin/../lib/gcc/arm-none-eabi/15.2.0/../../../../arm-none-eabi/lib/armv6k/fpu\libg.a(libc_a-stpncpy.o)
                0x0011e194                stpncpy
 .text._realloc_r
                0x0011e270      0x4f0 C:/devkitPro/devkitARM/bin/../lib/gcc/arm-none-eabi/15.2.0/../../../../arm-none-eabi/lib/armv6k/fpu\libg.a(libc_a-reallocr.o)
                0x0011e270                _realloc_r
 .text.__ssputs_r
                0x0011e760      0x12c C:/devkitPro/devkitARM/bin/../lib/gcc/arm-none-eabi/15.2.0/../../../../arm-none-eabi/lib/armv6k/fpu\libg.a(libc_a-ssputs_r.o)
                0x0011e760                __ssputs_r
 .text.__utf8_wctomb
                0x0011e88c       0xf8 C:/devkitPro/devkitARM/bin/../lib/gcc/arm-none-eabi/15.2.0/../../../../arm-none-eabi/lib/armv6k/fpu\libg.a(libc_a-wctomb_r.o)
                0x0011e88c                __utf8_wctomb
 .text.__match  0x0011e984       0x70 C:/devkitPro/devkitARM/bin/../lib/gcc/arm-none-eabi/15.2.0/../../../../arm-none-eabi/lib/armv6k/fpu\libg.a(libc_a-gdtoa-hexnan.o)
                0x0011e984                __match
 .text.__hexnan
                0x0011e9f4      0x2a8 C:/devkitPro/devkitARM/bin/../lib/gcc/arm-none-eabi/15.2.0/../../../../arm-none-eabi/lib/armv6k/fpu\libg.a(libc_a-gdtoa-hexnan.o)
                0x0011e9f4                __hexnan
 *fill*         0x0011ec9c        0x4 
 .text.nan      0x0011eca0       0x10 C:/devkitPro/devkitARM/bin/../lib/gcc/arm-none-eabi/15.2.0/../../../../arm-none-eabi/lib/armv6k/fpu\libg.a(libm_a-s_nan.o)
                0x0011eca0                nan
 .text.__sfvwrite_r
                0x0011ecb0      0x4a4 C:/devkitPro/devkitARM/bin/../lib/gcc/arm-none-eabi/15.2.0/../../../../arm-none-eabi/lib/armv6k/fpu\libg.a(libc_a-fvwrite.o)
                0x0011ecb0                __sfvwrite_r
 .text.strchr   0x0011f154      0x140 C:/devkitPro/devkitARM/bin/../lib/gcc/arm-none-eabi/15.2.0/../../../../arm-none-eabi/lib/armv6k/fpu\libg.a(libc_a-strchr.o)
                0x0011f154                strchr
 .text.memmove  0x0011f294      0x16c C:/devkitPro/devkitARM/bin/../lib/gcc/arm-none-eabi/15.2.0/../../../../arm-none-eabi/lib/armv6k/fpu\libg.a(libc_a-memmove.o)
                0x0011f294                memmove
 .text._raise_r
                0x0011f400       0x9c C:/devkitPro/devkitARM/bin/../lib/gcc/arm-none-eabi/15.2.0/../../../../arm-none-eabi/lib/armv6k/fpu\libg.a(libc_a-signal.o)
                0x0011f400                _raise_r
 .text.raise    0x0011f49c       0x20 C:/devkitPro/devkitARM/bin/../lib/gcc/arm-none-eabi/15.2.0/../../../../arm-none-eabi/lib/armv6k/fpu\libg.a(libc_a-signal.o)
                0x0011f49c                raise
 .text.iswspace_l
                0x0011f4bc       0x38 C:/devkitPro/devkitARM/bin/../lib/gcc/arm-none-eabi/15.2.0/../../../../arm-none-eabi/lib/armv6k/fpu\libg.a(libc_a-iswspace_l.o)
                0x0011f4bc                iswspace_l
 .text.__submore
                0x0011f4f4       0xb8 C:/devkitPro/devkitARM/bin/../lib/gcc/arm-none-eabi/15.2.0/../../../../arm-none-eabi/lib/armv6k/fpu\libg.a(libc_a-ungetc.o)
                0x0011f4f4                __submore
 .text.get_arg  0x0011f5ac      0x5e0 C:/devkitPro/devkitARM/bin/../lib/gcc/arm-none-eabi/15.2.0/../../../../arm-none-eabi/lib/armv6k/fpu\libg.a(libc_a-vfiprintf.o)
 .text._vfiprintf_r
                0x0011fb8c     0x22f8 C:/devkitPro/devkitARM/bin/../lib/gcc/arm-none-eabi/15.2.0/../../../../arm-none-eabi/lib/armv6k/fpu\libg.a(libc_a-vfiprintf.o)
                0x0011fb8c                _vfiprintf_r
 .text.__sbprintf
                0x00121e84       0xb4 C:/devkitPro/devkitARM/bin/../lib/gcc/arm-none-eabi/15.2.0/../../../../arm-none-eabi/lib/armv6k/fpu\libg.a(libc_a-vfiprintf.o)
 .text.category
                0x00121f38       0x90 C:/devkitPro/devkitARM/bin/../lib/gcc/arm-none-eabi/15.2.0/../../../../arm-none-eabi/lib/armv6k/fpu\libg.a(libc_a-categories.o)
                0x00121f38                category
 .text._exit    0x00121fc8       0x20 C:/devkitPro/devkitARM/bin/../lib/gcc/arm-none-eabi/15.2.0/../../../../arm-none-eabi/lib/armv6k/fpu\libsysbase.a(libsysbase_libsysbase_a-_exit.o)
                0x00121fc8                _exit
 .text.chdir    0x00121fe8      0x140 C:/devkitPro/devkitARM/bin/../lib/gcc/arm-none-eabi/15.2.0/../../../../arm-none-eabi/lib/armv6k/fpu\libsysbase.a(libsysbase_libsysbase_a-chdir.o)
                0x00121fe8                chdir
 .text._concatenate_path
                0x00122128      0x1c8 C:/devkitPro/devkitARM/bin/../lib/gcc/arm-none-eabi/15.2.0/../../../../arm-none-eabi/lib/armv6k/fpu\libsysbase.a(libsysbase_libsysbase_a-concatenate.o)
                0x00122128                _concatenate_path
 .text._fstat_r
                0x001222f0       0x9c C:/devkitPro/devkitARM/bin/../lib/gcc/arm-none-eabi/15.2.0/../../../../arm-none-eabi/lib/armv6k/fpu\libsysbase.a(libsysbase_libsysbase_a-fstat.o)
                0x001222f0                _fstat_r
 .text._getpid_r
                0x0012238c       0x14 C:/devkitPro/devkitARM/bin/../lib/gcc/arm-none-eabi/15.2.0/../../../../arm-none-eabi/lib/armv6k/fpu\libsysbase.a(libsysbase_libsysbase_a-getpid.o)
                0x0012238c                _getpid_r
 .text.__getreent
                0x001223a0       0x2c C:/devkitPro/devkitARM/bin/../lib/gcc/arm-none-eabi/15.2.0/../../../../arm-none-eabi/lib/armv6k/fpu\libsysbase.a(libsysbase_libsysbase_a-getreent.o)
                0x001223a0                __getreent
 .text.__release_handle
                0x001223cc       0xa0 C:/devkitPro/devkitARM/bin/../lib/gcc/arm-none-eabi/15.2.0/../../../../arm-none-eabi/lib/armv6k/fpu\libsysbase.a(libsysbase_libsysbase_a-handle_manager.o)
                0x001223cc                __release_handle
 .text.__alloc_handle
                0x0012246c       0xb0 C:/devkitPro/devkitARM/bin/../lib/gcc/arm-none-eabi/15.2.0/../../../../arm-none-eabi/lib/armv6k/fpu\libsysbase.a(libsysbase_libsysbase_a-handle_manager.o)
                0x0012246c                __alloc_handle
 .text.__get_handle
                0x0012251c       0x58 C:/devkitPro/devkitARM/bin/../lib/gcc/arm-none-eabi/15.2.0/../../../../arm-none-eabi/lib/armv6k/fpu\libsysbase.a(libsysbase_libsysbase_a-handle_manager.o)
                0x0012251c                __get_handle
 .text._close_r
                0x00122574      0x110 C:/devkitPro/devkitARM/bin/../lib/gcc/arm-none-eabi/15.2.0/../../../../arm-none-eabi/lib/armv6k/fpu\libsysbase.a(libsysbase_libsysbase_a-handle_manager.o)
                0x00122574                _close_r
 .text.null_write
                0x00122684        0x8 C:/devkitPro/devkitARM/bin/../lib/gcc/arm-none-eabi/15.2.0/../../../../arm-none-eabi/lib/armv6k/fpu\libsysbase.a(libsysbase_libsysbase_a-iosupport.o)
 .text.setDefaultDevice
                0x0012268c       0x18 C:/devkitPro/devkitARM/bin/../lib/gcc/arm-none-eabi/15.2.0/../../../../arm-none-eabi/lib/armv6k/fpu\libsysbase.a(libsysbase_libsysbase_a-iosupport.o)
                0x0012268c                setDefaultDevice
 .text.FindDevice
                0x001226a4       0xc4 C:/devkitPro/devkitARM/bin/../lib/gcc/arm-none-eabi/15.2.0/../../../../arm-none-eabi/lib/armv6k/fpu\libsysbase.a(libsysbase_libsysbase_a-iosupport.o)
                0x001226a4                FindDevice
 .text.RemoveDevice
                0x00122768       0x28 C:/devkitPro/devkitARM/bin/../lib/gcc/arm-none-eabi/15.2.0/../../../../arm-none-eabi/lib/armv6k/fpu\libsysbase.a(libsysbase_libsysbase_a-iosupport.o)
                0x00122768                RemoveDevice
 .text.AddDevice
                0x00122790       0x98 C:/devkitPro/devkitARM/bin/../lib/gcc/arm-none-eabi/15.2.0/../../../../arm-none-eabi/lib/armv6k/fpu\libsysbase.a(libsysbase_libsysbase_a-iosupport.o)
                0x00122790                AddDevice
 .text.GetDeviceOpTab
                0x00122828       0x20 C:/devkitPro/devkitARM/bin/../lib/gcc/arm-none-eabi/15.2.0/../../../../arm-none-eabi/lib/armv6k/fpu\libsysbase.a(libsysbase_libsysbase_a-iosupport.o)
                0x00122828                GetDeviceOpTab
 .text._isatty_r
                0x00122848        0x8 C:/devkitPro/devkitARM/bin/../lib/gcc/arm-none-eabi/15.2.0/../../../../arm-none-eabi/lib/armv6k/fpu\libsysbase.a(libsysbase_libsysbase_a-isatty.o)
                0x00122848                _isatty_r
 .text._kill_r  0x00122850       0x14 C:/devkitPro/devkitARM/bin/../lib/gcc/arm-none-eabi/15.2.0/../../../../arm-none-eabi/lib/armv6k/fpu\libsysbase.a(libsysbase_libsysbase_a-kill.o)
                0x00122850                _kill_r
 .text._lseek_r
                0x00122864       0x94 C:/devkitPro/devkitARM/bin/../lib/gcc/arm-none-eabi/15.2.0/../../../../arm-none-eabi/lib/armv6k/fpu\libsysbase.a(libsysbase_libsysbase_a-lseek.o)
                0x00122864                _lseek_r
 .text._read_r  0x001228f8       0x94 C:/devkitPro/devkitARM/bin/../lib/gcc/arm-none-eabi/15.2.0/../../../../arm-none-eabi/lib/armv6k/fpu\libsysbase.a(libsysbase_libsysbase_a-read.o)
                0x001228f8                _read_r
 .text._sbrk_r  0x0012298c       0x78 C:/devkitPro/devkitARM/bin/../lib/gcc/arm-none-eabi/15.2.0/../../../../arm-none-eabi/lib/armv6k/fpu\libsysbase.a(libsysbase_libsysbase_a-sbrk.o)
                0x0012298c                _sbrk_r
 .text.__libc_lock_acquire
                0x00122a04       0x1c C:/devkitPro/devkitARM/bin/../lib/gcc/arm-none-eabi/15.2.0/../../../../arm-none-eabi/lib/armv6k/fpu\libsysbase.a(libsysbase_libsysbase_a-syscall_support.o)
                0x00122a04                __libc_lock_acquire
 .text.__libc_lock_release
                0x00122a20       0x1c C:/devkitPro/devkitARM/bin/../lib/gcc/arm-none-eabi/15.2.0/../../../../arm-none-eabi/lib/armv6k/fpu\libsysbase.a(libsysbase_libsysbase_a-syscall_support.o)
                0x00122a20                __libc_lock_release
 .text.__libc_lock_acquire_recursive
                0x00122a3c       0x1c C:/devkitPro/devkitARM/bin/../lib/gcc/arm-none-eabi/15.2.0/../../../../arm-none-eabi/lib/armv6k/fpu\libsysbase.a(libsysbase_libsysbase_a-syscall_support.o)
                0x00122a3c                __libc_lock_acquire_recursive
 .text.__libc_lock_release_recursive
                0x00122a58       0x1c C:/devkitPro/devkitARM/bin/../lib/gcc/arm-none-eabi/15.2.0/../../../../arm-none-eabi/lib/armv6k/fpu\libsysbase.a(libsysbase_libsysbase_a-syscall_support.o)
                0x00122a58                __libc_lock_release_recursive
 .text._write_r
                0x00122a74       0x94 C:/devkitPro/devkitARM/bin/../lib/gcc/arm-none-eabi/15.2.0/../../../../arm-none-eabi/lib/armv6k/fpu\libsysbase.a(libsysbase_libsysbase_a-write.o)
                0x00122a74                _write_r
 .text.strrchr  0x00122b08       0x48 C:/devkitPro/devkitARM/bin/../lib/gcc/arm-none-eabi/15.2.0/../../../../arm-none-eabi/lib/armv6k/fpu\libg.a(libc_a-strrchr.o)
                0x00122b08                strrchr
 *(.glue_7)
 .glue_7        0x00122b50        0x0 linker stubs
 *(.glue_7t)
 .glue_7t       0x00122b50        0x0 linker stubs
 *(.stub)
 *(.gnu.warning)
 *(.gnu.linkonce.t*)
                0x00122b50                        . = ALIGN (0x4)
 *(.fini)
 .fini          0x00122b50        0xc C:/devkitPro/devkitARM/bin/../lib/gcc/arm-none-eabi/15.2.0/armv6k/fpu/crti.o
                0x00122b50                _fini
 .fini          0x00122b5c        0xc C:/devkitPro/devkitARM/bin/../lib/gcc/arm-none-eabi/15.2.0/armv6k/fpu/crtn.o
                0x00122b68                        . = ALIGN (0x4)

.vfp11_veneer   0x00122b68        0x0
 .vfp11_veneer  0x00122b68        0x0 linker stubs

.v4_bx          0x00122b68        0x0
 .v4_bx         0x00122b68        0x0 linker stubs

.iplt           0x00122b68        0x0
 .iplt          0x00122b68        0x0 C:/devkitPro/devkitARM/bin/../lib/gcc/arm-none-eabi/15.2.0/../../../../arm-none-eabi/lib/armv6k/fpu/3dsx_crt0.o
                0x00123000                        . = ALIGN (0x1000)

.rodata         0x00123000     0x5050
 *(.rodata)
 .rodata        0x00123000        0xc C:/devkitPro/libctru/lib\libctru.a(archive_dev.o)
 *(.roda)
 *(.rodata.*)
 .rodata.str1.4
                0x0012300c      0x438 main.o
                                0x13a (size before relaxing)
 .rodata.consolePrintChar
                0x00123444        0x6 C:/devkitPro/libctru/lib\libctru.a(console.o)
 .rodata.con_write
                0x0012344a      0x164 C:/devkitPro/libctru/lib\libctru.a(console.o)
 .rodata.str1.4
                0x001235ae        0x0 C:/devkitPro/libctru/lib\libctru.a(console.o)
                                 0x10 (size before relaxing)
 *fill*         0x001235ae        0x2 
 .rodata.dotab_stdout
                0x001235b0       0x80 C:/devkitPro/libctru/lib\libctru.a(console.o)
 .rodata.grayScale
                0x00123630       0x18 C:/devkitPro/libctru/lib\libctru.a(console.o)
 .rodata.colorCube
                0x00123648        0x6 C:/devkitPro/libctru/lib\libctru.a(console.o)
 *fill*         0x0012364e        0x2 
 .rodata.colorTable
                0x00123650       0x30 C:/devkitPro/libctru/lib\libctru.a(console.o)
 .rodata.acInit.str1.4
                0x00123680        0x0 C:/devkitPro/libctru/lib\libctru.a(ac.o)
                                  0xd (size before relaxing)
 .rodata.aptEventHandler
                0x00123680        0xb C:/devkitPro/libctru/lib\libctru.a(apt.o)
 .rodata.aptWaitForWakeUp.isra.0
                0x0012368b       0x11 C:/devkitPro/libctru/lib\libctru.a(apt.o)
 .rodata.morton_y.2
                0x0012369c        0x8 C:/devkitPro/libctru/lib\libctru.a(apt.o)
 .rodata.morton_x.3
                0x001236a4        0x8 C:/devkitPro/libctru/lib\libctru.a(apt.o)
 .rodata.s_sleepWakeEvents.4
                0x001236ac        0x8 C:/devkitPro/libctru/lib\libctru.a(apt.o)
 .rodata.str1.4
                0x001236b4        0x0 C:/devkitPro/libctru/lib\libctru.a(apt.o)
                                 0x16 (size before relaxing)
 .rodata.serviceNameTable.5
                0x001236b4        0xc C:/devkitPro/libctru/lib\libctru.a(apt.o)
 .rodata.gspInit.str1.4
                0x001236c0        0x0 C:/devkitPro/libctru/lib\libctru.a(gspgpu.o)
                                  0x9 (size before relaxing)
 .rodata.hidInit.str1.4
                0x001236c0        0x0 C:/devkitPro/libctru/lib\libctru.a(hid.o)
                                 0x15 (size before relaxing)
 .rodata.irrstInit.str1.4
                0x001236c0        0x0 C:/devkitPro/libctru/lib\libctru.a(irrst.o)
                                  0x7 (size before relaxing)
 .rodata.closesocket.str1.4
                0x001236c0        0x0 C:/devkitPro/libctru/lib\libctru.a(soc_closesocket.o)
                                  0x4 (size before relaxing)
 .rodata.inet_pton.str1.4
                0x001236c0        0x0 C:/devkitPro/libctru/lib\libctru.a(soc_inet_pton.o)
                                 0x14 (size before relaxing)
 .rodata.socInit.str1.4
                0x001236c0        0x0 C:/devkitPro/libctru/lib\libctru.a(soc_init.o)
                                  0xe (size before relaxing)
 .rodata.str1.4
                0x001236c0        0x0 C:/devkitPro/libctru/lib\libctru.a(soc_init.o)
                                  0x4 (size before relaxing)
 .rodata.sendto.str1.4
                0x001236c0        0x0 C:/devkitPro/libctru/lib\libctru.a(soc_sendto.o)
                                  0x4 (size before relaxing)
 .rodata.socket.str1.4
                0x001236c0        0x0 C:/devkitPro/libctru/lib\libctru.a(soc_socket.o)
                                  0x5 (size before relaxing)
 .rodata.__system_initArgv.str1.4
                0x001236c0        0x0 C:/devkitPro/libctru/lib\libctru.a(initArgv.o)
                                  0xa (size before relaxing)
 .rodata.default_font_bin
                0x001236c0      0x800 C:/devkitPro/libctru/lib\libctru.a(default_font.bin.o)
                0x001236c0                default_font_bin
                0x00123ec0                default_font_bin_end
 .rodata.srvInit.str1.4
                0x00123ec0        0x0 C:/devkitPro/libctru/lib\libctru.a(srv.o)
                                  0x5 (size before relaxing)
 .rodata.ptmSysmInit.str1.4
                0x00123ec0        0x0 C:/devkitPro/libctru/lib\libctru.a(ptmsysm.o)
                                  0x9 (size before relaxing)
 .rodata._net_error_code_map
                0x00123ec0       0x4d C:/devkitPro/libctru/lib\libctru.a(soc_common.o)
 .rodata.archive_utf16path.str1.4
                0x00123f0d        0x0 C:/devkitPro/libctru/lib\libctru.a(archive_dev.o)
                                  0x2 (size before relaxing)
 .rodata._archiveUnmountDeviceStruct.part.0.str1.4
                0x00123f0d        0x0 C:/devkitPro/libctru/lib\libctru.a(archive_dev.o)
                                  0x2 (size before relaxing)
 .rodata._archiveMountDevice.str1.4
                0x00123f0d        0x0 C:/devkitPro/libctru/lib\libctru.a(archive_dev.o)
                                  0xc (size before relaxing)
 .rodata.archiveMountSdmc.str1.4
                0x00123f0d        0x0 C:/devkitPro/libctru/lib\libctru.a(archive_dev.o)
                                  0x5 (size before relaxing)
 *fill*         0x00123f0d        0x3 
 .rodata.error_table
                0x00123f10       0x30 C:/devkitPro/libctru/lib\libctru.a(archive_dev.o)
 .rodata.str1.4
                0x00123f40        0x0 C:/devkitPro/libctru/lib\libctru.a(archive_dev.o)
                                  0x8 (size before relaxing)
 .rodata.archive_devoptab
                0x00123f40       0x80 C:/devkitPro/libctru/lib\libctru.a(archive_dev.o)
 .rodata.fsInit.str1.4
                0x00123fc0        0x0 C:/devkitPro/libctru/lib\libctru.a(fs.o)
                                  0x8 (size before relaxing)
 .rodata._ctype_
                0x00123fc0      0x101 C:/devkitPro/devkitARM/bin/../lib/gcc/arm-none-eabi/15.2.0/../../../../arm-none-eabi/lib/armv6k/fpu\libg.a(libc_a-ctype_.o)
                0x00123fc0                _ctype_
 *fill*         0x001240c1        0x1 
 .rodata.get_arg
                0x001240c2       0x34 C:/devkitPro/devkitARM/bin/../lib/gcc/arm-none-eabi/15.2.0/../../../../arm-none-eabi/lib/armv6k/fpu\libg.a(libc_a-vfprintf.o)
 .rodata._vfprintf_r.str1.1
                0x001240f6       0x40 C:/devkitPro/devkitARM/bin/../lib/gcc/arm-none-eabi/15.2.0/../../../../arm-none-eabi/lib/armv6k/fpu\libg.a(libc_a-vfprintf.o)
                                 0x3b (size before relaxing)
 .rodata._vfprintf_r
                0x00124136       0xb6 C:/devkitPro/devkitARM/bin/../lib/gcc/arm-none-eabi/15.2.0/../../../../arm-none-eabi/lib/armv6k/fpu\libg.a(libc_a-vfprintf.o)
 .rodata.zeroes.0
                0x001241ec       0x10 C:/devkitPro/devkitARM/bin/../lib/gcc/arm-none-eabi/15.2.0/../../../../arm-none-eabi/lib/armv6k/fpu\libg.a(libc_a-vfprintf.o)
 .rodata.blanks.1
                0x001241fc       0x10 C:/devkitPro/devkitARM/bin/../lib/gcc/arm-none-eabi/15.2.0/../../../../arm-none-eabi/lib/armv6k/fpu\libg.a(libc_a-vfprintf.o)
 .rodata._dtoa_r.str1.4
                0x0012420c        0x0 C:/devkitPro/devkitARM/bin/../lib/gcc/arm-none-eabi/15.2.0/../../../../arm-none-eabi/lib/armv6k/fpu\libg.a(libc_a-dtoa.o)
                                 0x9c (size before relaxing)
 .rodata._dtoa_r
                0x0012420c        0x8 C:/devkitPro/devkitARM/bin/../lib/gcc/arm-none-eabi/15.2.0/../../../../arm-none-eabi/lib/armv6k/fpu\libg.a(libc_a-dtoa.o)
 .rodata.__ssvfscanf_r.str1.1
                0x00124214        0x0 C:/devkitPro/devkitARM/bin/../lib/gcc/arm-none-eabi/15.2.0/../../../../arm-none-eabi/lib/armv6k/fpu\libg.a(libc_a-svfscanf.o)
                                  0x6 (size before relaxing)
 .rodata.__ssvfscanf_r
                0x00124214      0x114 C:/devkitPro/devkitARM/bin/../lib/gcc/arm-none-eabi/15.2.0/../../../../arm-none-eabi/lib/armv6k/fpu\libg.a(libc_a-svfscanf.o)
 .rodata.basefix.0
                0x00124328       0x22 C:/devkitPro/devkitARM/bin/../lib/gcc/arm-none-eabi/15.2.0/../../../../arm-none-eabi/lib/armv6k/fpu\libg.a(libc_a-svfscanf.o)
 *fill*         0x0012434a        0x2 
 .rodata.__action_table
                0x0012434c       0x6c C:/devkitPro/devkitARM/bin/../lib/gcc/arm-none-eabi/15.2.0/../../../../arm-none-eabi/lib/armv6k/fpu\libg.a(libc_a-svfiprintf.o)
                0x0012434c                __action_table
 .rodata.__state_table
                0x001243b8       0x6c C:/devkitPro/devkitARM/bin/../lib/gcc/arm-none-eabi/15.2.0/../../../../arm-none-eabi/lib/armv6k/fpu\libg.a(libc_a-svfiprintf.o)
                0x001243b8                __state_table
 .rodata.__chclass
                0x00124424      0x100 C:/devkitPro/devkitARM/bin/../lib/gcc/arm-none-eabi/15.2.0/../../../../arm-none-eabi/lib/armv6k/fpu\libg.a(libc_a-svfiprintf.o)
                0x00124424                __chclass
 .rodata._mbrtowc_r.str1.4
                0x00124524        0x0 C:/devkitPro/devkitARM/bin/../lib/gcc/arm-none-eabi/15.2.0/../../../../arm-none-eabi/lib/armv6k/fpu\libg.a(libc_a-mbrtowc.o)
                                  0x1 (size before relaxing)
 .rodata.__assert_func.str1.4
                0x00124524        0x0 C:/devkitPro/devkitARM/bin/../lib/gcc/arm-none-eabi/15.2.0/../../../../arm-none-eabi/lib/armv6k/fpu\libg.a(libc_a-assert.o)
                                 0x43 (size before relaxing)
 .rodata.__multadd.str1.4
                0x00124524        0x0 C:/devkitPro/devkitARM/bin/../lib/gcc/arm-none-eabi/15.2.0/../../../../arm-none-eabi/lib/armv6k/fpu\libg.a(libc_a-mprec.o)
                                 0x89 (size before relaxing)
 .rodata.p05.0  0x00124524        0xc C:/devkitPro/devkitARM/bin/../lib/gcc/arm-none-eabi/15.2.0/../../../../arm-none-eabi/lib/armv6k/fpu\libg.a(libc_a-mprec.o)
 .rodata.__mprec_bigtens
                0x00124530       0x28 C:/devkitPro/devkitARM/bin/../lib/gcc/arm-none-eabi/15.2.0/../../../../arm-none-eabi/lib/armv6k/fpu\libg.a(libc_a-mprec.o)
                0x00124530                __mprec_bigtens
 .rodata.__mprec_tens
                0x00124558       0xc8 C:/devkitPro/devkitARM/bin/../lib/gcc/arm-none-eabi/15.2.0/../../../../arm-none-eabi/lib/armv6k/fpu\libg.a(libc_a-mprec.o)
                0x00124558                __mprec_tens
 .rodata.str1.4
                0x00124620        0x0 C:/devkitPro/devkitARM/bin/../lib/gcc/arm-none-eabi/15.2.0/../../../../arm-none-eabi/lib/armv6k/fpu\libg.a(libc_a-locale.o)
                                 0x4c (size before relaxing)
 .rodata._strtod_l.str1.4
                0x00124620        0x0 C:/devkitPro/devkitARM/bin/../lib/gcc/arm-none-eabi/15.2.0/../../../../arm-none-eabi/lib/armv6k/fpu\libg.a(libc_a-strtod.o)
                                 0x15 (size before relaxing)
 .rodata._strtod_l
                0x00124620       0x61 C:/devkitPro/devkitARM/bin/../lib/gcc/arm-none-eabi/15.2.0/../../../../arm-none-eabi/lib/armv6k/fpu\libg.a(libc_a-strtod.o)
 *fill*         0x00124681        0x3 
 .rodata.fpinan.0
                0x00124684       0x14 C:/devkitPro/devkitARM/bin/../lib/gcc/arm-none-eabi/15.2.0/../../../../arm-none-eabi/lib/armv6k/fpu\libg.a(libc_a-strtod.o)
 .rodata.fpi.1  0x00124698       0x14 C:/devkitPro/devkitARM/bin/../lib/gcc/arm-none-eabi/15.2.0/../../../../arm-none-eabi/lib/armv6k/fpu\libg.a(libc_a-strtod.o)
 *fill*         0x001246ac        0x4 
 .rodata.tinytens
                0x001246b0       0x28 C:/devkitPro/devkitARM/bin/../lib/gcc/arm-none-eabi/15.2.0/../../../../arm-none-eabi/lib/armv6k/fpu\libg.a(libc_a-strtod.o)
 .rodata.__gethex.str1.4
                0x001246d8        0x0 C:/devkitPro/devkitARM/bin/../lib/gcc/arm-none-eabi/15.2.0/../../../../arm-none-eabi/lib/armv6k/fpu\libg.a(libc_a-gdtoa-gethex.o)
                                 0x94 (size before relaxing)
 .rodata.__hexdig
                0x001246d8      0x100 C:/devkitPro/devkitARM/bin/../lib/gcc/arm-none-eabi/15.2.0/../../../../arm-none-eabi/lib/armv6k/fpu\libg.a(libc_a-gdtoa-gethex.o)
                0x001246d8                __hexdig
 .rodata.get_arg
                0x001247d8       0x34 C:/devkitPro/devkitARM/bin/../lib/gcc/arm-none-eabi/15.2.0/../../../../arm-none-eabi/lib/armv6k/fpu\libg.a(libc_a-svfprintf.o)
 .rodata._svfprintf_r.str1.1
                0x0012480c        0x0 C:/devkitPro/devkitARM/bin/../lib/gcc/arm-none-eabi/15.2.0/../../../../arm-none-eabi/lib/armv6k/fpu\libg.a(libc_a-svfprintf.o)
                                 0x3b (size before relaxing)
 .rodata._svfprintf_r
                0x0012480c       0xb6 C:/devkitPro/devkitARM/bin/../lib/gcc/arm-none-eabi/15.2.0/../../../../arm-none-eabi/lib/armv6k/fpu\libg.a(libc_a-svfprintf.o)
 *fill*         0x001248c2        0x2 
 .rodata.zeroes.0
                0x001248c4       0x10 C:/devkitPro/devkitARM/bin/../lib/gcc/arm-none-eabi/15.2.0/../../../../arm-none-eabi/lib/armv6k/fpu\libg.a(libc_a-svfprintf.o)
 .rodata.blanks.1
                0x001248d4       0x10 C:/devkitPro/devkitARM/bin/../lib/gcc/arm-none-eabi/15.2.0/../../../../arm-none-eabi/lib/armv6k/fpu\libg.a(libc_a-svfprintf.o)
 .rodata.get_arg
                0x001248e4       0x34 C:/devkitPro/devkitARM/bin/../lib/gcc/arm-none-eabi/15.2.0/../../../../arm-none-eabi/lib/armv6k/fpu\libg.a(libc_a-vfiprintf.o)
 .rodata._vfiprintf_r.str1.1
                0x00124918        0x0 C:/devkitPro/devkitARM/bin/../lib/gcc/arm-none-eabi/15.2.0/../../../../arm-none-eabi/lib/armv6k/fpu\libg.a(libc_a-vfiprintf.o)
                                 0x29 (size before relaxing)
 .rodata._vfiprintf_r
                0x00124918       0xb6 C:/devkitPro/devkitARM/bin/../lib/gcc/arm-none-eabi/15.2.0/../../../../arm-none-eabi/lib/armv6k/fpu\libg.a(libc_a-vfiprintf.o)
 *fill*         0x001249ce        0x2 
 .rodata.zeroes.0
                0x001249d0       0x10 C:/devkitPro/devkitARM/bin/../lib/gcc/arm-none-eabi/15.2.0/../../../../arm-none-eabi/lib/armv6k/fpu\libg.a(libc_a-vfiprintf.o)
 .rodata.blanks.1
                0x001249e0       0x10 C:/devkitPro/devkitARM/bin/../lib/gcc/arm-none-eabi/15.2.0/../../../../arm-none-eabi/lib/armv6k/fpu\libg.a(libc_a-vfiprintf.o)
 .rodata.categories
                0x001249f0     0x35dc C:/devkitPro/devkitARM/bin/../lib/gcc/arm-none-eabi/15.2.0/../../../../arm-none-eabi/lib/armv6k/fpu\libg.a(libc_a-categories.o)
 .rodata.AddDevice.str1.4
                0x00127fcc        0x0 C:/devkitPro/devkitARM/bin/../lib/gcc/arm-none-eabi/15.2.0/../../../../arm-none-eabi/lib/armv6k/fpu\libsysbase.a(libsysbase_libsysbase_a-iosupport.o)
                                  0x8 (size before relaxing)
 .rodata.dotab_stdnull
                0x00127fcc       0x80 C:/devkitPro/devkitARM/bin/../lib/gcc/arm-none-eabi/15.2.0/../../../../arm-none-eabi/lib/armv6k/fpu\libsysbase.a(libsysbase_libsysbase_a-iosupport.o)
                0x00127fcc                dotab_stdnull
 *all.rodata*(*)
 *(.gnu.linkonce.r*)
                0x0012804c                        . = ALIGN (0x4)
                0x0012804c                        __tdata_align = .
                0x0012804c        0x4 LONG 0x4 ALIGNOF (.tdata)
                0x00128050                        . = ALIGN (0x4)

.eh_frame       0x00128050        0x0
 .eh_frame      0x00128050        0x0 C:/devkitPro/devkitARM/bin/../lib/gcc/arm-none-eabi/15.2.0/armv6k/fpu/crtbegin.o

.rel.dyn        0x00128050        0x0
 .rel.iplt      0x00128050        0x0 C:/devkitPro/devkitARM/bin/../lib/gcc/arm-none-eabi/15.2.0/../../../../arm-none-eabi/lib/armv6k/fpu/3dsx_crt0.o
 .rel.got       0x00128050        0x0 C:/devkitPro/devkitARM/bin/../lib/gcc/arm-none-eabi/15.2.0/../../../../arm-none-eabi/lib/armv6k/fpu/3dsx_crt0.o

.ARM.extab
 *(.ARM.extab* .gnu.linkonce.armextab.*)