Archive member included to satisfy reference by file (symbol)

C:/devkitPro/libctru/lib\libctru.a(console.o)
                              main.o (consoleInit)
C:/devkitPro/libctru/lib\libctru.a(gfx.o)
                              C:/devkitPro/libctru/lib\libctru.a(console.o) (gfxIsWide)
C:/devkitPro/libctru/lib\libctru.a(apt.o)
                              main.o (aptMainLoop)
C:/devkitPro/libctru/lib\libctru.a(gspgpu.o)
                              C:/devkitPro/libctru/lib\libctru.a(gfx.o) (gspInit)
C:/devkitPro/libctru/lib\libctru.a(hid.o)
                              main.o (hidScanInput)
C:/devkitPro/libctru/lib\libctru.a(irrst.o)
                              C:/devkitPro/libctru/lib\libctru.a(hid.o) (irrstInit)
C:/devkitPro/libctru/lib\libctru.a(ctru_init.o)
                              C:/devkitPro/libctru/lib\libctru.a(apt.o) (__system_retAddr)
C:/devkitPro/libctru/lib\libctru.a(initArgv.o)
                              C:/devkitPro/libctru/lib\libctru.a(ctru_init.o) (__system_initArgv)
C:/devkitPro/libctru/lib\libctru.a(syscalls.o)
                              C:/devkitPro/libctru/lib\libctru.a(ctru_init.o) (__system_initSyscalls)
C:/devkitPro/libctru/lib\libctru.a(svc.o)
                              C:/devkitPro/libctru/lib\libctru.a(apt.o) (svcSleepThread)
C:/devkitPro/libctru/lib\libctru.a(stack_adjust.o)
                              C:/devkitPro/devkitARM/bin/../lib/gcc/arm-none-eabi/15.2.0/../../../../arm-none-eabi/lib/armv6k/fpu/3dsx_crt0.o (initSystem)
C:/devkitPro/libctru/lib\libctru.a(default_font.bin.o)
                              C:/devkitPro/libctru/lib\libctru.a(console.o) (default_font_bin)
C:/devkitPro/libctru/lib\libctru.a(linear.o)
                              C:/devkitPro/libctru/lib\libctru.a(gfx.o) (linearAlloc)
C:/devkitPro/libctru/lib\libctru.a(mem_pool.o)
                              C:/devkitPro/libctru/lib\libctru.a(linear.o) (_ZN7MemPool8AllocateER8MemChunkmi)
C:/devkitPro/libctru/lib\libctru.a(vram.o)
                              C:/devkitPro/libctru/lib\libctru.a(gfx.o) (vramAlloc)
C:/devkitPro/libctru/lib\libctru.a(3dslink.o)
                              C:/devkitPro/libctru/lib\libctru.a(initArgv.o) (__3dslink_host)
C:/devkitPro/libctru/lib\libctru.a(env.o)
                              C:/devkitPro/libctru/lib\libctru.a(irrst.o) (envGetHandle)
C:/devkitPro/libctru/lib\libctru.a(os.o)
                              C:/devkitPro/libctru/lib\libctru.a(syscalls.o) (osGetTime)
C:/devkitPro/libctru/lib\libctru.a(srv.o)
                              C:/devkitPro/libctru/lib\libctru.a(apt.o) (srvInit)
C:/devkitPro/libctru/lib\libctru.a(synchronization.o)
                              C:/devkitPro/libctru/lib\libctru.a(ctru_init.o) (__sync_init)
C:/devkitPro/libctru/lib\libctru.a(thread.o)
                              C:/devkitPro/libctru/lib\libctru.a(apt.o) (threadCreate)
C:/devkitPro/libctru/lib\libctru.a(mappable.o)
                              C:/devkitPro/libctru/lib\libctru.a(apt.o) (mappableAlloc)
C:/devkitPro/libctru/lib\libctru.a(ptmsysm.o)
                              C:/devkitPro/libctru/lib\libctru.a(os.o) (ptmSysmInit)
C:/devkitPro/libctru/lib\libctru.a(srvpm.o)
                              C:/devkitPro/libctru/lib\libctru.a(srv.o) (srvPmGetSessionHandle)
C:/devkitPro/libctru/lib\libctru.a(soc_connect.o)
                              C:/devkitPro/libctru/lib\libctru.a(3dslink.o) (connect)
C:/devkitPro/libctru/lib\libctru.a(soc_socket.o)
                              C:/devkitPro/libctru/lib\libctru.a(3dslink.o) (socket)
C:/devkitPro/libctru/lib\libctru.a(rbtree_find.o)
                              C:/devkitPro/libctru/lib\libctru.a(linear.o) (rbtree_find)
C:/devkitPro/libctru/lib\libctru.a(rbtree_init.o)
                              C:/devkitPro/libctru/lib\libctru.a(linear.o) (rbtree_init)
C:/devkitPro/libctru/lib\libctru.a(rbtree_insert.o)
                              C:/devkitPro/libctru/lib\libctru.a(linear.o) (rbtree_insert)
C:/devkitPro/libctru/lib\libctru.a(rbtree_remove.o)
                              C:/devkitPro/libctru/lib\libctru.a(linear.o) (rbtree_remove)
C:/devkitPro/libctru/lib\libctru.a(rbtree_rotate.o)
                              C:/devkitPro/libctru/lib\libctru.a(rbtree_insert.o) (rbtree_rotate)
C:/devkitPro/libctru/lib\libctru.a(allocateHeaps.o)
                              C:/devkitPro/libctru/lib\libctru.a(ctru_init.o) (__system_allocateHeaps)
C:/devkitPro/libctru/lib\libctru.a(appExit.o)
                              C:/devkitPro/libctru/lib\libctru.a(stack_adjust.o) (__appExit)
C:/devkitPro/libctru/lib\libctru.a(appInit.o)
                              C:/devkitPro/libctru/lib\libctru.a(stack_adjust.o) (__appInit)
C:/devkitPro/libctru/lib\libctru.a(ctru_exit.o)
                              C:/devkitPro/libctru/lib\libctru.a(stack_adjust.o) (__libctru_exit)
C:/devkitPro/libctru/lib\libctru.a(archive_dev.o)
[...]
Memory Configuration

Name             Origin             Length             Attributes
*default*        0x00000000         0xffffffff

Linker script and memory map

                0x00000000                        __sync_synchronize = __sync_synchronize_dmb
                0x00100000                        PROVIDE (__start__ = 0x100000)
                0x00100000                        . = __start__

.text           0x00100000    0x17748
 *(.crt0)
 .crt0          0x00100000       0x94 C:/devkitPro/devkitARM/bin/../lib/gcc/arm-none-eabi/15.2.0/../../../../arm-none-eabi/lib/armv6k/fpu/3dsx_crt0.o
                0x00100000                _start
                0x00100008                __service_ptr
                0x0010000c                __apt_appid
                0x00100010                __heap_size
                0x00100014                __linear_heap_size
                0x00100018                __system_arglist
                0x0010001c                __system_runflags
 *(.init)
 .init          0x00100094        0xc C:/devkitPro/devkitARM/bin/../lib/gcc/arm-none-eabi/15.2.0/armv6k/fpu/crti.o
                0x00100094                _init
 .init          0x001000a0        0xc C:/devkitPro/devkitARM/bin/../lib/gcc/arm-none-eabi/15.2.0/armv6k/fpu/crtn.o
                0x001000ac                        . = ALIGN (0x4)
 *(.text)
 .text          0x001000ac      0x240 C:/devkitPro/devkitARM/bin/../lib/gcc/arm-none-eabi/15.2.0/armv6k/fpu\libgcc.a(_divsi3.o)
                0x001000ac                __divsi3
                0x001000ac                __aeabi_idiv
                0x001002cc                __aeabi_idivmod
 .text          0x001002ec        0x4 C:/devkitPro/devkitARM/bin/../lib/gcc/arm-none-eabi/15.2.0/armv6k/fpu\libgcc.a(_dvmd_tls.o)
                0x001002ec                __aeabi_idiv0
                0x001002ec                __aeabi_ldiv0
 .text          0x001002f0       0x3c C:/devkitPro/devkitARM/bin/../lib/gcc/arm-none-eabi/15.2.0/armv6k/fpu\libgcc.a(_aeabi_uldivmod.o)
                0x001002f0                __aeabi_uldivmod
 *fill*         0x0010032c       0x14 
 .text          0x00100340      0x390 C:/devkitPro/devkitARM/bin/../lib/gcc/arm-none-eabi/15.2.0/../../../../arm-none-eabi/lib/armv6k/fpu\libg.a(libc_a-strcmp.o)
                0x00100348                strcmp
 .text          0x001006d0      0x20c C:/devkitPro/devkitARM/bin/../lib/gcc/arm-none-eabi/15.2.0/armv6k/fpu\libgcc.a(_udivsi3.o)
                0x001006d0                __aeabi_uidiv
                0x001006d0                __udivsi3
                0x001008bc                __aeabi_uidivmod
 *(.text.*)
 .text.__do_global_dtors_aux
                0x001008dc       0x50 C:/devkitPro/devkitARM/bin/../lib/gcc/arm-none-eabi/15.2.0/armv6k/fpu/crtbegin.o
 .text.frame_dummy
                0x0010092c       0x2c C:/devkitPro/devkitARM/bin/../lib/gcc/arm-none-eabi/15.2.0/armv6k/fpu/crtbegin.o
 .text.startup.main
                0x00100958       0xe0 main.o
                0x00100958                main
 .text.consoleDrawChar
                0x00100a38      0x1c8 C:/devkitPro/libctru/lib\libctru.a(console.o)
                0x00100a38                consoleDrawChar
 .text.consolePrintChar
                0x00100c00      0x170 C:/devkitPro/libctru/lib\libctru.a(console.o)
                0x00100c00                consolePrintChar
 .text.con_write
                0x00100d70      0xc40 C:/devkitPro/libctru/lib\libctru.a(console.o)
                0x00100d70                con_write
 .text.newRow   0x001019b0      0x110 C:/devkitPro/libctru/lib\libctru.a(console.o)
 .text.consoleInit
                0x00101ac0      0x180 C:/devkitPro/libctru/lib\libctru.a(console.o)
                0x00101ac0                consoleInit
 .text.gfxPresentFramebuffer
                0x00101c40       0xcc C:/devkitPro/libctru/lib\libctru.a(gfx.o)
 .text.gfxIsWide
                0x00101d0c       0x1c C:/devkitPro/libctru/lib\libctru.a(gfx.o)
                0x00101d0c                gfxIsWide
 .text.gfxSetScreenFormat
                0x00101d28       0xf8 C:/devkitPro/libctru/lib\libctru.a(gfx.o)
                0x00101d28                gfxSetScreenFormat
 .text.gfxSetDoubleBuffering
                0x00101e20       0x10 C:/devkitPro/libctru/lib\libctru.a(gfx.o)
                0x00101e20                gfxSetDoubleBuffering
 .text.gfxInit  0x00101e30       0xd8 C:/devkitPro/libctru/lib\libctru.a(gfx.o)
                0x00101e30                gfxInit
 .text.gfxInitDefault
                0x00101f08       0x10 C:/devkitPro/libctru/lib\libctru.a(gfx.o)
                0x00101f08                gfxInitDefault
 .text.gfxExit  0x00101f18       0xb8 C:/devkitPro/libctru/lib\libctru.a(gfx.o)
                0x00101f18                gfxExit
 .text.gfxGetFramebuffer
                0x00101fd0       0xa0 C:/devkitPro/libctru/lib\libctru.a(gfx.o)
                0x00101fd0                gfxGetFramebuffer
 .text.gfxFlushBuffers
                0x00102070      0x100 C:/devkitPro/libctru/lib\libctru.a(gfx.o)
                0x00102070                gfxFlushBuffers
 .text.gfxSwapBuffers
                0x00102170       0x50 C:/devkitPro/libctru/lib\libctru.a(gfx.o)
                0x00102170                gfxSwapBuffers
 .text.gfxSwapBuffersGpu
                0x001021c0       0x50 C:/devkitPro/libctru/lib\libctru.a(gfx.o)
                0x001021c0                gfxSwapBuffersGpu
 .text.aptConvertScreenForCapture
                0x00102210      0x180 C:/devkitPro/libctru/lib\libctru.a(apt.o)
 .text.aptDspSleep
                0x00102390        0x8 C:/devkitPro/libctru/lib\libctru.a(apt.o)
                0x00102390                aptDspSleep
 .text.aptDspWakeup
                0x00102398        0x4 C:/devkitPro/libctru/lib\libctru.a(apt.o)
                0x00102398                aptDspWakeup
 .text.aptDspCancel
                0x0010239c        0x4 C:/devkitPro/libctru/lib\libctru.a(apt.o)
                0x0010239c                aptDspCancel
 .text.aptSendCommand
                0x001023a0      0x138 C:/devkitPro/libctru/lib\libctru.a(apt.o)
                0x001023a0                aptSendCommand
 .text.aptExitProcess
                0x001024d8       0x44 C:/devkitPro/libctru/lib\libctru.a(apt.o)
 .text.aptExit  0x0010251c      0x394 C:/devkitPro/libctru/lib\libctru.a(apt.o)
                0x0010251c                aptExit
 .text.aptHandleSleep
                0x001028b0       0xd8 C:/devkitPro/libctru/lib\libctru.a(apt.o)
                0x001028b0                aptHandleSleep
 .text.APT_SleepIfShellClosed
                0x00102988       0x84 C:/devkitPro/libctru/lib\libctru.a(apt.o)
                0x00102988                APT_SleepIfShellClosed
 .text.aptSetSleepAllowed
                0x00102a0c       0x78 C:/devkitPro/libctru/lib\libctru.a(apt.o)
                0x00102a0c                aptSetSleepAllowed
 .text.APT_UnlockTransition
                0x00102a84       0x84 C:/devkitPro/libctru/lib\libctru.a(apt.o)
                0x00102a84                APT_UnlockTransition
 .text.aptEventHandler
                0x00102b08      0x470 C:/devkitPro/libctru/lib\libctru.a(apt.o)
 .text.APT_ReceiveParameter
                0x00102f78       0xbc C:/devkitPro/libctru/lib\libctru.a(apt.o)
                0x00102f78                APT_ReceiveParameter
 .text.aptReceiveParameter.constprop.0
                0x00103034       0xb0 C:/devkitPro/libctru/lib\libctru.a(apt.o)
 *fill*         0x001030e4        0x4 
 .text.aptScreenTransfer
                0x001030e8      0x294 C:/devkitPro/libctru/lib\libctru.a(apt.o)
 .text.aptWaitForWakeUp.isra.0
                0x0010337c      0x2d0 C:/devkitPro/libctru/lib\libctru.a(apt.o)
 .text.aptJumpToHomeMenu
                0x0010364c       0xf4 C:/devkitPro/libctru/lib\libctru.a(apt.o)
                0x0010364c                aptJumpToHomeMenu
 .text.aptMainLoop
                0x00103740       0x58 C:/devkitPro/libctru/lib\libctru.a(apt.o)
                0x00103740                aptMainLoop
 .text.aptInit  0x00103798      0x240 C:/devkitPro/libctru/lib\libctru.a(apt.o)
                0x00103798                aptInit
 .text.APT_CheckNew3DS
                0x001039d8       0x90 C:/devkitPro/libctru/lib\libctru.a(apt.o)
                0x001039d8                APT_CheckNew3DS
 .text.gspHardwareInit
                0x00103a68      0xc70 C:/devkitPro/libctru/lib\libctru.a(gspgpu.o)
 .text.gspInit  0x001046d8      0x280 C:/devkitPro/libctru/lib\libctru.a(gspgpu.o)
                0x001046d8                gspInit
 .text.gspExit  0x00104958      0x110 C:/devkitPro/libctru/lib\libctru.a(gspgpu.o)
                0x00104958                gspExit
 .text.gspHasGpuRight
                0x00104a68       0x10 C:/devkitPro/libctru/lib\libctru.a(gspgpu.o)
                0x00104a68                gspHasGpuRight
 .text.gspPresentBuffer
                0x00104a78       0xa4 C:/devkitPro/libctru/lib\libctru.a(gspgpu.o)
                0x00104a78                gspPresentBuffer
 .text.gspWaitForEvent
                0x00104b1c       0x50 C:/devkitPro/libctru/lib\libctru.a(gspgpu.o)
                0x00104b1c                gspWaitForEvent
 .text.gxCmdQueueInterrupt
                0x00104b6c        0x4 C:/devkitPro/libctru/lib\libctru.a(gspgpu.o)
                0x00104b6c                gxCmdQueueInterrupt
 .text.gspEventThreadMain
                0x00104b70      0x154 C:/devkitPro/libctru/lib\libctru.a(gspgpu.o)
 .text.GSPGPU_FlushDataCache
                0x00104cc4       0x50 C:/devkitPro/libctru/lib\libctru.a(gspgpu.o)
                0x00104cc4                GSPGPU_FlushDataCache
 .text.GSPGPU_SetLcdForceBlack
                0x00104d14       0x34 C:/devkitPro/libctru/lib\libctru.a(gspgpu.o)
                0x00104d14                GSPGPU_SetLcdForceBlack
 .text.GSPGPU_AcquireRight
                0x00104d48       0x80 C:/devkitPro/libctru/lib\libctru.a(gspgpu.o)
                0x00104d48                GSPGPU_AcquireRight
 .text.GSPGPU_ReleaseRight
                0x00104dc8       0x5c C:/devkitPro/libctru/lib\libctru.a(gspgpu.o)
                0x00104dc8                GSPGPU_ReleaseRight
 .text.GSPGPU_ImportDisplayCaptureInfo
                0x00104e24       0x7c C:/devkitPro/libctru/lib\libctru.a(gspgpu.o)
                0x00104e24                GSPGPU_ImportDisplayCaptureInfo
 .text.GSPGPU_SaveVramSysArea
                0x00104ea0       0x2c C:/devkitPro/libctru/lib\libctru.a(gspgpu.o)
                0x00104ea0                GSPGPU_SaveVramSysArea
 .text.GSPGPU_RestoreVramSysArea
                0x00104ecc       0x2c C:/devkitPro/libctru/lib\libctru.a(gspgpu.o)
                0x00104ecc                GSPGPU_RestoreVramSysArea
 .text.hidShouldUseIrrst
                0x00104ef8       0x24 C:/devkitPro/libctru/lib\libctru.a(hid.o)
                0x00104ef8                hidShouldUseIrrst
 .text.hidInit  0x00104f1c      0x1cc C:/devkitPro/libctru/lib\libctru.a(hid.o)
                0x00104f1c                hidInit
 .text.hidExit  0x001050e8       0xe8 C:/devkitPro/libctru/lib\libctru.a(hid.o)
                0x001050e8                hidExit
 .text.hidScanInput
                0x001051d0      0x2a0 C:/devkitPro/libctru/lib\libctru.a(hid.o)
                0x001051d0                hidScanInput
 .text.hidKeysHeld
                0x00105470       0x10 C:/devkitPro/libctru/lib\libctru.a(hid.o)
                0x00105470                hidKeysHeld
 .text.hidKeysDown
                0x00105480       0x10 C:/devkitPro/libctru/lib\libctru.a(hid.o)
                0x00105480                hidKeysDown
 .text.hidCircleRead
                0x00105490       0x18 C:/devkitPro/libctru/lib\libctru.a(hid.o)
                0x00105490                hidCircleRead
 .text.irrstInit
                0x001054a8      0x1a4 C:/devkitPro/libctru/lib\libctru.a(irrst.o)
                0x001054a8                irrstInit
 .text.irrstExit
                0x0010564c       0xdc C:/devkitPro/libctru/lib\libctru.a(irrst.o)
                0x0010564c                irrstExit
 .text.irrstScanInput
                0x00105728       0xb4 C:/devkitPro/libctru/lib\libctru.a(irrst.o)
                0x00105728                irrstScanInput
 .text.irrstKeysHeld
                0x001057dc       0x24 C:/devkitPro/libctru/lib\libctru.a(irrst.o)
                0x001057dc                irrstKeysHeld
 .text.__libctru_init
                0x00105800       0x38 C:/devkitPro/libctru/lib\libctru.a(ctru_init.o)
                0x00105800                __libctru_init
 .text.__system_initArgv
                0x00105838      0x16c C:/devkitPro/libctru/lib\libctru.a(initArgv.o)
                0x00105838                __system_initArgv
 .text.__syscall_getreent
                0x001059a4       0x30 C:/devkitPro/libctru/lib\libctru.a(syscalls.o)
                0x001059a4                __syscall_getreent
 .text.__syscall_lock_acquire
                0x001059d4        0x4 C:/devkitPro/libctru/lib\libctru.a(syscalls.o)
                0x001059d4                __syscall_lock_acquire
 .text.__syscall_lock_release
                0x001059d8        0x4 C:/devkitPro/libctru/lib\libctru.a(syscalls.o)
                0x001059d8                __syscall_lock_release
 .text.__syscall_lock_acquire_recursive
                0x001059dc        0x4 C:/devkitPro/libctru/lib\libctru.a(syscalls.o)
                0x001059dc                __syscall_lock_acquire_recursive
 .text.__syscall_lock_release_recursive
                0x001059e0        0x4 C:/devkitPro/libctru/lib\libctru.a(syscalls.o)
                0x001059e0                __syscall_lock_release_recursive
 .text.__syscall_exit
                0x001059e4        0x4 C:/devkitPro/libctru/lib\libctru.a(syscalls.o)
                0x001059e4                __syscall_exit
 .text.initThreadVars
                0x001059e8       0x54 C:/devkitPro/libctru/lib\libctru.a(syscalls.o)
                0x001059e8                initThreadVars
 .text.__system_initSyscalls
                0x00105a3c       0x80 C:/devkitPro/libctru/lib\libctru.a(syscalls.o)
                0x00105a3c                __system_initSyscalls
 .text.svcControlMemory
                0x00105abc       0x20 C:/devkitPro/libctru/lib\libctru.a(svc.o)
                0x00105abc                svcControlMemory
 .text.svcQueryMemory
                0x00105adc       0x30 C:/devkitPro/libctru/lib\libctru.a(svc.o)
                0x00105adc                svcQueryMemory
 .text.svcExitProcess
                0x00105b0c        0x8 C:/devkitPro/libctru/lib\libctru.a(svc.o)
                0x00105b0c                svcExitProcess
 .text.svcCreateThread
                0x00105b14       0x20 C:/devkitPro/libctru/lib\libctru.a(svc.o)
                0x00105b14                svcCreateThread
 .text.svcExitThread
                0x00105b34        0x8 C:/devkitPro/libctru/lib\libctru.a(svc.o)
                0x00105b34                svcExitThread
 .text.svcSleepThread
                0x00105b3c        0x8 C:/devkitPro/libctru/lib\libctru.a(svc.o)
                0x00105b3c                svcSleepThread
 .text.svcReleaseMutex
                0x00105b44        0x8 C:/devkitPro/libctru/lib\libctru.a(svc.o)
                0x00105b44                svcReleaseMutex
 .text.svcCreateEvent
                0x00105b4c       0x14 C:/devkitPro/libctru/lib\libctru.a(svc.o)
                0x00105b4c                svcCreateEvent
 .text.svcSignalEvent
                0x00105b60        0x8 C:/devkitPro/libctru/lib\libctru.a(svc.o)
                0x00105b60                svcSignalEvent
 .text.svcClearEvent
                0x00105b68        0x8 C:/devkitPro/libctru/lib\libctru.a(svc.o)
                0x00105b68                svcClearEvent
 .text.svcMapMemoryBlock
                0x00105b70        0x8 C:/devkitPro/libctru/lib\libctru.a(svc.o)
                0x00105b70                svcMapMemoryBlock
 .text.svcUnmapMemoryBlock
                0x00105b78        0x8 C:/devkitPro/libctru/lib\libctru.a(svc.o)
                0x00105b78                svcUnmapMemoryBlock
 .text.svcCreateAddressArbiter
                0x00105b80       0x14 C:/devkitPro/libctru/lib\libctru.a(svc.o)
                0x00105b80                svcCreateAddressArbiter
 .text.svcArbitrateAddressNoTimeout
                0x00105b94        0x8 C:/devkitPro/libctru/lib\libctru.a(svc.o)
                0x00105b94                svcArbitrateAddressNoTimeout
 .text.svcCloseHandle
                0x00105b9c        0x8 C:/devkitPro/libctru/lib\libctru.a(svc.o)
                0x00105b9c                svcCloseHandle
 .text.svcWaitSynchronization
                0x00105ba4        0x8 C:/devkitPro/libctru/lib\libctru.a(svc.o)
                0x00105ba4                svcWaitSynchronization
 .text.svcWaitSynchronizationN
                0x00105bac       0x28 C:/devkitPro/libctru/lib\libctru.a(svc.o)
                0x00105bac                svcWaitSynchronizationN
 .text.svcDuplicateHandle
                0x00105bd4       0x14 C:/devkitPro/libctru/lib\libctru.a(svc.o)
                0x00105bd4                svcDuplicateHandle
 .text.svcConnectToPort
                0x00105be8       0x14 C:/devkitPro/libctru/lib\libctru.a(svc.o)
                0x00105be8                svcConnectToPort
 .text.svcSendSyncRequest
                0x00105bfc        0x8 C:/devkitPro/libctru/lib\libctru.a(svc.o)
                0x00105bfc                svcSendSyncRequest
 .text.svcGetResourceLimit
                0x00105c04       0x14 C:/devkitPro/libctru/lib\libctru.a(svc.o)
                0x00105c04                svcGetResourceLimit
 .text.svcGetResourceLimitLimitValues
                0x00105c18        0x8 C:/devkitPro/libctru/lib\libctru.a(svc.o)
                0x00105c18                svcGetResourceLimitLimitValues
 .text.svcGetResourceLimitCurrentValues
                0x00105c20        0x8 C:/devkitPro/libctru/lib\libctru.a(svc.o)
                0x00105c20                svcGetResourceLimitCurrentValues
 .text.svcBreak
                0x00105c28        0x8 C:/devkitPro/libctru/lib\libctru.a(svc.o)
                0x00105c28                svcBreak
 .text.initSystem
                0x00105c30       0x50 C:/devkitPro/libctru/lib\libctru.a(stack_adjust.o)
                0x00105c30                initSystem
 .text.__ctru_exit
                0x00105c80       0x14 C:/devkitPro/libctru/lib\libctru.a(stack_adjust.o)
                0x00105c80                __ctru_exit
 .text._ZL21addrMapNodeComparatorPK11rbtree_nodeS1_
                0x00105c94       0x24 C:/devkitPro/libctru/lib\libctru.a(linear.o)
 .text._ZL21addrMapNodeDestructorP11rbtree_node
                0x00105cb8        0x4 C:/devkitPro/libctru/lib\libctru.a(linear.o)
 .text.linearMemAlign
                0x00105cbc      0x12c C:/devkitPro/libctru/lib\libctru.a(linear.o)
                0x00105cbc                linearMemAlign
 .text.linearAlloc
                0x00105de8        0x8 C:/devkitPro/libctru/lib\libctru.a(linear.o)
                0x00105de8                linearAlloc
 .text.linearFree
                0x00105df0       0x5c C:/devkitPro/libctru/lib\libctru.a(linear.o)
                0x00105df0                linearFree
 .text._ZN7MemPool13CoalesceRightEP8MemBlock
                0x00105e4c       0x88 C:/devkitPro/libctru/lib\libctru.a(mem_pool.o)
                0x00105e4c                _ZN7MemPool13CoalesceRightEP8MemBlock
 .text._ZN7MemPool8AllocateER8MemChunkmi
                0x00105ed4      0x178 C:/devkitPro/libctru/lib\libctru.a(mem_pool.o)
                0x00105ed4                _ZN7MemPool8AllocateER8MemChunkmi
 .text._ZN7MemPool10DeallocateERK8MemChunk
                0x0010604c      0x118 C:/devkitPro/libctru/lib\libctru.a(mem_pool.o)
                0x0010604c                _ZN7MemPool10DeallocateERK8MemChunk
 .text._ZN7MemPool12GetFreeSpaceEv
                0x00106164       0x30 C:/devkitPro/libctru/lib\libctru.a(mem_pool.o)
                0x00106164                _ZN7MemPool12GetFreeSpaceEv
 .text._ZL21addrMapNodeComparatorPK11rbtree_nodeS1_
                0x00106194       0x24 C:/devkitPro/libctru/lib\libctru.a(vram.o)
 .text._ZL21addrMapNodeDestructorP11rbtree_node
                0x001061b8        0x4 C:/devkitPro/libctru/lib\libctru.a(vram.o)
 .text.vramMemAlignAt
                0x001061bc      0x248 C:/devkitPro/libctru/lib\libctru.a(vram.o)
                0x001061bc                vramMemAlignAt
 .text.vramAlloc
                0x00106404        0xc C:/devkitPro/libctru/lib\libctru.a(vram.o)
                0x00106404                vramAlloc
 .text.vramFree
                0x00106410       0x94 C:/devkitPro/libctru/lib\libctru.a(vram.o)
                0x00106410                vramFree
 .text.envGetHandle
                0x001064a4       0x8c C:/devkitPro/libctru/lib\libctru.a(env.o)
                0x001064a4                envGetHandle
 .text.envDestroyHandles
                0x00106530       0x50 C:/devkitPro/libctru/lib\libctru.a(env.o)
                0x00106530                envDestroyHandles
 .text.__ctru_speedup_config
                0x00106580       0x34 C:/devkitPro/libctru/lib\libctru.a(os.o)
                0x00106580                __ctru_speedup_config
 .text.srvInit  0x001065b4      0x164 C:/devkitPro/libctru/lib\libctru.a(srv.o)
                0x001065b4                srvInit
 .text.srvExit  0x00106718       0x64 C:/devkitPro/libctru/lib\libctru.a(srv.o)
                0x00106718                srvExit
 .text.srvEnableNotification
                0x0010677c       0x60 C:/devkitPro/libctru/lib\libctru.a(srv.o)
                0x0010677c                srvEnableNotification
 .text.srvGetServiceHandleDirect
                0x001067dc       0xa0 C:/devkitPro/libctru/lib\libctru.a(srv.o)
                0x001067dc                srvGetServiceHandleDirect
 .text.srvGetServiceHandle
                0x0010687c       0x48 C:/devkitPro/libctru/lib\libctru.a(srv.o)
                0x0010687c                srvGetServiceHandle
 .text.srvSubscribe
                0x001068c4       0x34 C:/devkitPro/libctru/lib\libctru.a(srv.o)
                0x001068c4                srvSubscribe
 .text.srvReceiveNotification
                0x001068f8       0x60 C:/devkitPro/libctru/lib\libctru.a(srv.o)
                0x001068f8                srvReceiveNotification
 .text.srvPublishToSubscriber
                0x00106958       0x38 C:/devkitPro/libctru/lib\libctru.a(srv.o)
                0x00106958                srvPublishToSubscriber
 .text.__sync_init
                0x00106990        0xc C:/devkitPro/libctru/lib\libctru.a(synchronization.o)
                0x00106990                __sync_init
 .text.__sync_fini
                0x0010699c       0x18 C:/devkitPro/libctru/lib\libctru.a(synchronization.o)
                0x0010699c                __sync_fini
 .text.syncArbitrateAddress
                0x001069b4       0x28 C:/devkitPro/libctru/lib\libctru.a(synchronization.o)
                0x001069b4                syncArbitrateAddress
 .text.LightLock_Lock
                0x001069dc       0xac C:/devkitPro/libctru/lib\libctru.a(synchronization.o)
                0x001069dc                LightLock_Lock
 .text.LightLock_Unlock
                0x00106a88       0x40 C:/devkitPro/libctru/lib\libctru.a(synchronization.o)
                0x00106a88                LightLock_Unlock
 .text.RecursiveLock_Lock
                0x00106ac8       0x54 C:/devkitPro/libctru/lib\libctru.a(synchronization.o)
                0x00106ac8                RecursiveLock_Lock
 .text.RecursiveLock_Unlock
                0x00106b1c       0x54 C:/devkitPro/libctru/lib\libctru.a(synchronization.o)
                0x00106b1c                RecursiveLock_Unlock
 .text.LightEvent_Init
                0x00106b70       0x44 C:/devkitPro/libctru/lib\libctru.a(synchronization.o)
                0x00106b70                LightEvent_Init
 .text.LightEvent_Clear
                0x00106bb4       0xb8 C:/devkitPro/libctru/lib\libctru.a(synchronization.o)
                0x00106bb4                LightEvent_Clear
 .text.LightEvent_Signal
                0x00106c6c       0xdc C:/devkitPro/libctru/lib\libctru.a(synchronization.o)
                0x00106c6c                LightEvent_Signal
 .text.LightEvent_TryWait
                0x00106d48       0x50 C:/devkitPro/libctru/lib\libctru.a(synchronization.o)
                0x00106d48                LightEvent_TryWait
 .text.LightEvent_Wait
                0x00106d98       0xac C:/devkitPro/libctru/lib\libctru.a(synchronization.o)
                0x00106d98                LightEvent_Wait
 .text.threadCreate
                0x00106e44      0x1fc C:/devkitPro/libctru/lib\libctru.a(thread.o)
                0x00106e44                threadCreate
 .text.threadFree
                0x00107040       0x38 C:/devkitPro/libctru/lib\libctru.a(thread.o)
                0x00107040                threadFree
 .text.threadJoin
                0x00107078       0x24 C:/devkitPro/libctru/lib\libctru.a(thread.o)
                0x00107078                threadJoin
 .text.threadGetCurrent
                0x0010709c       0x30 C:/devkitPro/libctru/lib\libctru.a(thread.o)
                0x0010709c                threadGetCurrent
 .text.threadExit
                0x001070cc       0x40 C:/devkitPro/libctru/lib\libctru.a(thread.o)
                0x001070cc                threadExit
 .text._thread_begin
                0x0010710c       0x20 C:/devkitPro/libctru/lib\libctru.a(thread.o)
 .text.mappableFindAddressWithin
                0x0010712c       0x90 C:/devkitPro/libctru/lib\libctru.a(mappable.o)
 .text.mappableInit
                0x001071bc       0x28 C:/devkitPro/libctru/lib\libctru.a(mappable.o)
                0x001071bc                mappableInit
 .text.mappableAlloc
                0x001071e4       0x7c C:/devkitPro/libctru/lib\libctru.a(mappable.o)
                0x001071e4                mappableAlloc
 .text.mappableFree
                0x00107260        0x4 C:/devkitPro/libctru/lib\libctru.a(mappable.o)
                0x00107260                mappableFree
 .text.ptmSysmInit
                0x00107264       0x78 C:/devkitPro/libctru/lib\libctru.a(ptmsysm.o)
                0x00107264                ptmSysmInit
 .text.ptmSysmExit
                0x001072dc       0x3c C:/devkitPro/libctru/lib\libctru.a(ptmsysm.o)
                0x001072dc                ptmSysmExit
 .text.PTMSYSM_ConfigureNew3DSCPU
                0x00107318       0x34 C:/devkitPro/libctru/lib\libctru.a(ptmsysm.o)
                0x00107318                PTMSYSM_ConfigureNew3DSCPU
 .text.srvPmGetSessionHandle
                0x0010734c        0xc C:/devkitPro/libctru/lib\libctru.a(srvpm.o)
                0x0010734c                srvPmGetSessionHandle
 .text.rbtree_find
                0x00107358       0x74 C:/devkitPro/libctru/lib\libctru.a(rbtree_find.o)
                0x00107358                rbtree_find
 .text.rbtree_init
                0x001073cc       0x10 C:/devkitPro/libctru/lib\libctru.a(rbtree_init.o)
                0x001073cc                rbtree_init
 .text.do_insert
                0x001073dc      0x198 C:/devkitPro/libctru/lib\libctru.a(rbtree_insert.o)
 .text.rbtree_insert
                0x00107574        0x8 C:/devkitPro/libctru/lib\libctru.a(rbtree_insert.o)
                0x00107574                rbtree_insert
 .text.rbtree_remove
                0x0010757c      0x310 C:/devkitPro/libctru/lib\libctru.a(rbtree_remove.o)
                0x0010757c                rbtree_remove
 .text.rbtree_rotate
                0x0010788c       0x90 C:/devkitPro/libctru/lib\libctru.a(rbtree_rotate.o)
                0x0010788c                rbtree_rotate
 *fill*         0x0010791c        0x4 
 .text.__system_allocateHeaps
                0x00107920      0x1e8 C:/devkitPro/libctru/lib\libctru.a(allocateHeaps.o)
                0x00107920                __system_allocateHeaps
 .text.__appExit
                0x00107b08       0x30 C:/devkitPro/libctru/lib\libctru.a(appExit.o)
                0x00107b08                __appExit
 .text.__appInit
                0x00107b38       0x30 C:/devkitPro/libctru/lib\libctru.a(appInit.o)
                0x00107b38                __appInit
 .text.__libctru_exit
                0x00107b68       0x90 C:/devkitPro/libctru/lib\libctru.a(ctru_exit.o)
                0x00107b68                __libctru_exit
 .text.archive_link
                0x00107bf8       0x14 C:/devkitPro/libctru/lib\libctru.a(archive_dev.o)
 .text.archive_dirreset
                0x00107c0c       0x14 C:/devkitPro/libctru/lib\libctru.a(archive_dev.o)
 .text.archive_chmod
                0x00107c20       0x14 C:/devkitPro/libctru/lib\libctru.a(archive_dev.o)
 .text.error_cmp
                0x00107c34       0x24 C:/devkitPro/libctru/lib\libctru.a(archive_dev.o)
 .text.archive_translate_error
                0x00107c58       0x50 C:/devkitPro/libctru/lib\libctru.a(archive_dev.o)
 .text.archive_seek
                0x00107ca8       0xc0 C:/devkitPro/libctru/lib\libctru.a(archive_dev.o)
 .text._archiveInit.part.0
                0x00107d68       0x78 C:/devkitPro/libctru/lib\libctru.a(archive_dev.o)
 .text.archiveFindDevice.part.0
                0x00107de0       0xd4 C:/devkitPro/libctru/lib\libctru.a(archive_dev.o)
 .text.archive_utf16path
                0x00107eb4      0x298 C:/devkitPro/libctru/lib\libctru.a(archive_dev.o)
 .text._archiveUnmountDeviceStruct.part.0
                0x0010814c       0x98 C:/devkitPro/libctru/lib\libctru.a(archive_dev.o)
 .text.archive_statvfs
                0x001081e4       0x14 C:/devkitPro/libctru/lib\libctru.a(archive_dev.o)
 .text.archive_fchmod
                0x001081f8       0x14 C:/devkitPro/libctru/lib\libctru.a(archive_dev.o)
 .text._archiveMountDevice
                0x0010820c      0x178 C:/devkitPro/libctru/lib\libctru.a(archive_dev.o)
 .text.archive_diropen
                0x00108384       0xf8 C:/devkitPro/libctru/lib\libctru.a(archive_dev.o)
 .text.archive_fstat
                0x0010847c       0xac C:/devkitPro/libctru/lib\libctru.a(archive_dev.o)
 .text.archive_fsync
                0x00108528       0x74 C:/devkitPro/libctru/lib\libctru.a(archive_dev.o)
 .text.archive_close
                0x0010859c       0x74 C:/devkitPro/libctru/lib\libctru.a(archive_dev.o)
 .text.archive_dirclose
                0x00108610       0x78 C:/devkitPro/libctru/lib\libctru.a(archive_dev.o)
 .text.sdmc_statvfs
                0x00108688       0xec C:/devkitPro/libctru/lib\libctru.a(archive_dev.o)
 .text.archive_chdir
                0x00108774       0xf8 C:/devkitPro/libctru/lib\libctru.a(archive_dev.o)
 .text.archive_ftruncate
                0x0010886c       0x8c C:/devkitPro/libctru/lib\libctru.a(archive_dev.o)
 .text.archive_read
                0x001088f8       0xbc C:/devkitPro/libctru/lib\libctru.a(archive_dev.o)
 .text.archive_unlink
                0x001089b4       0xa8 C:/devkitPro/libctru/lib\libctru.a(archive_dev.o)
 .text.archive_rmdir
                0x00108a5c       0xc0 C:/devkitPro/libctru/lib\libctru.a(archive_dev.o)
 .text.archive_mkdir
                0x00108b1c       0xd8 C:/devkitPro/libctru/lib\libctru.a(archive_dev.o)
 .text.archive_stat
                0x00108bf4      0x1a0 C:/devkitPro/libctru/lib\libctru.a(archive_dev.o)
 .text.archive_dirnext
                0x00108d94      0x164 C:/devkitPro/libctru/lib\libctru.a(archive_dev.o)
 .text.archive_write
                0x00108ef8      0x13c C:/devkitPro/libctru/lib\libctru.a(archive_dev.o)
 *fill*         0x00109034        0x4 
 .text.archive_open
                0x00109038      0x254 C:/devkitPro/libctru/lib\libctru.a(archive_dev.o)
 .text.archive_rename
                0x0010928c      0x270 C:/devkitPro/libctru/lib\libctru.a(archive_dev.o)
 .text.archiveMountSdmc
                0x001094fc      0x1c8 C:/devkitPro/libctru/lib\libctru.a(archive_dev.o)
                0x001094fc                archiveMountSdmc
 .text.archiveUnmountAll
                0x001096c4       0x54 C:/devkitPro/libctru/lib\libctru.a(archive_dev.o)
                0x001096c4                archiveUnmountAll
 .text.fsInit   0x00109718      0x104 C:/devkitPro/libctru/lib\libctru.a(fs.o)
                0x00109718                fsInit
 .text.fsExit   0x0010981c       0x3c C:/devkitPro/libctru/lib\libctru.a(fs.o)
                0x0010981c                fsExit
 .text.fsExemptFromSession
                0x00109858       0x68 C:/devkitPro/libctru/lib\libctru.a(fs.o)
                0x00109858                fsExemptFromSession
 .text.fsUnexemptFromSession
                0x001098c0       0x50 C:/devkitPro/libctru/lib\libctru.a(fs.o)
                0x001098c0                fsUnexemptFromSession
 .text.FSUSER_OpenFile
                0x00109910       0xcc C:/devkitPro/libctru/lib\libctru.a(fs.o)
                0x00109910                FSUSER_OpenFile
 .text.FSUSER_DeleteFile
                0x001099dc       0xb8 C:/devkitPro/libctru/lib\libctru.a(fs.o)
                0x001099dc                FSUSER_DeleteFile
 .text.FSUSER_RenameFile
                0x00109a94       0xf4 C:/devkitPro/libctru/lib\libctru.a(fs.o)
                0x00109a94                FSUSER_RenameFile
 .text.FSUSER_DeleteDirectory
                0x00109b88       0xb8 C:/devkitPro/libctru/lib\libctru.a(fs.o)
                0x00109b88                FSUSER_DeleteDirectory
 .text.FSUSER_CreateFile
                0x00109c40       0xd0 C:/devkitPro/libctru/lib\libctru.a(fs.o)
                0x00109c40                FSUSER_CreateFile
 .text.FSUSER_CreateDirectory
                0x00109d10       0xc0 C:/devkitPro/libctru/lib\libctru.a(fs.o)
                0x00109d10                FSUSER_CreateDirectory
 .text.FSUSER_RenameDirectory
                0x00109dd0       0xf4 C:/devkitPro/libctru/lib\libctru.a(fs.o)
                0x00109dd0                FSUSER_RenameDirectory
 .text.FSUSER_OpenDirectory
                0x00109ec4       0xb4 C:/devkitPro/libctru/lib\libctru.a(fs.o)
                0x00109ec4                FSUSER_OpenDirectory
 .text.FSUSER_OpenArchive
                0x00109f78       0x90 C:/devkitPro/libctru/lib\libctru.a(fs.o)
                0x00109f78                FSUSER_OpenArchive
 .text.FSUSER_CloseArchive
                0x0010a008       0x8c C:/devkitPro/libctru/lib\libctru.a(fs.o)
                0x0010a008                FSUSER_CloseArchive
 .text.FSUSER_GetSdmcArchiveResource
                0x0010a094       0x74 C:/devkitPro/libctru/lib\libctru.a(fs.o)
                0x0010a094                FSUSER_GetSdmcArchiveResource
 .text.FSUSER_IsSdmcWritable
                0x0010a108       0x64 C:/devkitPro/libctru/lib\libctru.a(fs.o)
                0x0010a108                FSUSER_IsSdmcWritable
 .text.FSFILE_Read
                0x0010a16c       0x64 C:/devkitPro/libctru/lib\libctru.a(fs.o)
                0x0010a16c                FSFILE_Read
 .text.FSFILE_Write
                0x0010a1d0       0x6c C:/devkitPro/libctru/lib\libctru.a(fs.o)
                0x0010a1d0                FSFILE_Write
 .text.FSFILE_GetSize
                0x0010a23c       0x44 C:/devkitPro/libctru/lib\libctru.a(fs.o)
                0x0010a23c                FSFILE_GetSize
 .text.FSFILE_SetSize
                0x0010a280       0x28 C:/devkitPro/libctru/lib\libctru.a(fs.o)
                0x0010a280                FSFILE_SetSize
 .text.FSFILE_Close
                0x0010a2a8       0x3c C:/devkitPro/libctru/lib\libctru.a(fs.o)
                0x0010a2a8                FSFILE_Close
 .text.FSFILE_Flush
                0x0010a2e4       0x24 C:/devkitPro/libctru/lib\libctru.a(fs.o)
                0x0010a2e4                FSFILE_Flush
 .text.FSDIR_Read
                0x0010a308       0x60 C:/devkitPro/libctru/lib\libctru.a(fs.o)
                0x0010a308                FSDIR_Read
 .text.FSDIR_Close
                0x0010a368       0x3c C:/devkitPro/libctru/lib\libctru.a(fs.o)
                0x0010a368                FSDIR_Close
 .text.rbtree_node_next
                0x0010a3a4       0x60 C:/devkitPro/libctru/lib\libctru.a(rbtree_iterator.o)
                0x0010a3a4                rbtree_node_next
 .text.decode_utf8
                0x0010a404      0x140 C:/devkitPro/libctru/lib\libctru.a(decode_utf8.o)
                0x0010a404                decode_utf8
 .text.utf16_to_utf8
                0x0010a544       0xe8 C:/devkitPro/libctru/lib\libctru.a(utf16_to_utf8.o)
                0x0010a544                utf16_to_utf8
 .text.utf8_to_utf16
                0x0010a62c       0xc0 C:/devkitPro/libctru/lib\libctru.a(utf8_to_utf16.o)
                0x0010a62c                utf8_to_utf16
 .text.__aeabi_read_tp
                0x0010a6ec        0xc C:/devkitPro/libctru/lib\libctru.a(readtp.o)
                0x0010a6ec                __aeabi_read_tp
 .text.decode_utf16
                0x0010a6f8       0x54 C:/devkitPro/libctru/lib\libctru.a(decode_utf16.o)
                0x0010a6f8                decode_utf16
 .text.encode_utf16
                0x0010a74c       0x54 C:/devkitPro/libctru/lib\libctru.a(encode_utf16.o)
                0x0010a74c                encode_utf16
 .text.encode_utf8
                0x0010a7a0       0xe0 C:/devkitPro/libctru/lib\libctru.a(encode_utf8.o)
                0x0010a7a0                encode_utf8
 .text.__udivmoddi4
                0x0010a880      0x130 C:/devkitPro/devkitARM/bin/../lib/gcc/arm-none-eabi/15.2.0/armv6k/fpu\libgcc.a(_udivmoddi4.o)
                0x0010a880                __udivmoddi4
 .text.strncmp  0x0010a9b0       0xd8 C:/devkitPro/devkitARM/bin/../lib/gcc/arm-none-eabi/15.2.0/../../../../arm-none-eabi/lib/armv6k/fpu\libg.a(libc_a-strncmp.o)
                0x0010a9b0                strncmp
 .text.strlen   0x0010aa88       0x8c C:/devkitPro/devkitARM/bin/../lib/gcc/arm-none-eabi/15.2.0/../../../../arm-none-eabi/lib/armv6k/fpu\libg.a(libc_a-strlen.o)
                0x0010aa88                strlen
 .text.stdio_exit_handler
                0x0010ab14       0x1c C:/devkitPro/devkitARM/bin/../lib/gcc/arm-none-eabi/15.2.0/../../../../arm-none-eabi/lib/armv6k/fpu\libg.a(libc_a-findfp.o)
 .text.cleanup_stdio
                0x0010ab30       0x5c C:/devkitPro/devkitARM/bin/../lib/gcc/arm-none-eabi/15.2.0/../../../../arm-none-eabi/lib/armv6k/fpu\libg.a(libc_a-findfp.o)
 .text.global_stdio_init.part.0
                0x0010ab8c      0x154 C:/devkitPro/devkitARM/bin/../lib/gcc/arm-none-eabi/15.2.0/../../../../arm-none-eabi/lib/armv6k/fpu\libg.a(libc_a-findfp.o)
 .text.__sinit  0x0010ace0       0x5c C:/devkitPro/devkitARM/bin/../lib/gcc/arm-none-eabi/15.2.0/../../../../arm-none-eabi/lib/armv6k/fpu\libg.a(libc_a-findfp.o)
                0x0010ace0                __sinit
 .text.__sfp_lock_acquire
                0x0010ad3c        0xc C:/devkitPro/devkitARM/bin/../lib/gcc/arm-none-eabi/15.2.0/../../../../arm-none-eabi/lib/armv6k/fpu\libg.a(libc_a-findfp.o)
                0x0010ad3c                __sfp_lock_acquire
 .text.__sfp_lock_release
                0x0010ad48        0xc C:/devkitPro/devkitARM/bin/../lib/gcc/arm-none-eabi/15.2.0/../../../../arm-none-eabi/lib/armv6k/fpu\libg.a(libc_a-findfp.o)
                0x0010ad48                __sfp_lock_release
 .text._strtoul_l.isra.0
                0x0010ad54      0x1ec C:/devkitPro/devkitARM/bin/../lib/gcc/arm-none-eabi/15.2.0/../../../../arm-none-eabi/lib/armv6k/fpu\libg.a(libc_a-strtoul.o)
 .text.strtoul  0x0010af40       0x3c C:/devkitPro/devkitARM/bin/../lib/gcc/arm-none-eabi/15.2.0/../../../../arm-none-eabi/lib/armv6k/fpu\libg.a(libc_a-strtoul.o)
                0x0010af40                strtoul
 .text.__libc_init_array
                0x0010af7c       0x84 C:/devkitPro/devkitARM/bin/../lib/gcc/arm-none-eabi/15.2.0/../../../../arm-none-eabi/lib/armv6k/fpu\libg.a(libc_a-init.o)
                0x0010af7c                __libc_init_array
 .text.strncat  0x0010b000       0x9c C:/devkitPro/devkitARM/bin/../lib/gcc/arm-none-eabi/15.2.0/../../../../arm-none-eabi/lib/armv6k/fpu\libg.a(libc_a-strncat.o)
                0x0010b000                strncat
 .text._fwalk_sglue
                0x0010b09c       0x70 C:/devkitPro/devkitARM/bin/../lib/gcc/arm-none-eabi/15.2.0/../../../../arm-none-eabi/lib/armv6k/fpu\libg.a(libc_a-fwalk.o)
                0x0010b09c                _fwalk_sglue
 .text.bsearch  0x0010b10c       0x78 C:/devkitPro/devkitARM/bin/../lib/gcc/arm-none-eabi/15.2.0/../../../../arm-none-eabi/lib/armv6k/fpu\libg.a(libc_a-bsearch.o)
                0x0010b10c                bsearch
 .text.__errno  0x0010b184        0xc C:/devkitPro/devkitARM/bin/../lib/gcc/arm-none-eabi/15.2.0/../../../../arm-none-eabi/lib/armv6k/fpu\libg.a(libc_a-errno.o)
                0x0010b184                __errno
 .text.memalign
                0x0010b190       0x28 C:/devkitPro/devkitARM/bin/../lib/gcc/arm-none-eabi/15.2.0/../../../../arm-none-eabi/lib/armv6k/fpu\libg.a(libc_a-malign.o)
                0x0010b190                memalign
 .text._malloc_r
                0x0010b1b8      0x82c C:/devkitPro/devkitARM/bin/../lib/gcc/arm-none-eabi/15.2.0/../../../../arm-none-eabi/lib/armv6k/fpu\libg.a(libc_a-mallocr.o)
                0x0010b1b8                _malloc_r
 .text._malloc_trim_r
                0x0010b9e4      0x114 C:/devkitPro/devkitARM/bin/../lib/gcc/arm-none-eabi/15.2.0/../../../../arm-none-eabi/lib/armv6k/fpu\libg.a(libc_a-freer.o)
                0x0010b9e4                _malloc_trim_r
 .text._free_r  0x0010baf8      0x314 C:/devkitPro/devkitARM/bin/../lib/gcc/arm-none-eabi/15.2.0/../../../../arm-none-eabi/lib/armv6k/fpu\libg.a(libc_a-freer.o)
                0x0010baf8                _free_r
 .text.printf   0x0010be0c       0x34 C:/devkitPro/devkitARM/bin/../lib/gcc/arm-none-eabi/15.2.0/../../../../arm-none-eabi/lib/armv6k/fpu\libg.a(libc_a-printf.o)
                0x0010be0c                printf
 .text.strnlen  0x0010be40       0x3c C:/devkitPro/devkitARM/bin/../lib/gcc/arm-none-eabi/15.2.0/../../../../arm-none-eabi/lib/armv6k/fpu\libg.a(libc_a-strnlen.o)
                0x0010be40                strnlen
 .text.malloc   0x0010be7c       0x40 C:/devkitPro/devkitARM/bin/../lib/gcc/arm-none-eabi/15.2.0/../../../../arm-none-eabi/lib/armv6k/fpu\libg.a(libc_a-malloc.o)
                0x0010be7c                malloc
 .text.free     0x0010bebc       0x20 C:/devkitPro/devkitARM/bin/../lib/gcc/arm-none-eabi/15.2.0/../../../../arm-none-eabi/lib/armv6k/fpu\libg.a(libc_a-malloc.o)
                0x0010bebc                free
 .text.__sflush_r
                0x0010bedc      0x22c C:/devkitPro/devkitARM/bin/../lib/gcc/arm-none-eabi/15.2.0/../../../../arm-none-eabi/lib/armv6k/fpu\libg.a(libc_a-fflush.o)
                0x0010bedc                __sflush_r
 .text._fflush_r
                0x0010c108       0xc4 C:/devkitPro/devkitARM/bin/../lib/gcc/arm-none-eabi/15.2.0/../../../../arm-none-eabi/lib/armv6k/fpu\libg.a(libc_a-fflush.o)
                0x0010c108                _fflush_r
 .text.memset   0x0010c1cc       0xe4 C:/devkitPro/devkitARM/bin/../lib/gcc/arm-none-eabi/15.2.0/../../../../arm-none-eabi/lib/armv6k/fpu\libg.a(libc_a-memset.o)
                0x0010c1cc                memset
 .text.__malloc_lock
                0x0010c2b0        0xc C:/devkitPro/devkitARM/bin/../lib/gcc/arm-none-eabi/15.2.0/../../../../arm-none-eabi/lib/armv6k/fpu\libg.a(libc_a-mlock.o)
                0x0010c2b0                __malloc_lock
 .text.__malloc_unlock
                0x0010c2bc        0xc C:/devkitPro/devkitARM/bin/../lib/gcc/arm-none-eabi/15.2.0/../../../../arm-none-eabi/lib/armv6k/fpu\libg.a(libc_a-mlock.o)
                0x0010c2bc                __malloc_unlock
 .text.__call_exitprocs
                0x0010c2c8        0x4 C:/devkitPro/devkitARM/bin/../lib/gcc/arm-none-eabi/15.2.0/../../../../arm-none-eabi/lib/armv6k/fpu\libg.a(libc_a-exit.o)
                0x0010c2c8                __call_exitprocs
 .text.exit     0x0010c2cc       0x30 C:/devkitPro/devkitARM/bin/../lib/gcc/arm-none-eabi/15.2.0/../../../../arm-none-eabi/lib/armv6k/fpu\libg.a(libc_a-exit.o)
                0x0010c2cc                exit
 .text.setvbuf  0x0010c2fc      0x294 C:/devkitPro/devkitARM/bin/../lib/gcc/arm-none-eabi/15.2.0/../../../../arm-none-eabi/lib/armv6k/fpu\libg.a(libc_a-setvbuf.o)
                0x0010c2fc                setvbuf
 .text.strncpy  0x0010c590       0xd4 C:/devkitPro/devkitARM/bin/../lib/gcc/arm-none-eabi/15.2.0/../../../../arm-none-eabi/lib/armv6k/fpu\libg.a(libc_a-strncpy.o)
                0x0010c590                strncpy
 .text.memcpy   0x0010c664      0x12c C:/devkitPro/devkitARM/bin/../lib/gcc/arm-none-eabi/15.2.0/../../../../arm-none-eabi/lib/armv6k/fpu\libg.a(libc_a-memcpy-stub.o)
                0x0010c664                memcpy
 .text.__sread  0x0010c790       0x44 C:/devkitPro/devkitARM/bin/../lib/gcc/arm-none-eabi/15.2.0/../../../../arm-none-eabi/lib/armv6k/fpu\libg.a(libc_a-stdio.o)
                0x0010c790                __sread
 .text.__swrite
                0x0010c7d4       0x68 C:/devkitPro/devkitARM/bin/../lib/gcc/arm-none-eabi/15.2.0/../../../../arm-none-eabi/lib/armv6k/fpu\libg.a(libc_a-stdio.o)
                0x0010c7d4                __swrite
 .text.__sseek  0x0010c83c       0x40 C:/devkitPro/devkitARM/bin/../lib/gcc/arm-none-eabi/15.2.0/../../../../arm-none-eabi/lib/armv6k/fpu\libg.a(libc_a-stdio.o)
                0x0010c83c                __sseek
 .text.__sclose
                0x0010c87c        0x8 C:/devkitPro/devkitARM/bin/../lib/gcc/arm-none-eabi/15.2.0/../../../../arm-none-eabi/lib/armv6k/fpu\libg.a(libc_a-stdio.o)
                0x0010c87c                __sclose
 .text._fclose_r
                0x0010c884      0x144 C:/devkitPro/devkitARM/bin/../lib/gcc/arm-none-eabi/15.2.0/../../../../arm-none-eabi/lib/armv6k/fpu\libg.a(libc_a-fclose.o)
                0x0010c884                _fclose_r
 .text._memalign_r
                0x0010c9c8      0x16c C:/devkitPro/devkitARM/bin/../lib/gcc/arm-none-eabi/15.2.0/../../../../arm-none-eabi/lib/armv6k/fpu\libg.a(libc_a-malignr.o)
                0x0010c9c8                _memalign_r
 .text.get_arg  0x0010cb34      0x5e0 C:/devkitPro/devkitARM/bin/../lib/gcc/arm-none-eabi/15.2.0/../../../../arm-none-eabi/lib/armv6k/fpu\libg.a(libc_a-vfprintf.o)
 *fill*         0x0010d114        0x4 
 .text._vfprintf_r
                0x0010d118     0x3554 C:/devkitPro/devkitARM/bin/../lib/gcc/arm-none-eabi/15.2.0/../../../../arm-none-eabi/lib/armv6k/fpu\libg.a(libc_a-vfprintf.o)
                0x0010d118                _vfprintf_r
 .text.__sbprintf
                0x0011066c       0xb4 C:/devkitPro/devkitARM/bin/../lib/gcc/arm-none-eabi/15.2.0/../../../../arm-none-eabi/lib/armv6k/fpu\libg.a(libc_a-vfprintf.o)
 .text.memchr   0x00110720       0xe8 C:/devkitPro/devkitARM/bin/../lib/gcc/arm-none-eabi/15.2.0/../../../../arm-none-eabi/lib/armv6k/fpu\libg.a(libc_a-memchr-stub.o)
                0x00110720                memchr
 .text.quorem   0x00110808      0x1c0 C:/devkitPro/devkitARM/bin/../lib/gcc/arm-none-eabi/15.2.0/../../../../arm-none-eabi/lib/armv6k/fpu\libg.a(libc_a-dtoa.o)
 .text._dtoa_r  0x001109c8     0x1420 C:/devkitPro/devkitARM/bin/../lib/gcc/arm-none-eabi/15.2.0/../../../../arm-none-eabi/lib/armv6k/fpu\libg.a(libc_a-dtoa.o)
                0x001109c8                _dtoa_r
 .text._wcrtomb_r
                0x00111de8       0xa0 C:/devkitPro/devkitARM/bin/../lib/gcc/arm-none-eabi/15.2.0/../../../../arm-none-eabi/lib/armv6k/fpu\libg.a(libc_a-wcrtomb.o)
                0x00111de8                _wcrtomb_r
 .text.__libc_fini_array
                0x00111e88       0x3c C:/devkitPro/devkitARM/bin/../lib/gcc/arm-none-eabi/15.2.0/../../../../arm-none-eabi/lib/armv6k/fpu\libg.a(libc_a-fini.o)
                0x00111e88                __libc_fini_array
 .text.__smakebuf_r
                0x00111ec4      0x164 C:/devkitPro/devkitARM/bin/../lib/gcc/arm-none-eabi/15.2.0/../../../../arm-none-eabi/lib/armv6k/fpu\libg.a(libc_a-makebuf.o)
                0x00111ec4                __smakebuf_r
 .text.__swhatbuf_r
                0x00112028       0x90 C:/devkitPro/devkitARM/bin/../lib/gcc/arm-none-eabi/15.2.0/../../../../arm-none-eabi/lib/armv6k/fpu\libg.a(libc_a-makebuf.o)
                0x00112028                __swhatbuf_r
 .text._wcsrtombs_r
                0x001120b8       0x28 C:/devkitPro/devkitARM/bin/../lib/gcc/arm-none-eabi/15.2.0/../../../../arm-none-eabi/lib/armv6k/fpu\libg.a(libc_a-wcsrtombs.o)
                0x001120b8                _wcsrtombs_r
 .text.__swsetup_r
                0x001120e0      0x140 C:/devkitPro/devkitARM/bin/../lib/gcc/arm-none-eabi/15.2.0/../../../../arm-none-eabi/lib/armv6k/fpu\libg.a(libc_a-wsetup.o)
                0x001120e0                __swsetup_r
 .text.frexp    0x00112220       0x88 C:/devkitPro/devkitARM/bin/../lib/gcc/arm-none-eabi/15.2.0/../../../../arm-none-eabi/lib/armv6k/fpu\libg.a(libm_a-s_frexp.o)
                0x00112220                frexp
 .text.__assert_func
                0x001122a8       0x5c C:/devkitPro/devkitARM/bin/../lib/gcc/arm-none-eabi/15.2.0/../../../../arm-none-eabi/lib/armv6k/fpu\libg.a(libc_a-assert.o)
                0x001122a8                __assert_func
 .text._Balloc  0x00112304       0x88 C:/devkitPro/devkitARM/bin/../lib/gcc/arm-none-eabi/15.2.0/../../../../arm-none-eabi/lib/armv6k/fpu\libg.a(libc_a-mprec.o)
                0x00112304                _Balloc
 .text._Bfree   0x0011238c       0x1c C:/devkitPro/devkitARM/bin/../lib/gcc/arm-none-eabi/15.2.0/../../../../arm-none-eabi/lib/armv6k/fpu\libg.a(libc_a-mprec.o)
                0x0011238c                _Bfree
 .text.__multadd
                0x001123a8       0xf4 C:/devkitPro/devkitARM/bin/../lib/gcc/arm-none-eabi/15.2.0/../../../../arm-none-eabi/lib/armv6k/fpu\libg.a(libc_a-mprec.o)
                0x001123a8                __multadd
 .text.__hi0bits
                0x0011249c       0x80 C:/devkitPro/devkitARM/bin/../lib/gcc/arm-none-eabi/15.2.0/../../../../arm-none-eabi/lib/armv6k/fpu\libg.a(libc_a-mprec.o)
                0x0011249c                __hi0bits
 .text.__lo0bits
                0x0011251c       0xf0 C:/devkitPro/devkitARM/bin/../lib/gcc/arm-none-eabi/15.2.0/../../../../arm-none-eabi/lib/armv6k/fpu\libg.a(libc_a-mprec.o)
                0x0011251c                __lo0bits
 .text.__i2b    0x0011260c       0xa4 C:/devkitPro/devkitARM/bin/../lib/gcc/arm-none-eabi/15.2.0/../../../../arm-none-eabi/lib/armv6k/fpu\libg.a(libc_a-mprec.o)
                0x0011260c                __i2b
 .text.__multiply
                0x001126b0      0x230 C:/devkitPro/devkitARM/bin/../lib/gcc/arm-none-eabi/15.2.0/../../../../arm-none-eabi/lib/armv6k/fpu\libg.a(libc_a-mprec.o)
                0x001126b0                __multiply
 .text.__pow5mult
                0x001128e0      0x130 C:/devkitPro/devkitARM/bin/../lib/gcc/arm-none-eabi/15.2.0/../../../../arm-none-eabi/lib/armv6k/fpu\libg.a(libc_a-mprec.o)
                0x001128e0                __pow5mult
 .text.__lshift
                0x00112a10      0x138 C:/devkitPro/devkitARM/bin/../lib/gcc/arm-none-eabi/15.2.0/../../../../arm-none-eabi/lib/armv6k/fpu\libg.a(libc_a-mprec.o)
                0x00112a10                __lshift
 .text.__mcmp   0x00112b48       0x58 C:/devkitPro/devkitARM/bin/../lib/gcc/arm-none-eabi/15.2.0/../../../../arm-none-eabi/lib/armv6k/fpu\libg.a(libc_a-mprec.o)
                0x00112b48                __mcmp
 .text.__mdiff  0x00112ba0      0x218 C:/devkitPro/devkitARM/bin/../lib/gcc/arm-none-eabi/15.2.0/../../../../arm-none-eabi/lib/armv6k/fpu\libg.a(libc_a-mprec.o)
                0x00112ba0                __mdiff
 .text.__d2b    0x00112db8      0x120 C:/devkitPro/devkitARM/bin/../lib/gcc/arm-none-eabi/15.2.0/../../../../arm-none-eabi/lib/armv6k/fpu\libg.a(libc_a-mprec.o)
                0x00112db8                __d2b
 .text.__locale_mb_cur_max
                0x00112ed8       0x24 C:/devkitPro/devkitARM/bin/../lib/gcc/arm-none-eabi/15.2.0/../../../../arm-none-eabi/lib/armv6k/fpu\libg.a(libc_a-locale.o)
                0x00112ed8                __locale_mb_cur_max
 .text.fiprintf
                0x00112efc       0x3c C:/devkitPro/devkitARM/bin/../lib/gcc/arm-none-eabi/15.2.0/../../../../arm-none-eabi/lib/armv6k/fpu\libg.a(libc_a-fiprintf.o)
                0x00112efc                fiprintf
 .text._wcsnrtombs_l
                0x00112f38      0x15c C:/devkitPro/devkitARM/bin/../lib/gcc/arm-none-eabi/15.2.0/../../../../arm-none-eabi/lib/armv6k/fpu\libg.a(libc_a-wcsnrtombs.o)
                0x00112f38                _wcsnrtombs_l
 .text._wcsnrtombs_r
                0x00113094       0x64 C:/devkitPro/devkitARM/bin/../lib/gcc/arm-none-eabi/15.2.0/../../../../arm-none-eabi/lib/armv6k/fpu\libg.a(libc_a-wcsnrtombs.o)
                0x00113094                _wcsnrtombs_r
 .text.__utf8_mbtowc
                0x001130f8      0x340 C:/devkitPro/devkitARM/bin/../lib/gcc/arm-none-eabi/15.2.0/../../../../arm-none-eabi/lib/armv6k/fpu\libg.a(libc_a-mbtowc_r.o)
                0x001130f8                __utf8_mbtowc
 .text.__sprint_r
                0x00113438       0x30 C:/devkitPro/devkitARM/bin/../lib/gcc/arm-none-eabi/15.2.0/../../../../arm-none-eabi/lib/armv6k/fpu\libg.a(libc_a-sprint_r.o)
                0x00113438                __sprint_r
 .text.abort    0x00113468       0x14 C:/devkitPro/devkitARM/bin/../lib/gcc/arm-none-eabi/15.2.0/../../../../arm-none-eabi/lib/armv6k/fpu\libg.a(libc_a-abort.o)
                0x00113468                abort
 .text._localeconv_r
                0x0011347c       0x24 C:/devkitPro/devkitARM/bin/../lib/gcc/arm-none-eabi/15.2.0/../../../../arm-none-eabi/lib/armv6k/fpu\libg.a(libc_a-localeconv.o)
                0x0011347c                _localeconv_r
 .text._calloc_r
                0x001134a0       0xd8 C:/devkitPro/devkitARM/bin/../lib/gcc/arm-none-eabi/15.2.0/../../../../arm-none-eabi/lib/armv6k/fpu\libg.a(libc_a-callocr.o)
                0x001134a0                _calloc_r
 .text.__utf8_wctomb
                0x00113578       0xf8 C:/devkitPro/devkitARM/bin/../lib/gcc/arm-none-eabi/15.2.0/../../../../arm-none-eabi/lib/armv6k/fpu\libg.a(libc_a-wctomb_r.o)
                0x00113578                __utf8_wctomb
 .text.__sfvwrite_r
                0x00113670      0x4a4 C:/devkitPro/devkitARM/bin/../lib/gcc/arm-none-eabi/15.2.0/../../../../arm-none-eabi/lib/armv6k/fpu\libg.a(libc_a-fvwrite.o)
                0x00113670                __sfvwrite_r
 .text.strchr   0x00113b14      0x140 C:/devkitPro/devkitARM/bin/../lib/gcc/arm-none-eabi/15.2.0/../../../../arm-none-eabi/lib/armv6k/fpu\libg.a(libc_a-strchr.o)
                0x00113b14                strchr
 .text.memmove  0x00113c54      0x16c C:/devkitPro/devkitARM/bin/../lib/gcc/arm-none-eabi/15.2.0/../../../../arm-none-eabi/lib/armv6k/fpu\libg.a(libc_a-memmove.o)
                0x00113c54                memmove
 .text._raise_r
                0x00113dc0       0x9c C:/devkitPro/devkitARM/bin/../lib/gcc/arm-none-eabi/15.2.0/../../../../arm-none-eabi/lib/armv6k/fpu\libg.a(libc_a-signal.o)
                0x00113dc0                _raise_r
 .text.raise    0x00113e5c       0x20 C:/devkitPro/devkitARM/bin/../lib/gcc/arm-none-eabi/15.2.0/../../../../arm-none-eabi/lib/armv6k/fpu\libg.a(libc_a-signal.o)
                0x00113e5c                raise
 .text.get_arg  0x00113e7c      0x5e0 C:/devkitPro/devkitARM/bin/../lib/gcc/arm-none-eabi/15.2.0/../../../../arm-none-eabi/lib/armv6k/fpu\libg.a(libc_a-vfiprintf.o)
 .text._vfiprintf_r
                0x0011445c     0x22f8 C:/devkitPro/devkitARM/bin/../lib/gcc/arm-none-eabi/15.2.0/../../../../arm-none-eabi/lib/armv6k/fpu\libg.a(libc_a-vfiprintf.o)
                0x0011445c                _vfiprintf_r
 .text.__sbprintf
                0x00116754       0xb4 C:/devkitPro/devkitARM/bin/../lib/gcc/arm-none-eabi/15.2.0/../../../../arm-none-eabi/lib/armv6k/fpu\libg.a(libc_a-vfiprintf.o)
 .text._realloc_r
                0x00116808      0x4f0 C:/devkitPro/devkitARM/bin/../lib/gcc/arm-none-eabi/15.2.0/../../../../arm-none-eabi/lib/armv6k/fpu\libg.a(libc_a-reallocr.o)
                0x00116808                _realloc_r
 .text._exit    0x00116cf8       0x20 C:/devkitPro/devkitARM/bin/../lib/gcc/arm-none-eabi/15.2.0/../../../../arm-none-eabi/lib/armv6k/fpu\libsysbase.a(libsysbase_libsysbase_a-_exit.o)
                0x00116cf8                _exit
 .text.chdir    0x00116d18      0x140 C:/devkitPro/devkitARM/bin/../lib/gcc/arm-none-eabi/15.2.0/../../../../arm-none-eabi/lib/armv6k/fpu\libsysbase.a(libsysbase_libsysbase_a-chdir.o)
                0x00116d18                chdir
 .text._concatenate_path
                0x00116e58      0x1c8 C:/devkitPro/devkitARM/bin/../lib/gcc/arm-none-eabi/15.2.0/../../../../arm-none-eabi/lib/armv6k/fpu\libsysbase.a(libsysbase_libsysbase_a-concatenate.o)
                0x00116e58                _concatenate_path
 .text._fstat_r
                0x00117020       0x9c C:/devkitPro/devkitARM/bin/../lib/gcc/arm-none-eabi/15.2.0/../../../../arm-none-eabi/lib/armv6k/fpu\libsysbase.a(libsysbase_libsysbase_a-fstat.o)
                0x00117020                _fstat_r
 .text._getpid_r
                0x001170bc       0x14 C:/devkitPro/devkitARM/bin/../lib/gcc/arm-none-eabi/15.2.0/../../../../arm-none-eabi/lib/armv6k/fpu\libsysbase.a(libsysbase_libsysbase_a-getpid.o)
                0x001170bc                _getpid_r
 .text.__getreent
                0x001170d0       0x2c C:/devkitPro/devkitARM/bin/../lib/gcc/arm-none-eabi/15.2.0/../../../../arm-none-eabi/lib/armv6k/fpu\libsysbase.a(libsysbase_libsysbase_a-getreent.o)
                0x001170d0                __getreent
 .text.__get_handle
                0x001170fc       0x58 C:/devkitPro/devkitARM/bin/../lib/gcc/arm-none-eabi/15.2.0/../../../../arm-none-eabi/lib/armv6k/fpu\libsysbase.a(libsysbase_libsysbase_a-handle_manager.o)
                0x001170fc                __get_handle
 .text._close_r
                0x00117154      0x110 C:/devkitPro/devkitARM/bin/../lib/gcc/arm-none-eabi/15.2.0/../../../../arm-none-eabi/lib/armv6k/fpu\libsysbase.a(libsysbase_libsysbase_a-handle_manager.o)
                0x00117154                _close_r
 .text.null_write
                0x00117264        0x8 C:/devkitPro/devkitARM/bin/../lib/gcc/arm-none-eabi/15.2.0/../../../../arm-none-eabi/lib/armv6k/fpu\libsysbase.a(libsysbase_libsysbase_a-iosupport.o)
 .text.setDefaultDevice
                0x0011726c       0x18 C:/devkitPro/devkitARM/bin/../lib/gcc/arm-none-eabi/15.2.0/../../../../arm-none-eabi/lib/armv6k/fpu\libsysbase.a(libsysbase_libsysbase_a-iosupport.o)
                0x0011726c                setDefaultDevice
 .text.FindDevice
                0x00117284       0xc4 C:/devkitPro/devkitARM/bin/../lib/gcc/arm-none-eabi/15.2.0/../../../../arm-none-eabi/lib/armv6k/fpu\libsysbase.a(libsysbase_libsysbase_a-iosupport.o)
                0x00117284                FindDevice
 .text.RemoveDevice
                0x00117348       0x28 C:/devkitPro/devkitARM/bin/../lib/gcc/arm-none-eabi/15.2.0/../../../../arm-none-eabi/lib/armv6k/fpu\libsysbase.a(libsysbase_libsysbase_a-iosupport.o)
                0x00117348                RemoveDevice
 .text.AddDevice
                0x00117370       0x98 C:/devkitPro/devkitARM/bin/../lib/gcc/arm-none-eabi/15.2.0/../../../../arm-none-eabi/lib/armv6k/fpu\libsysbase.a(libsysbase_libsysbase_a-iosupport.o)
                0x00117370                AddDevice
 .text.GetDeviceOpTab
                0x00117408       0x20 C:/devkitPro/devkitARM/bin/../lib/gcc/arm-none-eabi/15.2.0/../../../../arm-none-eabi/lib/armv6k/fpu\libsysbase.a(libsysbase_libsysbase_a-iosupport.o)
                0x00117408                GetDeviceOpTab
 .text._isatty_r
                0x00117428        0x8 C:/devkitPro/devkitARM/bin/../lib/gcc/arm-none-eabi/15.2.0/../../../../arm-none-eabi/lib/armv6k/fpu\libsysbase.a(libsysbase_libsysbase_a-isatty.o)
                0x00117428                _isatty_r
 .text._kill_r  0x00117430       0x14 C:/devkitPro/devkitARM/bin/../lib/gcc/arm-none-eabi/15.2.0/../../../../arm-none-eabi/lib/armv6k/fpu\libsysbase.a(libsysbase_libsysbase_a-kill.o)
                0x00117430                _kill_r
 .text._lseek_r
                0x00117444       0x94 C:/devkitPro/devkitARM/bin/../lib/gcc/arm-none-eabi/15.2.0/../../../../arm-none-eabi/lib/armv6k/fpu\libsysbase.a(libsysbase_libsysbase_a-lseek.o)
                0x00117444                _lseek_r
 .text._read_r  0x001174d8       0x94 C:/devkitPro/devkitARM/bin/../lib/gcc/arm-none-eabi/15.2.0/../../../../arm-none-eabi/lib/armv6k/fpu\libsysbase.a(libsysbase_libsysbase_a-read.o)
                0x001174d8                _read_r
 .text._sbrk_r  0x0011756c       0x78 C:/devkitPro/devkitARM/bin/../lib/gcc/arm-none-eabi/15.2.0/../../../../arm-none-eabi/lib/armv6k/fpu\libsysbase.a(libsysbase_libsysbase_a-sbrk.o)
                0x0011756c                _sbrk_r
 .text.__libc_lock_acquire
                0x001175e4       0x1c C:/devkitPro/devkitARM/bin/../lib/gcc/arm-none-eabi/15.2.0/../../../../arm-none-eabi/lib/armv6k/fpu\libsysbase.a(libsysbase_libsysbase_a-syscall_support.o)
                0x001175e4                __libc_lock_acquire
 .text.__libc_lock_release
                0x00117600       0x1c C:/devkitPro/devkitARM/bin/../lib/gcc/arm-none-eabi/15.2.0/../../../../arm-none-eabi/lib/armv6k/fpu\libsysbase.a(libsysbase_libsysbase_a-syscall_support.o)
                0x00117600                __libc_lock_release
 .text.__libc_lock_acquire_recursive
                0x0011761c       0x1c C:/devkitPro/devkitARM/bin/../lib/gcc/arm-none-eabi/15.2.0/../../../../arm-none-eabi/lib/armv6k/fpu\libsysbase.a(libsysbase_libsysbase_a-syscall_support.o)
                0x0011761c                __libc_lock_acquire_recursive
 .text.__libc_lock_release_recursive
                0x00117638       0x1c C:/devkitPro/devkitARM/bin/../lib/gcc/arm-none-eabi/15.2.0/../../../../arm-none-eabi/lib/armv6k/fpu\libsysbase.a(libsysbase_libsysbase_a-syscall_support.o)
                0x00117638                __libc_lock_release_recursive
 .text._write_r
                0x00117654       0x94 C:/devkitPro/devkitARM/bin/../lib/gcc/arm-none-eabi/15.2.0/../../../../arm-none-eabi/lib/armv6k/fpu\libsysbase.a(libsysbase_libsysbase_a-write.o)
                0x00117654                _write_r
 .text.strrchr  0x001176e8       0x48 C:/devkitPro/devkitARM/bin/../lib/gcc/arm-none-eabi/15.2.0/../../../../arm-none-eabi/lib/armv6k/fpu\libg.a(libc_a-strrchr.o)
                0x001176e8                strrchr
 *(.glue_7)
 .glue_7        0x00117730        0x0 linker stubs
 *(.glue_7t)
 .glue_7t       0x00117730        0x0 linker stubs
 *(.stub)
 *(.gnu.warning)
 *(.gnu.linkonce.t*)
                0x00117730                        . = ALIGN (0x4)
 *(.fini)
 .fini          0x00117730        0xc C:/devkitPro/devkitARM/bin/../lib/gcc/arm-none-eabi/15.2.0/armv6k/fpu/crti.o
                0x00117730                _fini
 .fini          0x0011773c        0xc C:/devkitPro/devkitARM/bin/../lib/gcc/arm-none-eabi/15.2.0/armv6k/fpu/crtn.o
                0x00117748                        . = ALIGN (0x4)

.vfp11_veneer   0x00117748        0x0
 .vfp11_veneer  0x00117748        0x0 linker stubs

.v4_bx          0x00117748        0x0
 .v4_bx         0x00117748        0x0 linker stubs

.iplt           0x00117748        0x0
 .iplt          0x00117748        0x0 C:/devkitPro/devkitARM/bin/../lib/gcc/arm-none-eabi/15.2.0/../../../../arm-none-eabi/lib/armv6k/fpu/3dsx_crt0.o
                0x00118000                        . = ALIGN (0x1000)

.rodata         0x00118000     0x1490
 *(.rodata)
 .rodata        0x00118000        0xc C:/devkitPro/libctru/lib\libctru.a(archive_dev.o)
 *(.roda)
 *(.rodata.*)
 .rodata.str1.4
                0x0011800c      0x2a4 main.o
                                 0x6b (size before relaxing)
 .rodata.consolePrintChar
                0x001182b0        0x6 C:/devkitPro/libctru/lib\libctru.a(console.o)
 .rodata.con_write
                0x001182b6      0x164 C:/devkitPro/libctru/lib\libctru.a(console.o)
 .rodata.str1.4
                0x0011841a        0x0 C:/devkitPro/libctru/lib\libctru.a(console.o)
                                 0x10 (size before relaxing)
 *fill*         0x0011841a        0x2 
 .rodata.dotab_stdout
                0x0011841c       0x80 C:/devkitPro/libctru/lib\libctru.a(console.o)
 .rodata.grayScale
                0x0011849c       0x18 C:/devkitPro/libctru/lib\libctru.a(console.o)
 .rodata.colorCube
                0x001184b4        0x6 C:/devkitPro/libctru/lib\libctru.a(console.o)
 *fill*         0x001184ba        0x2 
 .rodata.colorTable
                0x001184bc       0x30 C:/devkitPro/libctru/lib\libctru.a(console.o)
 .rodata.aptEventHandler
                0x001184ec        0xb C:/devkitPro/libctru/lib\libctru.a(apt.o)
 .rodata.aptWaitForWakeUp.isra.0
                0x001184f7       0x11 C:/devkitPro/libctru/lib\libctru.a(apt.o)
 .rodata.morton_y.2
                0x00118508        0x8 C:/devkitPro/libctru/lib\libctru.a(apt.o)
 .rodata.morton_x.3
                0x00118510        0x8 C:/devkitPro/libctru/lib\libctru.a(apt.o)
 .rodata.s_sleepWakeEvents.4
                0x00118518        0x8 C:/devkitPro/libctru/lib\libctru.a(apt.o)
 .rodata.str1.4
                0x00118520        0x0 C:/devkitPro/libctru/lib\libctru.a(apt.o)
                                 0x16 (size before relaxing)
 .rodata.serviceNameTable.5
                0x00118520        0xc C:/devkitPro/libctru/lib\libctru.a(apt.o)
 .rodata.gspInit.str1.4
                0x0011852c        0x0 C:/devkitPro/libctru/lib\libctru.a(gspgpu.o)
                                  0x9 (size before relaxing)
 .rodata.hidInit.str1.4
                0x0011852c        0x0 C:/devkitPro/libctru/lib\libctru.a(hid.o)
                                 0x15 (size before relaxing)
 .rodata.irrstInit.str1.4
                0x0011852c        0x0 C:/devkitPro/libctru/lib\libctru.a(irrst.o)
                                  0x7 (size before relaxing)
 .rodata.__system_initArgv.str1.4
                0x0011852c        0x0 C:/devkitPro/libctru/lib\libctru.a(initArgv.o)
                                  0xa (size before relaxing)
 .rodata.default_font_bin
                0x0011852c      0x800 C:/devkitPro/libctru/lib\libctru.a(default_font.bin.o)
                0x0011852c                default_font_bin
                0x00118d2c                default_font_bin_end
 .rodata.srvInit.str1.4
                0x00118d2c        0x0 C:/devkitPro/libctru/lib\libctru.a(srv.o)
                                  0x5 (size before relaxing)
 .rodata.ptmSysmInit.str1.4
                0x00118d2c        0x0 C:/devkitPro/libctru/lib\libctru.a(ptmsysm.o)
                                  0x9 (size before relaxing)
 .rodata.archive_utf16path.str1.4
                0x00118d2c        0x0 C:/devkitPro/libctru/lib\libctru.a(archive_dev.o)
                                  0x2 (size before relaxing)
 .rodata._archiveUnmountDeviceStruct.part.0.str1.4
                0x00118d2c        0x0 C:/devkitPro/libctru/lib\libctru.a(archive_dev.o)
                                  0x2 (size before relaxing)
 .rodata._archiveMountDevice.str1.4
                0x00118d2c        0x0 C:/devkitPro/libctru/lib\libctru.a(archive_dev.o)
                                  0xc (size before relaxing)
 .rodata.archiveMountSdmc.str1.4
                0x00118d2c        0x0 C:/devkitPro/libctru/lib\libctru.a(archive_dev.o)
                                  0x5 (size before relaxing)
 .rodata.error_table
                0x00118d2c       0x30 C:/devkitPro/libctru/lib\libctru.a(archive_dev.o)
 .rodata.str1.4
                0x00118d5c        0x0 C:/devkitPro/libctru/lib\libctru.a(archive_dev.o)
                                  0x8 (size before relaxing)
 .rodata.archive_devoptab
                0x00118d5c       0x80 C:/devkitPro/libctru/lib\libctru.a(archive_dev.o)
 .rodata.fsInit.str1.4
                0x00118ddc        0x0 C:/devkitPro/libctru/lib\libctru.a(fs.o)
                                  0x8 (size before relaxing)
 .rodata._ctype_
                0x00118ddc      0x101 C:/devkitPro/devkitARM/bin/../lib/gcc/arm-none-eabi/15.2.0/../../../../arm-none-eabi/lib/armv6k/fpu\libg.a(libc_a-ctype_.o)
                0x00118ddc                _ctype_
 *fill*         0x00118edd        0x1 
 .rodata.get_arg
                0x00118ede       0x34 C:/devkitPro/devkitARM/bin/../lib/gcc/arm-none-eabi/15.2.0/../../../../arm-none-eabi/lib/armv6k/fpu\libg.a(libc_a-vfprintf.o)
 .rodata._vfprintf_r.str1.1
                0x00118f12       0x3b C:/devkitPro/devkitARM/bin/../lib/gcc/arm-none-eabi/15.2.0/../../../../arm-none-eabi/lib/armv6k/fpu\libg.a(libc_a-vfprintf.o)
 *fill*         0x00118f4d        0x1 
 .rodata._vfprintf_r
                0x00118f4e       0xb6 C:/devkitPro/devkitARM/bin/../lib/gcc/arm-none-eabi/15.2.0/../../../../arm-none-eabi/lib/armv6k/fpu\libg.a(libc_a-vfprintf.o)
 .rodata.zeroes.0
                0x00119004       0x10 C:/devkitPro/devkitARM/bin/../lib/gcc/arm-none-eabi/15.2.0/../../../../arm-none-eabi/lib/armv6k/fpu\libg.a(libc_a-vfprintf.o)
 .rodata.blanks.1
                0x00119014       0x10 C:/devkitPro/devkitARM/bin/../lib/gcc/arm-none-eabi/15.2.0/../../../../arm-none-eabi/lib/armv6k/fpu\libg.a(libc_a-vfprintf.o)
 .rodata._dtoa_r.str1.4
                0x00119024        0x0 C:/devkitPro/devkitARM/bin/../lib/gcc/arm-none-eabi/15.2.0/../../../../arm-none-eabi/lib/armv6k/fpu\libg.a(libc_a-dtoa.o)
                                 0x9c (size before relaxing)
 .rodata._dtoa_r
                0x00119024        0x8 C:/devkitPro/devkitARM/bin/../lib/gcc/arm-none-eabi/15.2.0/../../../../arm-none-eabi/lib/armv6k/fpu\libg.a(libc_a-dtoa.o)
 .rodata.__action_table
                0x0011902c       0x6c C:/devkitPro/devkitARM/bin/../lib/gcc/arm-none-eabi/15.2.0/../../../../arm-none-eabi/lib/armv6k/fpu\libg.a(libc_a-svfiprintf.o)
                0x0011902c                __action_table
 .rodata.__state_table
                0x00119098       0x6c C:/devkitPro/devkitARM/bin/../lib/gcc/arm-none-eabi/15.2.0/../../../../arm-none-eabi/lib/armv6k/fpu\libg.a(libc_a-svfiprintf.o)
                0x00119098                __state_table
 .rodata.__chclass
                0x00119104      0x100 C:/devkitPro/devkitARM/bin/../lib/gcc/arm-none-eabi/15.2.0/../../../../arm-none-eabi/lib/armv6k/fpu\libg.a(libc_a-svfiprintf.o)
                0x00119104                __chclass
 .rodata.__assert_func.str1.4
                0x00119204        0x0 C:/devkitPro/devkitARM/bin/../lib/gcc/arm-none-eabi/15.2.0/../../../../arm-none-eabi/lib/armv6k/fpu\libg.a(libc_a-assert.o)
                                 0x43 (size before relaxing)
 .rodata.__multadd.str1.4
                0x00119204        0x0 C:/devkitPro/devkitARM/bin/../lib/gcc/arm-none-eabi/15.2.0/../../../../arm-none-eabi/lib/armv6k/fpu\libg.a(libc_a-mprec.o)
                                 0x89 (size before relaxing)
 .rodata.p05.0  0x00119204        0xc C:/devkitPro/devkitARM/bin/../lib/gcc/arm-none-eabi/15.2.0/../../../../arm-none-eabi/lib/armv6k/fpu\libg.a(libc_a-mprec.o)
 .rodata.__mprec_bigtens
                0x00119210       0x28 C:/devkitPro/devkitARM/bin/../lib/gcc/arm-none-eabi/15.2.0/../../../../arm-none-eabi/lib/armv6k/fpu\libg.a(libc_a-mprec.o)
                0x00119210                __mprec_bigtens
 .rodata.__mprec_tens
                0x00119238       0xc8 C:/devkitPro/devkitARM/bin/../lib/gcc/arm-none-eabi/15.2.0/../../../../arm-none-eabi/lib/armv6k/fpu\libg.a(libc_a-mprec.o)
                0x00119238                __mprec_tens
 .rodata.str1.4
                0x00119300        0x0 C:/devkitPro/devkitARM/bin/../lib/gcc/arm-none-eabi/15.2.0/../../../../arm-none-eabi/lib/armv6k/fpu\libg.a(libc_a-locale.o)
                                 0x4c (size before relaxing)
 .rodata.get_arg
                0x00119300       0x34 C:/devkitPro/devkitARM/bin/../lib/gcc/arm-none-eabi/15.2.0/../../../../arm-none-eabi/lib/armv6k/fpu\libg.a(libc_a-vfiprintf.o)
 .rodata._vfiprintf_r.str1.1
                0x00119334        0x0 C:/devkitPro/devkitARM/bin/../lib/gcc/arm-none-eabi/15.2.0/../../../../arm-none-eabi/lib/armv6k/fpu\libg.a(libc_a-vfiprintf.o)
                                 0x29 (size before relaxing)
 .rodata._vfiprintf_r
                0x00119334       0xb6 C:/devkitPro/devkitARM/bin/../lib/gcc/arm-none-eabi/15.2.0/../../../../arm-none-eabi/lib/armv6k/fpu\libg.a(libc_a-vfiprintf.o)
 *fill*         0x001193ea        0x2 
 .rodata.zeroes.0
                0x001193ec       0x10 C:/devkitPro/devkitARM/bin/../lib/gcc/arm-none-eabi/15.2.0/../../../../arm-none-eabi/lib/armv6k/fpu\libg.a(libc_a-vfiprintf.o)
 .rodata.blanks.1
                0x001193fc       0x10 C:/devkitPro/devkitARM/bin/../lib/gcc/arm-none-eabi/15.2.0/../../../../arm-none-eabi/lib/armv6k/fpu\libg.a(libc_a-vfiprintf.o)
 .rodata.AddDevice.str1.4
                0x0011940c        0x0 C:/devkitPro/devkitARM/bin/../lib/gcc/arm-none-eabi/15.2.0/../../../../arm-none-eabi/lib/armv6k/fpu\libsysbase.a(libsysbase_libsysbase_a-iosupport.o)
                                  0x8 (size before relaxing)
 .rodata.dotab_stdnull
                0x0011940c       0x80 C:/devkitPro/devkitARM/bin/../lib/gcc/arm-none-eabi/15.2.0/../../../../arm-none-eabi/lib/armv6k/fpu\libsysbase.a(libsysbase_libsysbase_a-iosupport.o)
                0x0011940c                dotab_stdnull
 *all.rodata*(*)
 *(.gnu.linkonce.r*)
                0x0011948c                        . = ALIGN (0x4)
                0x0011948c                        __tdata_align = .
                0x0011948c        0x4 LONG 0x4 ALIGNOF (.tdata)
                0x00119490                        . = ALIGN (0x4)

.eh_frame       0x00119490        0x0
 .eh_frame      0x00119490        0x0 C:/devkitPro/devkitARM/bin/../lib/gcc/arm-none-eabi/15.2.0/armv6k/fpu/crtbegin.o

.rel.dyn        0x00119490        0x0
 .rel.iplt      0x00119490        0x0 C:/devkitPro/devkitARM/bin/../lib/gcc/arm-none-eabi/15.2.0/../../../../arm-none-eabi/lib/armv6k/fpu/3dsx_crt0.o
 .rel.got       0x00119490        0x0 C:/devkitPro/devkitARM/bin/../lib/gcc/arm-none-eabi/15.2.0/../../../../arm-none-eabi/lib/armv6k/fpu/3dsx_crt0.o

.ARM.extab
 *(.ARM.extab* .gnu.linkonce.armextab.*)
                0x00119490                        __exidx_start = .

.ARM.exidx
 *(.ARM.exidx* .gnu.linkonce.armexidx.*)
                0x00119490                        __exidx_end = .
                0x0011a000                        . = ALIGN (0x1000)

.data           0x0011a000     0x1bec
 *(.data)
 *(.data.*)
 .data.firstConsoleInit.0
                0x0011a000        0x1 C:/devkitPro/libctru/lib\libctru.a(console.o)
 *fill*         0x0011a001        0x3 
 .data.currentConsole
                0x0011a004        0x4 C:/devkitPro/libctru/lib\libctru.a(console.o)
                0x0011a004                currentConsole
 .data.defaultConsole
                0x0011a008       0x48 C:/devkitPro/libctru/lib\libctru.a(console.o)
                0x0011a008                defaultConsole
 .data.aptChainloadDeliverArgSize
                0x0011a050        0x4 C:/devkitPro/libctru/lib\libctru.a(apt.o)
 .data.kCount   0x0011a054        0x4 C:/devkitPro/libctru/lib\libctru.a(hid.o)
 .data.kInterval
                0x0011a058        0x4 C:/devkitPro/libctru/lib\libctru.a(hid.o)
 .data.kDelay   0x0011a05c        0x4 C:/devkitPro/libctru/lib\libctru.a(hid.o)
 .data.__stacksize__
                0x0011a060        0x4 C:/devkitPro/libctru/lib\libctru.a(stack_adjust.o)
                0x0011a060                __stacksize__
 .data.__sglue  0x0011a064        0xc C:/devkitPro/devkitARM/bin/../lib/gcc/arm-none-eabi/15.2.0/../../../../arm-none-eabi/lib/armv6k/fpu\libg.a(libc_a-findfp.o)
                0x0011a064                __sglue
 .data.__malloc_sbrk_base
                0x0011a070        0x4 C:/devkitPro/devkitARM/bin/../lib/gcc/arm-none-eabi/15.2.0/../../../../arm-none-eabi/lib/armv6k/fpu\libg.a(libc_a-mallocr.o)
                0x0011a070                __malloc_sbrk_base
 .data.__malloc_trim_threshold
                0x0011a074        0x4 C:/devkitPro/devkitARM/bin/../lib/gcc/arm-none-eabi/15.2.0/../../../../arm-none-eabi/lib/armv6k/fpu\libg.a(libc_a-mallocr.o)
                0x0011a074                __malloc_trim_threshold
 .data.__malloc_av_
                0x0011a078      0x408 C:/devkitPro/devkitARM/bin/../lib/gcc/arm-none-eabi/15.2.0/../../../../arm-none-eabi/lib/armv6k/fpu\libg.a(libc_a-mallocr.o)
                0x0011a078                __malloc_av_
 .data._impure_ptr
                0x0011a480        0x4 C:/devkitPro/devkitARM/bin/../lib/gcc/arm-none-eabi/15.2.0/../../../../arm-none-eabi/lib/armv6k/fpu\libg.a(libc_a-impure.o)
                0x0011a480                _impure_ptr
 *fill*         0x0011a484        0x4 
 .data._impure_data
                0x0011a488      0x140 C:/devkitPro/devkitARM/bin/../lib/gcc/arm-none-eabi/15.2.0/../../../../arm-none-eabi/lib/armv6k/fpu\libg.a(libc_a-impure.o)
                0x0011a488                _impure_data
 .data.__global_locale
                0x0011a5c8      0x16c C:/devkitPro/devkitARM/bin/../lib/gcc/arm-none-eabi/15.2.0/../../../../arm-none-eabi/lib/armv6k/fpu\libg.a(libc_a-locale.o)
                0x0011a5c8                __global_locale
 .data._current_working_directory
                0x0011a734      0x400 C:/devkitPro/devkitARM/bin/../lib/gcc/arm-none-eabi/15.2.0/../../../../arm-none-eabi/lib/armv6k/fpu\libsysbase.a(libsysbase_libsysbase_a-chdir.o)
 *fill*         0x0011ab34        0x4 
 .data.handles  0x0011ab38     0x1000 C:/devkitPro/devkitARM/bin/../lib/gcc/arm-none-eabi/15.2.0/../../../../arm-none-eabi/lib/armv6k/fpu\libsysbase.a(libsysbase_libsysbase_a-handle_manager.o)
 .data.__stderr_handle
                0x0011bb38        0xc C:/devkitPro/devkitARM/bin/../lib/gcc/arm-none-eabi/15.2.0/../../../../arm-none-eabi/lib/armv6k/fpu\libsysbase.a(libsysbase_libsysbase_a-handle_manager.o)
 .data.__stdout_handle
                0x0011bb44        0xc C:/devkitPro/devkitARM/bin/../lib/gcc/arm-none-eabi/15.2.0/../../../../arm-none-eabi/lib/armv6k/fpu\libsysbase.a(libsysbase_libsysbase_a-handle_manager.o)
 .data.__stdin_handle
                0x0011bb50        0xc C:/devkitPro/devkitARM/bin/../lib/gcc/arm-none-eabi/15.2.0/../../../../arm-none-eabi/lib/armv6k/fpu\libsysbase.a(libsysbase_libsysbase_a-handle_manager.o)
 .data.devoptab_list
                0x0011bb5c       0x8c C:/devkitPro/devkitARM/bin/../lib/gcc/arm-none-eabi/15.2.0/../../../../arm-none-eabi/lib/armv6k/fpu\libsysbase.a(libsysbase_libsysbase_a-iosupport.o)
                0x0011bb5c                devoptab_list
 .data.defaultDevice
                0x0011bbe8        0x4 C:/devkitPro/devkitARM/bin/../lib/gcc/arm-none-eabi/15.2.0/../../../../arm-none-eabi/lib/armv6k/fpu\libsysbase.a(libsysbase_libsysbase_a-iosupport.o)
 *(.gnu.linkonce.d*)
                0x0011bbec                        . = ALIGN (0x4)

.igot.plt       0x0011bbec        0x0
 .igot.plt      0x0011bbec        0x0 C:/devkitPro/devkitARM/bin/../lib/gcc/arm-none-eabi/15.2.0/../../../../arm-none-eabi/lib/armv6k/fpu/3dsx_crt0.o

.got            0x0011bbec        0x8
 .got           0x0011bbec        0x8 C:/devkitPro/devkitARM/bin/../lib/gcc/arm-none-eabi/15.2.0/../../../../arm-none-eabi/lib/armv6k/fpu/3dsx_crt0.o

.got.plt        0x0011bbf4        0xc
 .got.plt       0x0011bbf4        0xc C:/devkitPro/devkitARM/bin/../lib/gcc/arm-none-eabi/15.2.0/../../../../arm-none-eabi/lib/armv6k/fpu/3dsx_crt0.o
                0x0011bbf4                _GLOBAL_OFFSET_TABLE_

.tdata          0x0011bc00        0x0
                0x0011bc00                        __tdata_lma = .
 *(.tdata)
 *(.tdata.*)
 *(.gnu.linkonce.td.*)
                0x0011bc00                        . = ALIGN (0x4)
                0x0011bc00                        __tdata_lma_end = .

.tbss           0x0011bc00      0xc08
 *(.tbss)
 *(.tbss.*)
 .tbss.__ctru_dev_utf16_buf
                0x0011bc00      0x802 C:/devkitPro/libctru/lib\libctru.a(path_buf.o)
                0x0011bc00                __ctru_dev_utf16_buf
 *fill*         0x0011c402        0x2 
 .tbss.__ctru_dev_path_buf
                0x0011c404      0x401 C:/devkitPro/libctru/lib\libctru.a(path_buf.o)
                0x0011c404                __ctru_dev_path_buf
 *(.gnu.linkonce.tb.*)
 *(.tcommon)
                0x0011c808                        . = ALIGN (0x4)
 *fill*         0x0011c805        0x3 

.preinit_array  0x0011bc00        0x0
                0x0011bc00                        PROVIDE (__preinit_array_start = .)
 *(.preinit_array)
                0x0011bc00                        PROVIDE (__preinit_array_end = .)

.init_array     0x0011bc00        0x4
                0x0011bc00                        PROVIDE (__init_array_start = .)
 *(SORT_BY_NAME(.init_array.*))
 *(.init_array)
 .init_array    0x0011bc00        0x4 C:/devkitPro/devkitARM/bin/../lib/gcc/arm-none-eabi/15.2.0/armv6k/fpu/crtbegin.o
                0x0011bc04                        PROVIDE (__init_array_end = .)

.fini_array     0x0011bc04        0x4
                0x0011bc04                        PROVIDE (__fini_array_start = .)
 *(.fini_array)
 .fini_array    0x0011bc04        0x4 C:/devkitPro/devkitARM/bin/../lib/gcc/arm-none-eabi/15.2.0/armv6k/fpu/crtbegin.o
 *(SORT_BY_NAME(.fini_array.*))
                0x0011bc08                        PROVIDE (__fini_array_end = .)

.ctors
 *crtbegin.o(.ctors)
 *(EXCLUDE_FILE(*crtend.o) .ctors)
 *(SORT_BY_NAME(.ctors.*))
 *(.ctors)

.dtors
 *crtbegin.o(.dtors)
 *(EXCLUDE_FILE(*crtend.o) .dtors)
 *(SORT_BY_NAME(.dtors.*))
 *(.dtors)
                0x0011bc08                        __bss_start__ = .

.bss            0x0011bc08     0x2e2c
 *(.dynbss)
 *(.bss)
 *(.bss.*)
 .bss.completed.1
                0x0011bc08        0x1 C:/devkitPro/devkitARM/bin/../lib/gcc/arm-none-eabi/15.2.0/armv6k/fpu/crtbegin.o
 *fill*         0x0011bc09        0x3 
 .bss.object.0  0x0011bc0c       0x18 C:/devkitPro/devkitARM/bin/../lib/gcc/arm-none-eabi/15.2.0/armv6k/fpu/crtbegin.o
 .bss.escapeSeq
                0x0011bc24       0x64 C:/devkitPro/libctru/lib\libctru.a(console.o)
 .bss.currentCopy
                0x0011bc88       0x48 C:/devkitPro/libctru/lib\libctru.a(console.o)
                0x0011bc88                currentCopy
 .bss.screenAlloc
                0x0011bcd0        0x4 C:/devkitPro/libctru/lib\libctru.a(gfx.o)
 .bss.screenFree
                0x0011bcd4        0x4 C:/devkitPro/libctru/lib\libctru.a(gfx.o)
 .bss.gfxIsDoubleBuf
                0x0011bcd8        0x2 C:/devkitPro/libctru/lib\libctru.a(gfx.o)
 *fill*         0x0011bcda        0x2 
 .bss.gfxCurBuf
                0x0011bcdc        0x2 C:/devkitPro/libctru/lib\libctru.a(gfx.o)
 .bss.gfxIsVram
                0x0011bcde        0x1 C:/devkitPro/libctru/lib\libctru.a(gfx.o)
 .bss.gfxTopMode
                0x0011bcdf        0x1 C:/devkitPro/libctru/lib\libctru.a(gfx.o)
 .bss.gfxFramebufferFormats
                0x0011bce0        0x2 C:/devkitPro/libctru/lib\libctru.a(gfx.o)
 *fill*         0x0011bce2        0x2 
 .bss.gfxBottomFramebufferMaxSize
                0x0011bce4        0x4 C:/devkitPro/libctru/lib\libctru.a(gfx.o)
 .bss.gfxTopFramebufferMaxSize
                0x0011bce8        0x4 C:/devkitPro/libctru/lib\libctru.a(gfx.o)
 *fill*         0x0011bcec        0x4 
 .bss.gfxBottomFramebuffers
                0x0011bcf0        0x8 C:/devkitPro/libctru/lib\libctru.a(gfx.o)
 .bss.gfxTopFramebuffers
                0x0011bcf8        0x8 C:/devkitPro/libctru/lib\libctru.a(gfx.o)
 .bss.flagValue.0
                0x0011bd00        0x1 C:/devkitPro/libctru/lib\libctru.a(apt.o)
 .bss.flagInit.1
                0x0011bd01        0x1 C:/devkitPro/libctru/lib\libctru.a(apt.o)
 *fill*         0x0011bd02        0x2 
 .bss.serviceName.6
                0x0011bd04        0x4 C:/devkitPro/libctru/lib\libctru.a(apt.o)
 .bss.aptChainloadFlags
                0x0011bd08        0x1 C:/devkitPro/libctru/lib\libctru.a(apt.o)
 .bss.aptChainloadMediatype
                0x0011bd09        0x1 C:/devkitPro/libctru/lib\libctru.a(apt.o)
 *fill*         0x0011bd0a        0x2 
 .bss.aptChainloadHmac
                0x0011bd0c       0x20 C:/devkitPro/libctru/lib\libctru.a(apt.o)
 .bss.aptChainloadDeliverArg
                0x0011bd2c      0x300 C:/devkitPro/libctru/lib\libctru.a(apt.o)
 *fill*         0x0011c02c        0x4 
 .bss.aptChainloadTid
                0x0011c030        0x8 C:/devkitPro/libctru/lib\libctru.a(apt.o)
 .bss.aptParameters
                0x0011c038     0x1000 C:/devkitPro/libctru/lib\libctru.a(apt.o)
 .bss.aptFlags  0x0011d038        0x4 C:/devkitPro/libctru/lib\libctru.a(apt.o)
 .bss.aptHomeButtonState
                0x0011d03c        0x1 C:/devkitPro/libctru/lib\libctru.a(apt.o)
 *fill*         0x0011d03d        0x3 
 .bss.aptMessageFuncData
                0x0011d040        0x4 C:/devkitPro/libctru/lib\libctru.a(apt.o)
 .bss.aptMessageFunc
                0x0011d044        0x4 C:/devkitPro/libctru/lib\libctru.a(apt.o)
 .bss.aptFirstHook
                0x0011d048        0xc C:/devkitPro/libctru/lib\libctru.a(apt.o)
 .bss.aptEventHandlerThreadQuit
                0x0011d054        0x1 C:/devkitPro/libctru/lib\libctru.a(apt.o)
 *fill*         0x0011d055        0x3 
 .bss.aptEventHandlerThread
                0x0011d058        0x4 C:/devkitPro/libctru/lib\libctru.a(apt.o)
 .bss.aptSleepEvent
                0x0011d05c        0x8 C:/devkitPro/libctru/lib\libctru.a(apt.o)
 .bss.aptReceiveEvent
                0x0011d064        0x8 C:/devkitPro/libctru/lib\libctru.a(apt.o)
 .bss.aptEvents
                0x0011d06c        0x8 C:/devkitPro/libctru/lib\libctru.a(apt.o)
 .bss.aptLockHandle
                0x0011d074        0x4 C:/devkitPro/libctru/lib\libctru.a(apt.o)
 .bss.aptRefCount
                0x0011d078        0x4 C:/devkitPro/libctru/lib\libctru.a(apt.o)
 .bss.gspEventCbOneShot
                0x0011d07c        0x7 C:/devkitPro/libctru/lib\libctru.a(gspgpu.o)
 *fill*         0x0011d083        0x1 
 .bss.gspEventCbData
                0x0011d084       0x1c C:/devkitPro/libctru/lib\libctru.a(gspgpu.o)
 .bss.gspEventCb
                0x0011d0a0       0x1c C:/devkitPro/libctru/lib\libctru.a(gspgpu.o)
 .bss.gspEvents
                0x0011d0bc       0x38 C:/devkitPro/libctru/lib\libctru.a(gspgpu.o)
 .bss.gspLastEvent
                0x0011d0f4        0x4 C:/devkitPro/libctru/lib\libctru.a(gspgpu.o)
 .bss.gspRunEvents
                0x0011d0f8        0x1 C:/devkitPro/libctru/lib\libctru.a(gspgpu.o)
 *fill*         0x0011d0f9        0x3 
 .bss.gspEventThread
                0x0011d0fc        0x4 C:/devkitPro/libctru/lib\libctru.a(gspgpu.o)
 .bss.gspEvent  0x0011d100        0x4 C:/devkitPro/libctru/lib\libctru.a(gspgpu.o)
 .bss.gspGpuRight
                0x0011d104        0x1 C:/devkitPro/libctru/lib\libctru.a(gspgpu.o)
 .bss.gspThreadId
                0x0011d105        0x1 C:/devkitPro/libctru/lib\libctru.a(gspgpu.o)
 *fill*         0x0011d106        0x2 
 .bss.gspSharedMem
                0x0011d108        0x4 C:/devkitPro/libctru/lib\libctru.a(gspgpu.o)
 .bss.gspSharedMemHandle
                0x0011d10c        0x4 C:/devkitPro/libctru/lib\libctru.a(gspgpu.o)
 .bss.gspRefCount
                0x0011d110        0x4 C:/devkitPro/libctru/lib\libctru.a(gspgpu.o)
 .bss.gspGpuHandle
                0x0011d114        0x4 C:/devkitPro/libctru/lib\libctru.a(gspgpu.o)
 .bss.usingIrrst
                0x0011d118        0x1 C:/devkitPro/libctru/lib\libctru.a(hid.o)
 *fill*         0x0011d119        0x3 
 .bss.hidRefCount
                0x0011d11c        0x4 C:/devkitPro/libctru/lib\libctru.a(hid.o)
 .bss.gRate     0x0011d120        0x6 C:/devkitPro/libctru/lib\libctru.a(hid.o)
 *fill*         0x0011d126        0x2 
 .bss.aVec      0x0011d128        0x6 C:/devkitPro/libctru/lib\libctru.a(hid.o)
 *fill*         0x0011d12e        0x2 
 .bss.cPos      0x0011d130        0x4 C:/devkitPro/libctru/lib\libctru.a(hid.o)
 .bss.tPos      0x0011d134        0x4 C:/devkitPro/libctru/lib\libctru.a(hid.o)
 .bss.kRepeat   0x0011d138        0x4 C:/devkitPro/libctru/lib\libctru.a(hid.o)
 .bss.kUp       0x0011d13c        0x4 C:/devkitPro/libctru/lib\libctru.a(hid.o)
 .bss.kDown     0x0011d140        0x4 C:/devkitPro/libctru/lib\libctru.a(hid.o)
 .bss.kHeld     0x0011d144        0x4 C:/devkitPro/libctru/lib\libctru.a(hid.o)
 .bss.kOld      0x0011d148        0x4 C:/devkitPro/libctru/lib\libctru.a(hid.o)
 .bss.hidSharedMem
                0x0011d14c        0x4 C:/devkitPro/libctru/lib\libctru.a(hid.o)
                0x0011d14c                hidSharedMem
 .bss.hidEvents
                0x0011d150       0x14 C:/devkitPro/libctru/lib\libctru.a(hid.o)
                0x0011d150                hidEvents
 .bss.hidMemHandle
                0x0011d164        0x4 C:/devkitPro/libctru/lib\libctru.a(hid.o)
                0x0011d164                hidMemHandle
 .bss.hidHandle
                0x0011d168        0x4 C:/devkitPro/libctru/lib\libctru.a(hid.o)
                0x0011d168                hidHandle
 .bss.irrstRefCount
                0x0011d16c        0x4 C:/devkitPro/libctru/lib\libctru.a(irrst.o)
 .bss.csPos     0x0011d170        0x4 C:/devkitPro/libctru/lib\libctru.a(irrst.o)
 .bss.kHeld     0x0011d174        0x4 C:/devkitPro/libctru/lib\libctru.a(irrst.o)
 .bss.irrstSharedMem
                0x0011d178        0x4 C:/devkitPro/libctru/lib\libctru.a(irrst.o)
                0x0011d178                irrstSharedMem
 .bss.irrstEvent
                0x0011d17c        0x4 C:/devkitPro/libctru/lib\libctru.a(irrst.o)
                0x0011d17c                irrstEvent
 .bss.irrstMemHandle
                0x0011d180        0x4 C:/devkitPro/libctru/lib\libctru.a(irrst.o)
                0x0011d180                irrstMemHandle
 .bss.irrstHandle
                0x0011d184        0x4 C:/devkitPro/libctru/lib\libctru.a(irrst.o)
                0x0011d184                irrstHandle
 .bss.__system_retAddr
                0x0011d188        0x4 C:/devkitPro/libctru/lib\libctru.a(ctru_init.o)
                0x0011d188                __system_retAddr
 .bss.__system_argv
                0x0011d18c        0x4 C:/devkitPro/libctru/lib\libctru.a(initArgv.o)
                0x0011d18c                __system_argv
 .bss.__system_argc
                0x0011d190        0x4 C:/devkitPro/libctru/lib\libctru.a(initArgv.o)
                0x0011d190                __system_argc
 .bss.saved_stack.42
                0x0011d194        0x8 C:/devkitPro/libctru/lib\libctru.a(stack_adjust.o)
 *fill*         0x0011d19c        0x4 
 .bss._ZL11sLinearPool
                0x0011d1a0        0x8 C:/devkitPro/libctru/lib\libctru.a(linear.o)
 .bss._ZL8sAddrMap
                0x0011d1a8        0xc C:/devkitPro/libctru/lib\libctru.a(linear.o)
 *fill*         0x0011d1b4        0x4 
 .bss._ZL10sVramPoolB
                0x0011d1b8        0x8 C:/devkitPro/libctru/lib\libctru.a(vram.o)
 .bss._ZL10sVramPoolA
                0x0011d1c0        0x8 C:/devkitPro/libctru/lib\libctru.a(vram.o)
 .bss._ZL8sAddrMap
                0x0011d1c8        0xc C:/devkitPro/libctru/lib\libctru.a(vram.o)
 .bss.__3dslink_host
                0x0011d1d4        0x4 C:/devkitPro/libctru/lib\libctru.a(3dslink.o)
                0x0011d1d4                __3dslink_host
 .bss.__ctru_speedup
                0x0011d1d8        0x1 C:/devkitPro/libctru/lib\libctru.a(os.o)
                0x0011d1d8                __ctru_speedup
 *fill*         0x0011d1d9        0x3 
 .bss.srvRefCount
                0x0011d1dc        0x4 C:/devkitPro/libctru/lib\libctru.a(srv.o)
 .bss.srvHandle
                0x0011d1e0        0x4 C:/devkitPro/libctru/lib\libctru.a(srv.o)
 .bss.arbiter   0x0011d1e4        0x4 C:/devkitPro/libctru/lib\libctru.a(synchronization.o)
 .bss.currentAddr
                0x0011d1e8        0x4 C:/devkitPro/libctru/lib\libctru.a(mappable.o)
 .bss.maxAddr   0x0011d1ec        0x4 C:/devkitPro/libctru/lib\libctru.a(mappable.o)
 .bss.minAddr   0x0011d1f0        0x4 C:/devkitPro/libctru/lib\libctru.a(mappable.o)
 .bss.ptmSysmRefCount
                0x0011d1f4        0x4 C:/devkitPro/libctru/lib\libctru.a(ptmsysm.o)
 .bss.ptmSysmHandle
                0x0011d1f8        0x4 C:/devkitPro/libctru/lib\libctru.a(ptmsysm.o)
 .bss.srvPmHandle
                0x0011d1fc        0x4 C:/devkitPro/libctru/lib\libctru.a(srvpm.o)
 .bss.__ctru_linear_heap_size
                0x0011d200        0x4 C:/devkitPro/libctru/lib\libctru.a(allocateHeaps.o)
                0x0011d200                __ctru_linear_heap_size
 .bss.__ctru_heap_size
                0x0011d204        0x4 C:/devkitPro/libctru/lib\libctru.a(allocateHeaps.o)
                0x0011d204                __ctru_heap_size
 .bss.__ctru_linear_heap
                0x0011d208        0x4 C:/devkitPro/libctru/lib\libctru.a(allocateHeaps.o)
                0x0011d208                __ctru_linear_heap
 .bss.__ctru_heap
                0x0011d20c        0x4 C:/devkitPro/libctru/lib\libctru.a(allocateHeaps.o)
                0x0011d20c                __ctru_heap
 .bss.archive_devices
                0x0011d210      0x5c0 C:/devkitPro/libctru/lib\libctru.a(archive_dev.o)
 .bss.archive_device_cwd
                0x0011d7d0        0x4 C:/devkitPro/libctru/lib\libctru.a(archive_dev.o)
 .bss.archive_initialized
                0x0011d7d4        0x1 C:/devkitPro/libctru/lib\libctru.a(archive_dev.o)
 *fill*         0x0011d7d5        0x3 
 .bss.fsExemptArchives